Archive member included to satisfy reference by file (symbol)

app/libapp.a(main.c.obj)      (--whole-archive)
zephyr/libzephyr.a(heap.c.obj)
                              (--whole-archive)
zephyr/libzephyr.a(cbprintf_packaged.c.obj)
                              (--whole-archive)
zephyr/libzephyr.a(printk.c.obj)
                              (--whole-archive)
zephyr/libzephyr.a(sem.c.obj)
                              (--whole-archive)
zephyr/libzephyr.a(thread_entry.c.obj)
                              (--whole-archive)
zephyr/libzephyr.a(cbprintf_complete.c.obj)
                              (--whole-archive)
zephyr/libzephyr.a(assert.c.obj)
                              (--whole-archive)
zephyr/libzephyr.a(mpsc_pbuf.c.obj)
                              (--whole-archive)
zephyr/libzephyr.a(dec.c.obj)
                              (--whole-archive)
zephyr/libzephyr.a(hex.c.obj)
                              (--whole-archive)
zephyr/libzephyr.a(rb.c.obj)  (--whole-archive)
zephyr/libzephyr.a(timeutil.c.obj)
                              (--whole-archive)
zephyr/libzephyr.a(bitarray.c.obj)
                              (--whole-archive)
zephyr/libzephyr.a(onoff.c.obj)
                              (--whole-archive)
zephyr/libzephyr.a(notify.c.obj)
                              (--whole-archive)
zephyr/libzephyr.a(last_section_id.c.obj)
                              (--whole-archive)
zephyr/libzephyr.a(configs.c.obj)
                              (--whole-archive)
zephyr/libzephyr.a(thread_info.c.obj)
                              (--whole-archive)
zephyr/libzephyr.a(log_core.c.obj)
                              (--whole-archive)
zephyr/libzephyr.a(log_mgmt.c.obj)
                              (--whole-archive)
zephyr/libzephyr.a(log_cache.c.obj)
                              (--whole-archive)
zephyr/libzephyr.a(log_msg.c.obj)
                              (--whole-archive)
zephyr/libzephyr.a(log_output.c.obj)
                              (--whole-archive)
zephyr/libzephyr.a(log_backend_rtt.c.obj)
                              (--whole-archive)
zephyr/libzephyr.a(log_backend_uart.c.obj)
                              (--whole-archive)
zephyr/libzephyr.a(mem_attr.c.obj)
                              (--whole-archive)
zephyr/libzephyr.a(tracing_none.c.obj)
                              (--whole-archive)
zephyr/libzephyr.a(banner.c.obj)
                              (--whole-archive)
zephyr/libzephyr.a(flash_map_partition_manager.c.obj)
                              (--whole-archive)
zephyr/arch/common/libarch__common.a(sw_isr_common.c.obj)
                              (--whole-archive)
zephyr/arch/arch/arm/core/libarch__arm__core.a(fatal.c.obj)
                              (--whole-archive)
zephyr/arch/arch/arm/core/libarch__arm__core.a(nmi.c.obj)
                              (--whole-archive)
zephyr/arch/arch/arm/core/libarch__arm__core.a(nmi_on_reset.S.obj)
                              (--whole-archive)
zephyr/arch/arch/arm/core/libarch__arm__core.a(tls.c.obj)
                              (--whole-archive)
zephyr/arch/arch/arm/core/cortex_m/libarch__arm__core__cortex_m.a(exc_exit.c.obj)
                              (--whole-archive)
zephyr/arch/arch/arm/core/cortex_m/libarch__arm__core__cortex_m.a(fault.c.obj)
                              (--whole-archive)
zephyr/arch/arch/arm/core/cortex_m/libarch__arm__core__cortex_m.a(fault_s.S.obj)
                              (--whole-archive)
zephyr/arch/arch/arm/core/cortex_m/libarch__arm__core__cortex_m.a(fpu.c.obj)
                              (--whole-archive)
zephyr/arch/arch/arm/core/cortex_m/libarch__arm__core__cortex_m.a(reset.S.obj)
                              (--whole-archive)
zephyr/arch/arch/arm/core/cortex_m/libarch__arm__core__cortex_m.a(scb.c.obj)
                              (--whole-archive)
zephyr/arch/arch/arm/core/cortex_m/libarch__arm__core__cortex_m.a(thread_abort.c.obj)
                              (--whole-archive)
zephyr/arch/arch/arm/core/cortex_m/libarch__arm__core__cortex_m.a(vector_table.S.obj)
                              (--whole-archive)
zephyr/arch/arch/arm/core/cortex_m/libarch__arm__core__cortex_m.a(swap_helper.S.obj)
                              (--whole-archive)
zephyr/arch/arch/arm/core/cortex_m/libarch__arm__core__cortex_m.a(irq_manage.c.obj)
                              (--whole-archive)
zephyr/arch/arch/arm/core/cortex_m/libarch__arm__core__cortex_m.a(prep_c.c.obj)
                              (--whole-archive)
zephyr/arch/arch/arm/core/cortex_m/libarch__arm__core__cortex_m.a(thread.c.obj)
                              (--whole-archive)
zephyr/arch/arch/arm/core/cortex_m/libarch__arm__core__cortex_m.a(cpu_idle.c.obj)
                              (--whole-archive)
zephyr/arch/arch/arm/core/cortex_m/libarch__arm__core__cortex_m.a(irq_init.c.obj)
                              (--whole-archive)
zephyr/arch/arch/arm/core/cortex_m/libarch__arm__core__cortex_m.a(isr_wrapper.c.obj)
[...]
Memory Configuration

Name             Origin             Length             Attributes
FLASH            0x0000000000000000 0x0000000000080000 xr
RAM              0x0000000020000000 0x0000000000020000 xw
IDT_LIST         0x00000000ffff7fff 0x0000000000008000 xw
*default*        0x0000000000000000 0xffffffffffffffff

Linker script and memory map

                0x0000000000006764                vfprintf = __l_vfprintf
                0x0000000000000000                vfscanf = __l_vfscanf
LOAD zephyr/CMakeFiles/zephyr_final.dir/misc/empty_file.c.obj
LOAD zephyr/CMakeFiles/zephyr_final.dir/isr_tables.c.obj
LOAD zephyr/CMakeFiles/offsets.dir/./arch/arm/core/offsets/offsets.c.obj
LOAD app/libapp.a
LOAD zephyr/libzephyr.a
LOAD zephyr/arch/common/libarch__common.a
LOAD zephyr/arch/arch/arm/core/libarch__arm__core.a
LOAD zephyr/arch/arch/arm/core/cortex_m/libarch__arm__core__cortex_m.a
LOAD zephyr/arch/arch/arm/core/mpu/libarch__arm__core__mpu.a
LOAD zephyr/lib/libc/picolibc/liblib__libc__picolibc.a
LOAD zephyr/lib/libc/common/liblib__libc__common.a
LOAD zephyr/soc/soc/nrf52833/libsoc__nordic.a
LOAD zephyr/drivers/clock_control/libdrivers__clock_control.a
LOAD zephyr/drivers/console/libdrivers__console.a
LOAD zephyr/drivers/gpio/libdrivers__gpio.a
LOAD zephyr/drivers/i2c/libdrivers__i2c.a
LOAD zephyr/drivers/pinctrl/libdrivers__pinctrl.a
LOAD zephyr/drivers/serial/libdrivers__serial.a
LOAD zephyr/drivers/timer/libdrivers__timer.a
LOAD modules/hal_nordic/modules/hal_nordic/nrfx/libmodules__hal_nordic__nrfx.a
LOAD modules/segger/libmodules__segger.a
LOAD modules/npz2100/drivers/npz2100/libnpz2100.a
LOAD zephyr/kernel/libkernel.a
LOAD zephyr/arch/common/libisr_tables.a
LOAD c:\ncs\toolchains\b8b84efebd\opt\zephyr-sdk\arm-zephyr-eabi\bin\../lib/gcc/../../picolibc/arm-zephyr-eabi/lib/thumb/v7e-m/nofp\libc.a
LOAD c:/ncs/toolchains/b8b84efebd/opt/zephyr-sdk/arm-zephyr-eabi/bin/../lib/gcc/arm-zephyr-eabi/12.2.0/thumb/v7e-m/nofp\libgcc.a
                0x0000000000000020                _region_min_align = 0x20

.rel.plt        0x0000000000000000        0x0
 *(SORT_BY_ALIGNMENT(.rel.plt))
                [!provide]                        PROVIDE (__rel_iplt_start = .)
 *(SORT_BY_ALIGNMENT(.rel.iplt))
 .rel.iplt      0x0000000000000000        0x0 zephyr/CMakeFiles/zephyr_final.dir/isr_tables.c.obj
                [!provide]                        PROVIDE (__rel_iplt_end = .)

.rela.plt       0x0000000000000000        0x0
 *(SORT_BY_ALIGNMENT(.rela.plt))
                [!provide]                        PROVIDE (__rela_iplt_start = .)
 *(SORT_BY_ALIGNMENT(.rela.iplt))
                [!provide]                        PROVIDE (__rela_iplt_end = .)

.rel.dyn
 *(SORT_BY_ALIGNMENT(.rel.*))

.rela.dyn
 *(SORT_BY_ALIGNMENT(.rela.*))

/DISCARD/
 *(SORT_BY_ALIGNMENT(.plt))

/DISCARD/
 *(SORT_BY_ALIGNMENT(.iplt))
                0x0000000000000000                __rom_region_start = 0x0

rom_start       0x0000000000000000      0x100
                0x0000000000000000                __rom_start_address = .
 FILL mask 0x00
                0x0000000000000000                . = (. + (0x0 - (. - __rom_start_address)))
                0x0000000000000000                . = ALIGN (0x4)
                0x0000000000000000                . = ALIGN (0x80)
                0x0000000000000000                . = ALIGN (0x100)
                0x0000000000000000                _vector_start = .
 *(SORT_BY_ALIGNMENT(.exc_vector_table))
 *(SORT_BY_ALIGNMENT(.exc_vector_table.*))
 .exc_vector_table._vector_table_section
                0x0000000000000000       0x40 zephyr/arch/arch/arm/core/cortex_m/libarch__arm__core__cortex_m.a(vector_table.S.obj)
                0x0000000000000000                _vector_table
 *(SORT_BY_ALIGNMENT(.vectors))
                0x0000000000000100                _vector_end = .
                0x0000000000000040                . = ALIGN (0x4)
 *(SORT_BY_ALIGNMENT(.gnu.linkonce.irq_vector_table*))
 .gnu.linkonce.irq_vector_table
                0x0000000000000040       0xc0 zephyr/CMakeFiles/zephyr_final.dir/isr_tables.c.obj
                0x0000000000000040                _irq_vector_table
                0x0000000000000100                _vector_end = .

text            0x0000000000000100     0x8be0
                0x0000000000000100                __text_region_start = .
 *(SORT_BY_ALIGNMENT(.text))
 .text          0x0000000000000100       0x30 c:/ncs/toolchains/b8b84efebd/opt/zephyr-sdk/arm-zephyr-eabi/bin/../lib/gcc/arm-zephyr-eabi/12.2.0/thumb/v7e-m/nofp\libgcc.a(_aeabi_uldivmod.o)
                0x0000000000000100                __aeabi_uldivmod
 .text          0x0000000000000130        0x4 c:/ncs/toolchains/b8b84efebd/opt/zephyr-sdk/arm-zephyr-eabi/bin/../lib/gcc/arm-zephyr-eabi/12.2.0/thumb/v7e-m/nofp\libgcc.a(_dvmd_tls.o)
                0x0000000000000130                __aeabi_idiv0
                0x0000000000000130                __aeabi_ldiv0
 .text          0x0000000000000134       0x10 c:\ncs\toolchains\b8b84efebd\opt\zephyr-sdk\arm-zephyr-eabi\bin\../lib/gcc/../../picolibc/arm-zephyr-eabi/lib/thumb/v7e-m/nofp\libc.a(strlen.S.o)
                0x0000000000000134                strlen
 .text          0x0000000000000144      0x2a0 c:/ncs/toolchains/b8b84efebd/opt/zephyr-sdk/arm-zephyr-eabi/bin/../lib/gcc/arm-zephyr-eabi/12.2.0/thumb/v7e-m/nofp\libgcc.a(_udivmoddi4.o)
                0x0000000000000144                __udivmoddi4
 *(SORT_BY_ALIGNMENT(.text.*))
 .text.main     0x00000000000003e4      0x224 app/libapp.a(main.c.obj)
                0x00000000000003e4                main
 .text.cbvprintf_package
                0x0000000000000608      0x3a4 zephyr/libzephyr.a(cbprintf_packaged.c.obj)
                0x0000000000000608                cbvprintf_package
 .text.cbprintf_package_convert
                0x00000000000009ac      0x3cc zephyr/libzephyr.a(cbprintf_packaged.c.obj)
                0x00000000000009ac                cbprintf_package_convert
 .text.__printk_hook_install
                0x0000000000000d78        0xc zephyr/libzephyr.a(printk.c.obj)
                0x0000000000000d78                __printk_hook_install
 .text.z_thread_entry
                0x0000000000000d84       0x34 zephyr/libzephyr.a(thread_entry.c.obj)
                0x0000000000000d84                z_thread_entry
 .text.process_event
                0x0000000000000db8      0x21c zephyr/libzephyr.a(onoff.c.obj)
 .text.activate_foreach_backend
                0x0000000000000fd4       0x64 zephyr/libzephyr.a(log_core.c.obj)
 .text.enable_logger
                0x0000000000001038       0x5c zephyr/libzephyr.a(log_core.c.obj)
 .text.log_process_thread_timer_expiry_fn
                0x0000000000001094        0xc zephyr/libzephyr.a(log_core.c.obj)
 .text.z_log_init
                0x00000000000010a0       0x90 zephyr/libzephyr.a(log_core.c.obj)
 .text.log_format_func_t_get
                0x0000000000001130        0xc zephyr/libzephyr.a(log_core.c.obj)
                0x0000000000001130                log_format_func_t_get
 .text.log_set_timestamp_func
                0x000000000000113c       0x20 zephyr/libzephyr.a(log_core.c.obj)
                0x000000000000113c                log_set_timestamp_func
 .text.z_log_notify_backend_enabled
                0x000000000000115c       0x1c zephyr/libzephyr.a(log_core.c.obj)
                0x000000000000115c                z_log_notify_backend_enabled
 .text.z_log_dropped
                0x0000000000001178       0x44 zephyr/libzephyr.a(log_core.c.obj)
                0x0000000000001178                z_log_dropped
 .text.z_log_dropped_read_and_clear
                0x00000000000011bc       0x20 zephyr/libzephyr.a(log_core.c.obj)
                0x00000000000011bc                z_log_dropped_read_and_clear
 .text.dropped_notify
                0x00000000000011dc       0x30 zephyr/libzephyr.a(log_core.c.obj)
                0x00000000000011dc                dropped_notify
 .text.z_log_msg_init
                0x000000000000120c       0x20 zephyr/libzephyr.a(log_core.c.obj)
                0x000000000000120c                z_log_msg_init
 .text.log_core_init
                0x000000000000122c       0x34 zephyr/libzephyr.a(log_core.c.obj)
                0x000000000000122c                log_core_init
 .text.z_log_msg_alloc
                0x0000000000001260       0x10 zephyr/libzephyr.a(log_core.c.obj)
                0x0000000000001260                z_log_msg_alloc
 .text.z_log_msg_local_claim
                0x0000000000001270        0xc zephyr/libzephyr.a(log_core.c.obj)
                0x0000000000001270                z_log_msg_local_claim
 .text.z_log_msg_free
                0x000000000000127c       0x10 zephyr/libzephyr.a(log_core.c.obj)
                0x000000000000127c                z_log_msg_free
 .text.z_log_msg_pending
                0x000000000000128c        0xc zephyr/libzephyr.a(log_core.c.obj)
                0x000000000000128c                z_log_msg_pending
 .text.z_impl_log_process
                0x0000000000001298       0xbc zephyr/libzephyr.a(log_core.c.obj)
                0x0000000000001298                z_impl_log_process
 .text.z_impl_log_panic
                0x0000000000001354       0x44 zephyr/libzephyr.a(log_core.c.obj)
                0x0000000000001354                z_impl_log_panic
 .text.log_process_thread_func
                0x0000000000001398       0xa4 zephyr/libzephyr.a(log_core.c.obj)
 .text.z_log_msg_post_finalize
                0x000000000000143c       0x78 zephyr/libzephyr.a(log_core.c.obj)
 .text.z_log_msg_commit
                0x00000000000014b4       0x24 zephyr/libzephyr.a(log_core.c.obj)
                0x00000000000014b4                z_log_msg_commit
 .text.log_source_name_get
                0x00000000000014d8       0x1c zephyr/libzephyr.a(log_mgmt.c.obj)
                0x00000000000014d8                log_source_name_get
 .text.log_backend_enable
                0x00000000000014f4       0x28 zephyr/libzephyr.a(log_mgmt.c.obj)
                0x00000000000014f4                log_backend_enable
 .text.z_impl_z_log_msg_static_create
                0x000000000000151c      0x108 zephyr/libzephyr.a(log_msg.c.obj)
                0x000000000000151c                z_impl_z_log_msg_static_create
 .text.z_log_msg_runtime_vcreate
                0x0000000000001624       0xa0 zephyr/libzephyr.a(log_msg.c.obj)
                0x0000000000001624                z_log_msg_runtime_vcreate
 .text.log_msg_get_source_id
                0x00000000000016c4       0x18 zephyr/libzephyr.a(log_msg.c.obj)
                0x00000000000016c4                log_msg_get_source_id
 .text.print_formatted
                0x00000000000016dc       0x24 zephyr/libzephyr.a(log_output.c.obj)
 .text.newline_print
                0x0000000000001700       0x1c zephyr/libzephyr.a(log_output.c.obj)
 .text.log_output_process
                0x000000000000171c      0x2d4 zephyr/libzephyr.a(log_output.c.obj)
                0x000000000000171c                log_output_process
 .text.log_output_dropped_process
                0x00000000000019f0       0x58 zephyr/libzephyr.a(log_output.c.obj)
                0x00000000000019f0                log_output_dropped_process
 .text.log_output_timestamp_freq_set
                0x0000000000001a48       0x2c zephyr/libzephyr.a(log_output.c.obj)
                0x0000000000001a48                log_output_timestamp_freq_set
 .text.log_backend_rtt_init
                0x0000000000001a74        0xc zephyr/libzephyr.a(log_backend_rtt.c.obj)
 .text.format_set
                0x0000000000001a80        0xc zephyr/libzephyr.a(log_backend_rtt.c.obj)
 .text.dropped  0x0000000000001a8c        0xc zephyr/libzephyr.a(log_backend_rtt.c.obj)
 .text.process  0x0000000000001a98       0x24 zephyr/libzephyr.a(log_backend_rtt.c.obj)
 .text.panic    0x0000000000001abc       0x34 zephyr/libzephyr.a(log_backend_rtt.c.obj)
 .text.on_failed_write
                0x0000000000001af0       0x28 zephyr/libzephyr.a(log_backend_rtt.c.obj)
 .text.data_out_block_mode
                0x0000000000001b18       0x88 zephyr/libzephyr.a(log_backend_rtt.c.obj)
 .text.char_out
                0x0000000000001ba0       0x24 zephyr/libzephyr.a(log_backend_uart.c.obj)
 .text.mem_attr_get_regions
                0x0000000000001bc4        0xc zephyr/libzephyr.a(mem_attr.c.obj)
                0x0000000000001bc4                mem_attr_get_regions
 .text.boot_banner
                0x0000000000001bd0       0x1c zephyr/libzephyr.a(banner.c.obj)
                0x0000000000001bd0                boot_banner
 .text.z_arm_fatal_error
                0x0000000000001bec       0xb8 zephyr/arch/arch/arm/core/libarch__arm__core.a(fatal.c.obj)
                0x0000000000001bec                z_arm_fatal_error
 .text.z_SysNmiOnReset
                0x0000000000001ca4        0x8 zephyr/arch/arch/arm/core/libarch__arm__core.a(nmi_on_reset.S.obj)
                0x0000000000001ca4                z_SysNmiOnReset
 .text.arch_tls_stack_setup
                0x0000000000001cac       0x40 zephyr/arch/arch/arm/core/libarch__arm__core.a(tls.c.obj)
                0x0000000000001cac                arch_tls_stack_setup
 .text._HandlerModeExit
                0x0000000000001cec       0x28 zephyr/arch/arch/arm/core/cortex_m/libarch__arm__core__cortex_m.a(exc_exit.c.obj)
                0x0000000000001cec                z_arm_int_exit
                0x0000000000001cec                z_arm_exc_exit
 .text.bus_fault.constprop.0
                0x0000000000001d14       0xd0 zephyr/arch/arch/arm/core/cortex_m/libarch__arm__core__cortex_m.a(fault.c.obj)
 .text.usage_fault.constprop.0
                0x0000000000001de4       0xa8 zephyr/arch/arch/arm/core/cortex_m/libarch__arm__core__cortex_m.a(fault.c.obj)
 .text.mem_manage_fault
                0x0000000000001e8c      0x104 zephyr/arch/arch/arm/core/cortex_m/libarch__arm__core__cortex_m.a(fault.c.obj)
 .text.z_arm_fault
                0x0000000000001f90      0x1d4 zephyr/arch/arch/arm/core/cortex_m/libarch__arm__core__cortex_m.a(fault.c.obj)
                0x0000000000001f90                z_arm_fault
 .text.z_arm_fault_init
                0x0000000000002164       0x18 zephyr/arch/arch/arm/core/cortex_m/libarch__arm__core__cortex_m.a(fault.c.obj)
                0x0000000000002164                z_arm_fault_init
 .text.__fault  0x000000000000217c       0x14 zephyr/arch/arch/arm/core/cortex_m/libarch__arm__core__cortex_m.a(fault_s.S.obj)
                0x000000000000217c                z_arm_usage_fault
                0x000000000000217c                z_arm_mpu_fault
                0x000000000000217c                z_arm_exc_spurious
                0x000000000000217c                z_arm_debug_monitor
                0x000000000000217c                z_arm_hard_fault
                0x000000000000217c                z_arm_bus_fault
 .text._reset_section
                0x0000000000002190       0x60 zephyr/arch/arch/arm/core/cortex_m/libarch__arm__core__cortex_m.a(reset.S.obj)
                0x0000000000002190                __start
                0x0000000000002190                z_arm_reset
 .text.z_arm_clear_arm_mpu_config
                0x00000000000021f0       0x24 zephyr/arch/arch/arm/core/cortex_m/libarch__arm__core__cortex_m.a(scb.c.obj)
                0x00000000000021f0                z_arm_clear_arm_mpu_config
 .text.z_arm_init_arch_hw_at_boot
                0x0000000000002214       0x64 zephyr/arch/arch/arm/core/cortex_m/libarch__arm__core__cortex_m.a(scb.c.obj)
                0x0000000000002214                z_arm_init_arch_hw_at_boot
 .text.z_impl_k_thread_abort
                0x0000000000002278       0x2c zephyr/arch/arch/arm/core/cortex_m/libarch__arm__core__cortex_m.a(thread_abort.c.obj)
                0x0000000000002278                z_impl_k_thread_abort
 .text.z_arm_pendsv
                0x00000000000022a4       0x68 zephyr/arch/arch/arm/core/cortex_m/libarch__arm__core__cortex_m.a(swap_helper.S.obj)
                0x00000000000022a4                z_arm_pendsv
 .text.z_arm_svc
                0x000000000000230c       0x24 zephyr/arch/arch/arm/core/cortex_m/libarch__arm__core__cortex_m.a(swap_helper.S.obj)
                0x000000000000230c                z_arm_svc
 .text.arch_irq_enable
                0x0000000000002330       0x1c zephyr/arch/arch/arm/core/cortex_m/libarch__arm__core__cortex_m.a(irq_manage.c.obj)
                0x0000000000002330                arch_irq_enable
 .text.arch_irq_is_enabled
                0x000000000000234c       0x1c zephyr/arch/arch/arm/core/cortex_m/libarch__arm__core__cortex_m.a(irq_manage.c.obj)
                0x000000000000234c                arch_irq_is_enabled
 .text.z_arm_irq_priority_set
                0x0000000000002368       0x30 zephyr/arch/arch/arm/core/cortex_m/libarch__arm__core__cortex_m.a(irq_manage.c.obj)
                0x0000000000002368                z_arm_irq_priority_set
 .text.z_prep_c
                0x0000000000002398       0x38 zephyr/arch/arch/arm/core/cortex_m/libarch__arm__core__cortex_m.a(prep_c.c.obj)
                0x0000000000002398                z_prep_c
 .text.arch_new_thread
                0x00000000000023d0       0x38 zephyr/arch/arch/arm/core/cortex_m/libarch__arm__core__cortex_m.a(thread.c.obj)
                0x00000000000023d0                arch_new_thread
 .text.z_check_thread_stack_fail
                0x0000000000002408       0x30 zephyr/arch/arch/arm/core/cortex_m/libarch__arm__core__cortex_m.a(thread.c.obj)
                0x0000000000002408                z_check_thread_stack_fail
 .text.arch_switch_to_main_thread
                0x0000000000002438       0x40 zephyr/arch/arch/arm/core/cortex_m/libarch__arm__core__cortex_m.a(thread.c.obj)
                0x0000000000002438                arch_switch_to_main_thread
 .text.z_arm_cpu_idle_init
                0x0000000000002478        0xc zephyr/arch/arch/arm/core/cortex_m/libarch__arm__core__cortex_m.a(cpu_idle.c.obj)
                0x0000000000002478                z_arm_cpu_idle_init
 .text.z_arm_interrupt_init
                0x0000000000002484       0x18 zephyr/arch/arch/arm/core/cortex_m/libarch__arm__core__cortex_m.a(irq_init.c.obj)
                0x0000000000002484                z_arm_interrupt_init
 .text._isr_wrapper
                0x000000000000249c       0x24 zephyr/arch/arch/arm/core/cortex_m/libarch__arm__core__cortex_m.a(isr_wrapper.c.obj)
                0x000000000000249c                _isr_wrapper
 .text.z_arm_configure_static_mpu_regions
                0x00000000000024c0       0x18 zephyr/arch/arch/arm/core/mpu/libarch__arm__core__mpu.a(arm_core_mpu.c.obj)
                0x00000000000024c0                z_arm_configure_static_mpu_regions
 .text.z_arm_configure_dynamic_mpu_regions
                0x00000000000024d8       0x24 zephyr/arch/arch/arm/core/mpu/libarch__arm__core__mpu.a(arm_core_mpu.c.obj)
                0x00000000000024d8                z_arm_configure_dynamic_mpu_regions
 .text.region_allocate_and_init
                0x00000000000024fc       0x54 zephyr/arch/arch/arm/core/mpu/libarch__arm__core__mpu.a(arm_mpu.c.obj)
 .text.mpu_configure_regions
                0x0000000000002550       0x68 zephyr/arch/arch/arm/core/mpu/libarch__arm__core__mpu.a(arm_mpu.c.obj)
 .text.arm_core_mpu_enable
                0x00000000000025b8       0x18 zephyr/arch/arch/arm/core/mpu/libarch__arm__core__mpu.a(arm_mpu.c.obj)
                0x00000000000025b8                arm_core_mpu_enable
 .text.arm_core_mpu_disable
                0x00000000000025d0       0x14 zephyr/arch/arch/arm/core/mpu/libarch__arm__core__mpu.a(arm_mpu.c.obj)
                0x00000000000025d0                arm_core_mpu_disable
 .text.arm_core_mpu_configure_static_mpu_regions
                0x00000000000025e4       0x14 zephyr/arch/arch/arm/core/mpu/libarch__arm__core__mpu.a(arm_mpu.c.obj)
                0x00000000000025e4                arm_core_mpu_configure_static_mpu_regions
 .text.arm_core_mpu_configure_dynamic_mpu_regions
                0x00000000000025f8       0x38 zephyr/arch/arch/arm/core/mpu/libarch__arm__core__mpu.a(arm_mpu.c.obj)
                0x00000000000025f8                arm_core_mpu_configure_dynamic_mpu_regions
 .text.z_arm_mpu_init
                0x0000000000002630      0x17c zephyr/arch/arch/arm/core/mpu/libarch__arm__core__mpu.a(arm_mpu.c.obj)
                0x0000000000002630                z_arm_mpu_init
 .text.cbvprintf
                0x00000000000027ac       0x38 zephyr/lib/libc/picolibc/liblib__libc__picolibc.a(cbprintf.c.obj)
                0x00000000000027ac                cbvprintf
 .text.z_impl_zephyr_fputc
                0x00000000000027e4       0x10 zephyr/lib/libc/picolibc/liblib__libc__picolibc.a(stdio.c.obj)
                0x00000000000027e4                z_impl_zephyr_fputc
 .text.__stdout_hook_install
                0x00000000000027f4       0x18 zephyr/lib/libc/picolibc/liblib__libc__picolibc.a(stdio.c.obj)
                0x00000000000027f4                __stdout_hook_install
 .text.malloc_prepare
                0x000000000000280c       0x24 zephyr/lib/libc/common/liblib__libc__common.a(malloc.c.obj)
 .text.nordicsemi_nrf52_init
                0x0000000000002830       0x18 zephyr/soc/soc/nrf52833/libsoc__nordic.a(soc.c.obj)
 .text.arch_busy_wait
                0x0000000000002848       0x14 zephyr/soc/soc/nrf52833/libsoc__nordic.a(soc.c.obj)
                0x0000000000002848                arch_busy_wait
 .text.onoff_stop
                0x000000000000285c       0x30 zephyr/drivers/clock_control/libdrivers__clock_control.a(clock_control_nrf.c.obj)
 .text.onoff_start
                0x000000000000288c       0x44 zephyr/drivers/clock_control/libdrivers__clock_control.a(clock_control_nrf.c.obj)
 .text.generic_hfclk_stop
                0x00000000000028d0       0x34 zephyr/drivers/clock_control/libdrivers__clock_control.a(clock_control_nrf.c.obj)
 .text.clk_init
                0x0000000000002904       0x58 zephyr/drivers/clock_control/libdrivers__clock_control.a(clock_control_nrf.c.obj)
 .text.api_blocking_start
                0x000000000000295c       0x34 zephyr/drivers/clock_control/libdrivers__clock_control.a(clock_control_nrf.c.obj)
 .text.clkstarted_handle.constprop.0
                0x0000000000002990       0x4c zephyr/drivers/clock_control/libdrivers__clock_control.a(clock_control_nrf.c.obj)
 .text.generic_hfclk_start
                0x00000000000029dc       0x78 zephyr/drivers/clock_control/libdrivers__clock_control.a(clock_control_nrf.c.obj)
 .text.clock_event_handler
                0x0000000000002a54       0x1c zephyr/drivers/clock_control/libdrivers__clock_control.a(clock_control_nrf.c.obj)
 .text.z_nrf_clock_control_lf_on
                0x0000000000002a70       0xfc zephyr/drivers/clock_control/libdrivers__clock_control.a(clock_control_nrf.c.obj)
                0x0000000000002a70                z_nrf_clock_control_lf_on
 .text.rtt_console_init
                0x0000000000002b6c       0x18 zephyr/drivers/console/libdrivers__console.a(rtt_console.c.obj)
 .text.rtt_console_out
                0x0000000000002b84       0x48 zephyr/drivers/console/libdrivers__console.a(rtt_console.c.obj)
 .text.uart_console_init
                0x0000000000002bcc       0x28 zephyr/drivers/console/libdrivers__console.a(uart_console.c.obj)
 .text.console_out
                0x0000000000002bf4       0x28 zephyr/drivers/console/libdrivers__console.a(uart_console.c.obj)
 .text.gpio_nrfx_pin_interrupt_configure
                0x0000000000002c1c      0x100 zephyr/drivers/gpio/libdrivers__gpio.a(gpio_nrfx.c.obj)
 .text.gpio_nrfx_init
                0x0000000000002d1c       0x48 zephyr/drivers/gpio/libdrivers__gpio.a(gpio_nrfx.c.obj)
 .text.nrfx_gpio_handler
                0x0000000000002d64       0x4c zephyr/drivers/gpio/libdrivers__gpio.a(gpio_nrfx.c.obj)
 .text.gpio_nrfx_pin_configure
                0x0000000000002db0      0x18c zephyr/drivers/gpio/libdrivers__gpio.a(gpio_nrfx.c.obj)
 .text.event_handler
                0x0000000000002f3c       0x38 zephyr/drivers/i2c/libdrivers__i2c.a(i2c_nrfx_twi.c.obj)
 .text.i2c_nrfx_twi_transfer
                0x0000000000002f74       0xc0 zephyr/drivers/i2c/libdrivers__i2c.a(i2c_nrfx_twi.c.obj)
 .text.i2c_nrfx_twi_init
                0x0000000000003034       0x60 zephyr/drivers/i2c/libdrivers__i2c.a(i2c_nrfx_twi_common.c.obj)
                0x0000000000003034                i2c_nrfx_twi_init
 .text.i2c_nrfx_twi_configure
                0x0000000000003094       0x48 zephyr/drivers/i2c/libdrivers__i2c.a(i2c_nrfx_twi_common.c.obj)
                0x0000000000003094                i2c_nrfx_twi_configure
 .text.i2c_nrfx_twi_recover_bus
                0x00000000000030dc       0x24 zephyr/drivers/i2c/libdrivers__i2c.a(i2c_nrfx_twi_common.c.obj)
                0x00000000000030dc                i2c_nrfx_twi_recover_bus
 .text.i2c_nrfx_twi_msg_transfer
                0x0000000000003100       0x90 zephyr/drivers/i2c/libdrivers__i2c.a(i2c_nrfx_twi_common.c.obj)
                0x0000000000003100                i2c_nrfx_twi_msg_transfer
 .text.nrf_gpio_pin_port_decode
                0x0000000000003190       0x20 zephyr/drivers/pinctrl/libdrivers__pinctrl.a(pinctrl_nrf.c.obj)
 .text.pinctrl_configure_pins
                0x00000000000031b0      0x170 zephyr/drivers/pinctrl/libdrivers__pinctrl.a(pinctrl_nrf.c.obj)
                0x00000000000031b0                pinctrl_configure_pins
 .text.uarte_nrfx_poll_out
                0x0000000000003320       0xb4 zephyr/drivers/serial/libdrivers__serial.a(uart_nrfx_uarte.c.obj)
 .text.uarte_0_init
                0x00000000000033d4      0x120 zephyr/drivers/serial/libdrivers__serial.a(uart_nrfx_uarte.c.obj)
 .text.compare_int_lock
                0x00000000000034f4       0x48 zephyr/drivers/timer/libdrivers__timer.a(nrf_rtc_timer.c.obj)
 .text.sys_clock_timeout_handler
                0x000000000000353c       0x48 zephyr/drivers/timer/libdrivers__timer.a(nrf_rtc_timer.c.obj)
 .text.compare_int_unlock
                0x0000000000003584       0x5c zephyr/drivers/timer/libdrivers__timer.a(nrf_rtc_timer.c.obj)
 .text.z_nrf_rtc_timer_read
                0x00000000000035e0       0x44 zephyr/drivers/timer/libdrivers__timer.a(nrf_rtc_timer.c.obj)
                0x00000000000035e0                z_nrf_rtc_timer_read
 .text.compare_set
                0x0000000000003624      0x130 zephyr/drivers/timer/libdrivers__timer.a(nrf_rtc_timer.c.obj)
 .text.sys_clock_driver_init
                0x0000000000003754       0x90 zephyr/drivers/timer/libdrivers__timer.a(nrf_rtc_timer.c.obj)
 .text.rtc_nrf_isr
                0x00000000000037e4       0xd4 zephyr/drivers/timer/libdrivers__timer.a(nrf_rtc_timer.c.obj)
                0x00000000000037e4                rtc_nrf_isr
 .text.sys_clock_set_timeout
                0x00000000000038b8       0x5c zephyr/drivers/timer/libdrivers__timer.a(nrf_rtc_timer.c.obj)
                0x00000000000038b8                sys_clock_set_timeout
 .text.sys_clock_elapsed
                0x0000000000003914       0x14 zephyr/drivers/timer/libdrivers__timer.a(nrf_rtc_timer.c.obj)
                0x0000000000003914                sys_clock_elapsed
 .text.nvmc_wait
                0x0000000000003928       0x10 modules/hal_nordic/modules/hal_nordic/nrfx/libmodules__hal_nordic__nrfx.a(system_nrf52833.c.obj)
                0x0000000000003928                nvmc_wait
 .text.SystemInit
                0x0000000000003938      0x14c modules/hal_nordic/modules/hal_nordic/nrfx/libmodules__hal_nordic__nrfx.a(system_nrf52833.c.obj)
                0x0000000000003938                SystemInit
 .text.nrfx_flag32_alloc
                0x0000000000003a84       0x48 modules/hal_nordic/modules/hal_nordic/nrfx/libmodules__hal_nordic__nrfx.a(nrfx_flag32_allocator.c.obj)
                0x0000000000003a84                nrfx_flag32_alloc
 .text.nrfx_flag32_free
                0x0000000000003acc       0x40 modules/hal_nordic/modules/hal_nordic/nrfx/libmodules__hal_nordic__nrfx.a(nrfx_flag32_allocator.c.obj)
                0x0000000000003acc                nrfx_flag32_free
 .text.nrfx_gppi_channels_enable
                0x0000000000003b0c        0xc modules/hal_nordic/modules/hal_nordic/nrfx/libmodules__hal_nordic__nrfx.a(nrfx_gppi_ppi.c.obj)
                0x0000000000003b0c                nrfx_gppi_channels_enable
 .text.nrfx_clock_init
                0x0000000000003b18       0x20 modules/hal_nordic/modules/hal_nordic/nrfx/libmodules__hal_nordic__nrfx.a(nrfx_clock.c.obj)
                0x0000000000003b18                nrfx_clock_init
 .text.nrfx_clock_enable
                0x0000000000003b38       0x24 modules/hal_nordic/modules/hal_nordic/nrfx/libmodules__hal_nordic__nrfx.a(nrfx_clock.c.obj)
                0x0000000000003b38                nrfx_clock_enable
 .text.nrfx_clock_start
                0x0000000000003b5c       0xa8 modules/hal_nordic/modules/hal_nordic/nrfx/libmodules__hal_nordic__nrfx.a(nrfx_clock.c.obj)
                0x0000000000003b5c                nrfx_clock_start
 .text.nrfx_power_clock_irq_handler
                0x0000000000003c04       0x6c modules/hal_nordic/modules/hal_nordic/nrfx/libmodules__hal_nordic__nrfx.a(nrfx_clock.c.obj)
                0x0000000000003c04                nrfx_power_clock_irq_handler
 .text.nrf_gpio_pin_port_decode
                0x0000000000003c70       0x20 modules/hal_nordic/modules/hal_nordic/nrfx/libmodules__hal_nordic__nrfx.a(nrfx_gpiote.c.obj)
 .text.get_pin_idx
                0x0000000000003c90       0x14 modules/hal_nordic/modules/hal_nordic/nrfx/libmodules__hal_nordic__nrfx.a(nrfx_gpiote.c.obj)
 .text.call_handler.constprop.0
                0x0000000000003ca4       0x40 modules/hal_nordic/modules/hal_nordic/nrfx/libmodules__hal_nordic__nrfx.a(nrfx_gpiote.c.obj)
 .text.pin_te_get.constprop.0
                0x0000000000003ce4       0x18 modules/hal_nordic/modules/hal_nordic/nrfx/libmodules__hal_nordic__nrfx.a(nrfx_gpiote.c.obj)
 .text.pin_is_output.constprop.0
                0x0000000000003cfc       0x18 modules/hal_nordic/modules/hal_nordic/nrfx/libmodules__hal_nordic__nrfx.a(nrfx_gpiote.c.obj)
 .text.pin_in_use_by_te.constprop.0
                0x0000000000003d14       0x18 modules/hal_nordic/modules/hal_nordic/nrfx/libmodules__hal_nordic__nrfx.a(nrfx_gpiote.c.obj)
 .text.latch_pending_read_and_check
                0x0000000000003d2c       0x40 modules/hal_nordic/modules/hal_nordic/nrfx/libmodules__hal_nordic__nrfx.a(nrfx_gpiote.c.obj)
 .text.release_handler.isra.0
                0x0000000000003d6c       0x58 modules/hal_nordic/modules/hal_nordic/nrfx/libmodules__hal_nordic__nrfx.a(nrfx_gpiote.c.obj)
 .text.__nrfy_internal_gpiote_events_process.constprop.0
                0x0000000000003dc4       0x5c modules/hal_nordic/modules/hal_nordic/nrfx/libmodules__hal_nordic__nrfx.a(nrfx_gpiote.c.obj)
 .text.pin_uninit
                0x0000000000003e20       0x80 modules/hal_nordic/modules/hal_nordic/nrfx/libmodules__hal_nordic__nrfx.a(nrfx_gpiote.c.obj)
 .text.nrfx_gpiote_input_configure
                0x0000000000003ea0      0x174 modules/hal_nordic/modules/hal_nordic/nrfx/libmodules__hal_nordic__nrfx.a(nrfx_gpiote.c.obj)
                0x0000000000003ea0                nrfx_gpiote_input_configure
 .text.nrfx_gpiote_output_configure
                0x0000000000004014       0xfc modules/hal_nordic/modules/hal_nordic/nrfx/libmodules__hal_nordic__nrfx.a(nrfx_gpiote.c.obj)
                0x0000000000004014                nrfx_gpiote_output_configure
 .text.nrfx_gpiote_global_callback_set
                0x0000000000004110        0xc modules/hal_nordic/modules/hal_nordic/nrfx/libmodules__hal_nordic__nrfx.a(nrfx_gpiote.c.obj)
                0x0000000000004110                nrfx_gpiote_global_callback_set
 .text.nrfx_gpiote_channel_get
                0x000000000000411c       0x34 modules/hal_nordic/modules/hal_nordic/nrfx/libmodules__hal_nordic__nrfx.a(nrfx_gpiote.c.obj)
                0x000000000000411c                nrfx_gpiote_channel_get
 .text.nrfx_gpiote_init
                0x0000000000004150       0x68 modules/hal_nordic/modules/hal_nordic/nrfx/libmodules__hal_nordic__nrfx.a(nrfx_gpiote.c.obj)
                0x0000000000004150                nrfx_gpiote_init
 .text.nrfx_gpiote_init_check
                0x00000000000041b8       0x14 modules/hal_nordic/modules/hal_nordic/nrfx/libmodules__hal_nordic__nrfx.a(nrfx_gpiote.c.obj)
                0x00000000000041b8                nrfx_gpiote_init_check
 .text.nrfx_gpiote_channel_free
                0x00000000000041cc        0xc modules/hal_nordic/modules/hal_nordic/nrfx/libmodules__hal_nordic__nrfx.a(nrfx_gpiote.c.obj)
                0x00000000000041cc                nrfx_gpiote_channel_free
 .text.nrfx_gpiote_channel_alloc
                0x00000000000041d8        0xc modules/hal_nordic/modules/hal_nordic/nrfx/libmodules__hal_nordic__nrfx.a(nrfx_gpiote.c.obj)
                0x00000000000041d8                nrfx_gpiote_channel_alloc
 .text.nrfx_gpiote_trigger_enable
                0x00000000000041e4       0xb0 modules/hal_nordic/modules/hal_nordic/nrfx/libmodules__hal_nordic__nrfx.a(nrfx_gpiote.c.obj)
                0x00000000000041e4                nrfx_gpiote_trigger_enable
 .text.nrfx_gpiote_0_irq_handler
                0x0000000000004294      0x1bc modules/hal_nordic/modules/hal_nordic/nrfx/libmodules__hal_nordic__nrfx.a(nrfx_gpiote.c.obj)
                0x0000000000004294                nrfx_gpiote_0_irq_handler
 .text.nrfx_ppi_channel_alloc
                0x0000000000004450        0xc modules/hal_nordic/modules/hal_nordic/nrfx/libmodules__hal_nordic__nrfx.a(nrfx_ppi.c.obj)
                0x0000000000004450                nrfx_ppi_channel_alloc
 .text.nrf_gpio_cfg.constprop.0
                0x000000000000445c       0x48 modules/hal_nordic/modules/hal_nordic/nrfx/libmodules__hal_nordic__nrfx.a(nrfx_twi.c.obj)
 .text.twi_configure
                0x00000000000044a4       0x3c modules/hal_nordic/modules/hal_nordic/nrfx/libmodules__hal_nordic__nrfx.a(nrfx_twi.c.obj)
 .text.twi_tx_start_transfer
                0x00000000000044e0      0x104 modules/hal_nordic/modules/hal_nordic/nrfx/libmodules__hal_nordic__nrfx.a(nrfx_twi.c.obj)
 .text.twi_rx_start_transfer
                0x00000000000045e4       0xe4 modules/hal_nordic/modules/hal_nordic/nrfx/libmodules__hal_nordic__nrfx.a(nrfx_twi.c.obj)
 .text.nrfx_twi_init
                0x00000000000046c8       0x88 modules/hal_nordic/modules/hal_nordic/nrfx/libmodules__hal_nordic__nrfx.a(nrfx_twi.c.obj)
                0x00000000000046c8                nrfx_twi_init
 .text.nrfx_twi_enable
                0x0000000000004750       0x20 modules/hal_nordic/modules/hal_nordic/nrfx/libmodules__hal_nordic__nrfx.a(nrfx_twi.c.obj)
                0x0000000000004750                nrfx_twi_enable
 .text.nrfx_twi_disable
                0x0000000000004770       0x38 modules/hal_nordic/modules/hal_nordic/nrfx/libmodules__hal_nordic__nrfx.a(nrfx_twi.c.obj)
                0x0000000000004770                nrfx_twi_disable
 .text.nrfx_twi_xfer
                0x00000000000047a8       0xdc modules/hal_nordic/modules/hal_nordic/nrfx/libmodules__hal_nordic__nrfx.a(nrfx_twi.c.obj)
                0x00000000000047a8                nrfx_twi_xfer
 .text.nrfx_twi_0_irq_handler
                0x0000000000004884       0xd8 modules/hal_nordic/modules/hal_nordic/nrfx/libmodules__hal_nordic__nrfx.a(nrfx_twi.c.obj)
                0x0000000000004884                nrfx_twi_0_irq_handler
 .text.nrf_gpio_pin_port_decode
                0x000000000000495c       0x20 modules/hal_nordic/modules/hal_nordic/nrfx/libmodules__hal_nordic__nrfx.a(nrfx_twi_twim.c.obj)
 .text.nrfx_twi_twim_bus_recover
                0x000000000000497c       0xdc modules/hal_nordic/modules/hal_nordic/nrfx/libmodules__hal_nordic__nrfx.a(nrfx_twi_twim.c.obj)
                0x000000000000497c                nrfx_twi_twim_bus_recover
 .text._DoInit  0x0000000000004a58       0x60 modules/segger/libmodules__segger.a(SEGGER_RTT.c.obj)
 .text.SEGGER_RTT_WriteSkipNoLock
                0x0000000000004ab8       0x88 modules/segger/libmodules__segger.a(SEGGER_RTT.c.obj)
                0x0000000000004ab8                SEGGER_RTT_WriteSkipNoLock
 .text.SEGGER_RTT_WriteNoLock
                0x0000000000004b40       0x58 modules/segger/libmodules__segger.a(SEGGER_RTT.c.obj)
                0x0000000000004b40                SEGGER_RTT_WriteNoLock
 .text.SEGGER_RTT_Write
                0x0000000000004b98       0x34 modules/segger/libmodules__segger.a(SEGGER_RTT.c.obj)
                0x0000000000004b98                SEGGER_RTT_Write
 .text.SEGGER_RTT_HasDataUp
                0x0000000000004bcc       0x14 modules/segger/libmodules__segger.a(SEGGER_RTT.c.obj)
                0x0000000000004bcc                SEGGER_RTT_HasDataUp
 .text.SEGGER_RTT_Init
                0x0000000000004be0       0x2c modules/segger/libmodules__segger.a(SEGGER_RTT.c.obj)
                0x0000000000004be0                SEGGER_RTT_Init
 .text.npz2100_map_apply
                0x0000000000004c0c       0x2c modules/npz2100/drivers/npz2100/libnpz2100.a(npz2100_mid.c.obj)
                0x0000000000004c0c                npz2100_map_apply
 .text.npz2100_map_diff_count
                0x0000000000004c38       0x3c modules/npz2100/drivers/npz2100/libnpz2100.a(npz2100_mid.c.obj)
                0x0000000000004c38                npz2100_map_diff_count
 .text.npz2100_map_validate
                0x0000000000004c74       0x18 modules/npz2100/drivers/npz2100/libnpz2100.a(npz2100_mid.c.obj)
                0x0000000000004c74                npz2100_map_validate
 .text.npz2100_periph_apply
                0x0000000000004c8c       0x98 modules/npz2100/drivers/npz2100/libnpz2100.a(npz2100_mid.c.obj)
                0x0000000000004c8c                npz2100_periph_apply
 .text.err_to_zephyr
                0x0000000000004d24       0x18 modules/npz2100/drivers/npz2100/libnpz2100.a(npz2100_zephyr.c.obj)
 .text.zephyr_i2c_read
                0x0000000000004d3c       0x74 modules/npz2100/drivers/npz2100/libnpz2100.a(npz2100_zephyr.c.obj)
 .text.zephyr_i2c_write
                0x0000000000004db0       0x64 modules/npz2100/drivers/npz2100/libnpz2100.a(npz2100_zephyr.c.obj)
 .text.npz2100_init
                0x0000000000004e14      0x100 modules/npz2100/drivers/npz2100/libnpz2100.a(npz2100_zephyr.c.obj)
 .text.npz2100_boot_status
                0x0000000000004f14      0x254 modules/npz2100/drivers/npz2100/libnpz2100.a(npz2100_zephyr.c.obj)
                0x0000000000004f14                npz2100_boot_status
 .text.npz2100_readback
                0x0000000000005168       0x48 modules/npz2100/drivers/npz2100/libnpz2100.a(npz2100_zephyr.c.obj)
                0x0000000000005168                npz2100_readback
 .text.npz2100_apply_regmap
                0x00000000000051b0       0xb0 modules/npz2100/drivers/npz2100/libnpz2100.a(npz2100_zephyr.c.obj)
                0x00000000000051b0                npz2100_apply_regmap
 .text.npz2100_shadow_flush
                0x0000000000005260      0x254 modules/npz2100/drivers/npz2100/libnpz2100.a(npz2100_zephyr.c.obj)
                0x0000000000005260                npz2100_shadow_flush
 .text.npz2100_enter_idle
                0x00000000000054b4       0x40 modules/npz2100/drivers/npz2100/libnpz2100.a(npz2100_zephyr.c.obj)
                0x00000000000054b4                npz2100_enter_idle
 .text.k_sys_fatal_error_handler
                0x00000000000054f4       0x20 zephyr/kernel/libkernel.a(fatal.c.obj)
                0x00000000000054f4                k_sys_fatal_error_handler
 .text.z_fatal_error
                0x0000000000005514       0xe8 zephyr/kernel/libkernel.a(fatal.c.obj)
                0x0000000000005514                z_fatal_error
 .text.z_sys_init_run_level
                0x00000000000055fc       0x2c zephyr/kernel/libkernel.a(init.c.obj)
 .text.bg_thread_main
                0x0000000000005628       0xc4 zephyr/kernel/libkernel.a(init.c.obj)
 .text.z_bss_zero
                0x00000000000056ec       0x18 zephyr/kernel/libkernel.a(init.c.obj)
                0x00000000000056ec                z_bss_zero
 .text.z_init_cpu
                0x0000000000005704       0x78 zephyr/kernel/libkernel.a(init.c.obj)
                0x0000000000005704                z_init_cpu
 .text.z_cstart
                0x000000000000577c       0xe0 zephyr/kernel/libkernel.a(init.c.obj)
                0x000000000000577c                z_cstart
 .text.z_impl_k_mutex_lock
                0x000000000000585c       0xf0 zephyr/kernel/libkernel.a(mutex.c.obj)
                0x000000000000585c                z_impl_k_mutex_lock
 .text.z_impl_k_mutex_unlock
                0x000000000000594c       0xa0 zephyr/kernel/libkernel.a(mutex.c.obj)
                0x000000000000594c                z_impl_k_mutex_unlock
 .text.z_impl_k_sem_give
                0x00000000000059ec       0x68 zephyr/kernel/libkernel.a(sem.c.obj)
                0x00000000000059ec                z_impl_k_sem_give
 .text.z_impl_k_sem_take
                0x0000000000005a54       0x4c zephyr/kernel/libkernel.a(sem.c.obj)
                0x0000000000005a54                z_impl_k_sem_take
 .text.z_impl_k_thread_name_set
                0x0000000000005aa0       0x20 zephyr/kernel/libkernel.a(thread.c.obj)
                0x0000000000005aa0                z_impl_k_thread_name_set
 .text.z_setup_new_thread
                0x0000000000005ac0       0xec zephyr/kernel/libkernel.a(thread.c.obj)
                0x0000000000005ac0                z_setup_new_thread
 .text.z_impl_k_thread_create
                0x0000000000005bac       0x58 zephyr/kernel/libkernel.a(thread.c.obj)
                0x0000000000005bac                z_impl_k_thread_create
 .text.z_swap_irqlock
                0x0000000000005c04       0x34 zephyr/kernel/libkernel.a(sched.c.obj)
 .text.ready_thread
                0x0000000000005c38       0x90 zephyr/kernel/libkernel.a(sched.c.obj)
 .text.unready_thread
                0x0000000000005cc8       0x54 zephyr/kernel/libkernel.a(sched.c.obj)
 .text.move_thread_to_end_of_prio_q
                0x0000000000005d1c       0x90 zephyr/kernel/libkernel.a(sched.c.obj)
                0x0000000000005d1c                move_thread_to_end_of_prio_q
 .text.z_pend_curr
                0x0000000000005dac       0x58 zephyr/kernel/libkernel.a(sched.c.obj)
                0x0000000000005dac                z_pend_curr
 .text.z_thread_prio_set
                0x0000000000005e04       0x9c zephyr/kernel/libkernel.a(sched.c.obj)
                0x0000000000005e04                z_thread_prio_set
 .text.z_reschedule
                0x0000000000005ea0       0x24 zephyr/kernel/libkernel.a(sched.c.obj)
                0x0000000000005ea0                z_reschedule
 .text.z_reschedule_irqlock
                0x0000000000005ec4       0x28 zephyr/kernel/libkernel.a(sched.c.obj)
                0x0000000000005ec4                z_reschedule_irqlock
 .text.k_sched_lock
                0x0000000000005eec       0x28 zephyr/kernel/libkernel.a(sched.c.obj)
                0x0000000000005eec                k_sched_lock
 .text.k_sched_unlock
                0x0000000000005f14       0x68 zephyr/kernel/libkernel.a(sched.c.obj)
                0x0000000000005f14                k_sched_unlock
 .text.z_sched_init
                0x0000000000005f7c       0x10 zephyr/kernel/libkernel.a(sched.c.obj)
                0x0000000000005f7c                z_sched_init
 .text.z_impl_k_yield
                0x0000000000005f8c       0x88 zephyr/kernel/libkernel.a(sched.c.obj)
                0x0000000000005f8c                z_impl_k_yield
 .text.z_tick_sleep
                0x0000000000006014       0x80 zephyr/kernel/libkernel.a(sched.c.obj)
 .text.z_impl_k_wakeup
                0x0000000000006094       0x4c zephyr/kernel/libkernel.a(sched.c.obj)
                0x0000000000006094                z_impl_k_wakeup
 .text.z_impl_k_sched_current_thread_query
                0x00000000000060e0        0xc zephyr/kernel/libkernel.a(sched.c.obj)
                0x00000000000060e0                z_impl_k_sched_current_thread_query
 .text.z_thread_abort
                0x00000000000060ec      0x118 zephyr/kernel/libkernel.a(sched.c.obj)
                0x00000000000060ec                z_thread_abort
 .text.slice_timeout
                0x0000000000006204       0x20 zephyr/kernel/libkernel.a(timeslicing.c.obj)
 .text.thread_is_sliceable
                0x0000000000006224       0x3c zephyr/kernel/libkernel.a(timeslicing.c.obj)
                0x0000000000006224                thread_is_sliceable
 .text.z_reset_time_slice
                0x0000000000006260       0x50 zephyr/kernel/libkernel.a(timeslicing.c.obj)
                0x0000000000006260                z_reset_time_slice
 .text.z_time_slice
                0x00000000000062b0       0x60 zephyr/kernel/libkernel.a(timeslicing.c.obj)
                0x00000000000062b0                z_time_slice
 .text.z_thread_monitor_exit
                0x0000000000006310       0x3c zephyr/kernel/libkernel.a(thread_monitor.c.obj)
                0x0000000000006310                z_thread_monitor_exit
 .text.z_data_copy
                0x000000000000634c       0x38 zephyr/kernel/libkernel.a(xip.c.obj)
                0x000000000000634c                z_data_copy
 .text.first    0x0000000000006384       0x10 zephyr/kernel/libkernel.a(timeout.c.obj)
 .text.elapsed  0x0000000000006394       0x14 zephyr/kernel/libkernel.a(timeout.c.obj)
 .text.remove_timeout
                0x00000000000063a8       0x38 zephyr/kernel/libkernel.a(timeout.c.obj)
 .text.z_add_timeout
                0x00000000000063e0       0xec zephyr/kernel/libkernel.a(timeout.c.obj)
                0x00000000000063e0                z_add_timeout
 .text.sys_clock_announce
                0x00000000000064cc       0xbc zephyr/kernel/libkernel.a(timeout.c.obj)
                0x00000000000064cc                sys_clock_announce
 .text.sys_clock_tick_get
                0x0000000000006588       0x30 zephyr/kernel/libkernel.a(timeout.c.obj)
                0x0000000000006588                sys_clock_tick_get
 .text.z_timer_expiration_handler
                0x00000000000065b8       0xe0 zephyr/kernel/libkernel.a(timer.c.obj)
                0x00000000000065b8                z_timer_expiration_handler
 .text.z_impl_k_timer_start
                0x0000000000006698       0x74 zephyr/kernel/libkernel.a(timer.c.obj)
                0x0000000000006698                z_impl_k_timer_start
 .text.snprintf
                0x000000000000670c       0x58 c:\ncs\toolchains\b8b84efebd\opt\zephyr-sdk\arm-zephyr-eabi\bin\../lib/gcc/../../picolibc/arm-zephyr-eabi/lib/thumb/v7e-m/nofp\libc.a(libc_tinystdio_snprintf.c.o)
                0x000000000000670c                snprintf
 .text.__l_vfprintf
                0x0000000000006764      0x4b8 c:\ncs\toolchains\b8b84efebd\opt\zephyr-sdk\arm-zephyr-eabi\bin\../lib/gcc/../../picolibc/arm-zephyr-eabi/lib/thumb/v7e-m/nofp\libc.a(libc_tinystdio_vflprintf.c.o)
                0x0000000000006764                __l_vfprintf
 .text._OffsetAbsSyms
                0x0000000000006c1c        0x2 zephyr/CMakeFiles/offsets.dir/./arch/arm/core/offsets/offsets.c.obj
                0x0000000000006c1c                _OffsetAbsSyms
 .text.k_msleep.isra.0
                0x0000000000006c1e       0x20 app/libapp.a(main.c.obj)
 .text.chunk_field
                0x0000000000006c3e       0x16 zephyr/libzephyr.a(heap.c.obj)
 .text.chunk_set
                0x0000000000006c54       0x16 zephyr/libzephyr.a(heap.c.obj)
 .text.chunk_size
                0x0000000000006c6a        0xc zephyr/libzephyr.a(heap.c.obj)
 .text.set_chunk_used
                0x0000000000006c76       0x30 zephyr/libzephyr.a(heap.c.obj)
 .text.set_chunk_size
                0x0000000000006ca6        0x8 zephyr/libzephyr.a(heap.c.obj)
 .text.bucket_idx.isra.0
                0x0000000000006cae       0x1c zephyr/libzephyr.a(heap.c.obj)
 .text.free_list_add
                0x0000000000006cca       0x84 zephyr/libzephyr.a(heap.c.obj)
 .text.sys_heap_init
                0x0000000000006d4e       0xb0 zephyr/libzephyr.a(heap.c.obj)
                0x0000000000006d4e                sys_heap_init
 .text.cbpprintf_external
                0x0000000000006dfe       0x62 zephyr/libzephyr.a(cbprintf_packaged.c.obj)
                0x0000000000006dfe                cbpprintf_external
 .text.is_ptr   0x0000000000006e60       0x4a zephyr/libzephyr.a(cbprintf_packaged.c.obj)
                0x0000000000006e60                is_ptr
 .text.arch_printk_char_out
                0x0000000000006eaa        0x4 zephyr/libzephyr.a(printk.c.obj)
                0x0000000000006eaa                arch_printk_char_out
 .text.printk   0x0000000000006eae       0x1a zephyr/libzephyr.a(printk.c.obj)
                0x0000000000006eae                printk
 .text.free_space
                0x0000000000006ec8       0x26 zephyr/libzephyr.a(mpsc_pbuf.c.obj)
 .text.get_usage
                0x0000000000006eee       0x22 zephyr/libzephyr.a(mpsc_pbuf.c.obj)
 .text.idx_inc  0x0000000000006f10       0x1c zephyr/libzephyr.a(mpsc_pbuf.c.obj)
 .text.rd_idx_inc
                0x0000000000006f2c       0x18 zephyr/libzephyr.a(mpsc_pbuf.c.obj)
 .text.add_skip_item
                0x0000000000006f44       0x3a zephyr/libzephyr.a(mpsc_pbuf.c.obj)
 .text.drop_item_locked
                0x0000000000006f7e       0xee zephyr/libzephyr.a(mpsc_pbuf.c.obj)
 .text.post_drop_action
                0x000000000000706c       0x36 zephyr/libzephyr.a(mpsc_pbuf.c.obj)
 .text.max_utilization_update
                0x00000000000070a2       0x1a zephyr/libzephyr.a(mpsc_pbuf.c.obj)
 .text.mpsc_pbuf_init
                0x00000000000070bc       0x42 zephyr/libzephyr.a(mpsc_pbuf.c.obj)
                0x00000000000070bc                mpsc_pbuf_init
 .text.mpsc_pbuf_alloc
                0x00000000000070fe       0xfe zephyr/libzephyr.a(mpsc_pbuf.c.obj)
                0x00000000000070fe                mpsc_pbuf_alloc
 .text.mpsc_pbuf_commit
                0x00000000000071fc       0x3e zephyr/libzephyr.a(mpsc_pbuf.c.obj)
                0x00000000000071fc                mpsc_pbuf_commit
 .text.mpsc_pbuf_claim
                0x000000000000723a       0xa8 zephyr/libzephyr.a(mpsc_pbuf.c.obj)
                0x000000000000723a                mpsc_pbuf_claim
 .text.mpsc_pbuf_free
                0x00000000000072e2       0x76 zephyr/libzephyr.a(mpsc_pbuf.c.obj)
                0x00000000000072e2                mpsc_pbuf_free
 .text.mpsc_pbuf_is_pending
                0x0000000000007358       0x32 zephyr/libzephyr.a(mpsc_pbuf.c.obj)
                0x0000000000007358                mpsc_pbuf_is_pending
 .text.process_recheck
                0x000000000000738a       0x38 zephyr/libzephyr.a(onoff.c.obj)
 .text.validate_args
                0x00000000000073c2       0x20 zephyr/libzephyr.a(onoff.c.obj)
 .text.notify_one
                0x00000000000073e2       0x2c zephyr/libzephyr.a(onoff.c.obj)
 .text.transition_complete
                0x000000000000740e       0x1a zephyr/libzephyr.a(onoff.c.obj)
 .text.onoff_manager_init
                0x0000000000007428       0x26 zephyr/libzephyr.a(onoff.c.obj)
                0x0000000000007428                onoff_manager_init
 .text.onoff_request
                0x000000000000744e       0xae zephyr/libzephyr.a(onoff.c.obj)
                0x000000000000744e                onoff_request
 .text.sys_notify_validate
                0x00000000000074fc       0x22 zephyr/libzephyr.a(notify.c.obj)
                0x00000000000074fc                sys_notify_validate
 .text.sys_notify_finalize
                0x000000000000751e       0x1a zephyr/libzephyr.a(notify.c.obj)
                0x000000000000751e                sys_notify_finalize
 .text._ConfigAbsSyms
                0x0000000000007538        0x2 zephyr/libzephyr.a(configs.c.obj)
                0x0000000000007538                _ConfigAbsSyms
 .text.log_msg_generic_get_wlen
                0x000000000000753a       0x20 zephyr/libzephyr.a(log_core.c.obj)
 .text.dummy_timestamp
                0x000000000000755a        0x4 zephyr/libzephyr.a(log_core.c.obj)
 .text.default_get_timestamp
                0x000000000000755e        0x4 zephyr/libzephyr.a(log_core.c.obj)
 .text.atomic_inc
                0x0000000000007562       0x1a zephyr/libzephyr.a(log_core.c.obj)
 .text.z_log_vprintk
                0x000000000000757c       0x1c zephyr/libzephyr.a(log_core.c.obj)
                0x000000000000757c                z_log_vprintk
 .text.z_log_notify_drop
                0x0000000000007598        0x6 zephyr/libzephyr.a(log_core.c.obj)
 .text.z_log_get_tag
                0x000000000000759e        0x4 zephyr/libzephyr.a(log_core.c.obj)
                0x000000000000759e                z_log_get_tag
 .text.z_cbprintf_cpy
                0x00000000000075a2       0x2c zephyr/libzephyr.a(log_msg.c.obj)
 .text.z_log_msg_finalize
                0x00000000000075ce       0x32 zephyr/libzephyr.a(log_msg.c.obj)
                0x00000000000075ce                z_log_msg_finalize
 .text.z_log_msg_simple_create
                0x0000000000007600       0x6e zephyr/libzephyr.a(log_msg.c.obj)
 .text.z_impl_z_log_msg_simple_create_0
                0x000000000000766e       0x12 zephyr/libzephyr.a(log_msg.c.obj)
                0x000000000000766e                z_impl_z_log_msg_simple_create_0
 .text.z_impl_z_log_msg_simple_create_1
                0x0000000000007680       0x14 zephyr/libzephyr.a(log_msg.c.obj)
                0x0000000000007680                z_impl_z_log_msg_simple_create_1
 .text.z_impl_z_log_msg_simple_create_2
                0x0000000000007694       0x18 zephyr/libzephyr.a(log_msg.c.obj)
                0x0000000000007694                z_impl_z_log_msg_simple_create_2
 .text.log_output_write
                0x00000000000076ac       0x1c zephyr/libzephyr.a(log_output.c.obj)
 .text.log_output_flush
                0x00000000000076c8       0x1a zephyr/libzephyr.a(log_output.c.obj)
 .text.out_func
                0x00000000000076e2       0x36 zephyr/libzephyr.a(log_output.c.obj)
 .text.cr_out_func
                0x0000000000007718       0x1c zephyr/libzephyr.a(log_output.c.obj)
 .text.log_output_msg_process
                0x0000000000007734       0x6a zephyr/libzephyr.a(log_output.c.obj)
                0x0000000000007734                log_output_msg_process
 .text.format_set
                0x000000000000779e        0xc zephyr/libzephyr.a(log_backend_uart.c.obj)
 .text.log_backend_uart_init
                0x00000000000077aa        0xc zephyr/libzephyr.a(log_backend_uart.c.obj)
 .text.panic    0x00000000000077b6       0x32 zephyr/libzephyr.a(log_backend_uart.c.obj)
 .text.dropped  0x00000000000077e8        0xa zephyr/libzephyr.a(log_backend_uart.c.obj)
 .text.process  0x00000000000077f2       0x1e zephyr/libzephyr.a(log_backend_uart.c.obj)
 .text.z_do_kernel_oops
                0x0000000000007810        0x8 zephyr/arch/arch/arm/core/libarch__arm__core.a(fatal.c.obj)
                0x0000000000007810                z_do_kernel_oops
 .text.z_arm_nmi
                0x0000000000007818        0xe zephyr/arch/arch/arm/core/libarch__arm__core.a(nmi.c.obj)
                0x0000000000007818                z_arm_nmi
 .text.z_log_msg_simple_create_0.constprop.0
                0x0000000000007826        0x8 zephyr/arch/arch/arm/core/cortex_m/libarch__arm__core__cortex_m.a(fault.c.obj)
 .text.z_irq_spurious
                0x000000000000782e        0x8 zephyr/arch/arch/arm/core/cortex_m/libarch__arm__core__cortex_m.a(irq_manage.c.obj)
                0x000000000000782e                z_irq_spurious
 .text.arch_irq_unlock_outlined
                0x0000000000007836        0xe zephyr/arch/arch/arm/core/cortex_m/libarch__arm__core__cortex_m.a(thread.c.obj)
                0x0000000000007836                arch_irq_unlock_outlined
 .text.arch_cpu_idle
                0x0000000000007844       0x1a zephyr/arch/arch/arm/core/cortex_m/libarch__arm__core__cortex_m.a(cpu_idle.c.obj)
                0x0000000000007844                arch_cpu_idle
 .text.arch_cpu_atomic_idle
                0x000000000000785e       0x1e zephyr/arch/arch/arm/core/cortex_m/libarch__arm__core__cortex_m.a(cpu_idle.c.obj)
                0x000000000000785e                arch_cpu_atomic_idle
 .text.size_to_mpu_rasr_size
                0x000000000000787c       0x20 zephyr/arch/arch/arm/core/mpu/libarch__arm__core__mpu.a(arm_mpu.c.obj)
 .text.cbputc   0x000000000000789c        0xc zephyr/lib/libc/picolibc/liblib__libc__picolibc.a(cbprintf.c.obj)
 .text.picolibc_put
                0x00000000000078a8        0xa zephyr/lib/libc/picolibc/liblib__libc__picolibc.a(stdio.c.obj)
 .text.get_status
                0x00000000000078b2       0x12 zephyr/drivers/clock_control/libdrivers__clock_control.a(clock_control_nrf.c.obj)
 .text.stop     0x00000000000078c4       0x50 zephyr/drivers/clock_control/libdrivers__clock_control.a(clock_control_nrf.c.obj)
 .text.api_stop
                0x0000000000007914        0x6 zephyr/drivers/clock_control/libdrivers__clock_control.a(clock_control_nrf.c.obj)
 .text.async_start
                0x000000000000791a       0x5a zephyr/drivers/clock_control/libdrivers__clock_control.a(clock_control_nrf.c.obj)
 .text.api_start
                0x0000000000007974        0xe zephyr/drivers/clock_control/libdrivers__clock_control.a(clock_control_nrf.c.obj)
 .text.onoff_started_callback
                0x0000000000007982       0x12 zephyr/drivers/clock_control/libdrivers__clock_control.a(clock_control_nrf.c.obj)
 .text.lfclk_start
                0x0000000000007994        0x6 zephyr/drivers/clock_control/libdrivers__clock_control.a(clock_control_nrf.c.obj)
 .text.lfclk_stop
                0x000000000000799a        0x6 zephyr/drivers/clock_control/libdrivers__clock_control.a(clock_control_nrf.c.obj)
 .text.blocking_start_callback
                0x00000000000079a0        0x6 zephyr/drivers/clock_control/libdrivers__clock_control.a(clock_control_nrf.c.obj)
 .text.gpio_nrfx_port_get_raw
                0x00000000000079a6        0xe zephyr/drivers/gpio/libdrivers__gpio.a(gpio_nrfx.c.obj)
 .text.gpio_nrfx_port_set_masked_raw
                0x00000000000079b4       0x18 zephyr/drivers/gpio/libdrivers__gpio.a(gpio_nrfx.c.obj)
 .text.gpio_nrfx_port_set_bits_raw
                0x00000000000079cc        0xc zephyr/drivers/gpio/libdrivers__gpio.a(gpio_nrfx.c.obj)
 .text.gpio_nrfx_port_clear_bits_raw
                0x00000000000079d8        0xc zephyr/drivers/gpio/libdrivers__gpio.a(gpio_nrfx.c.obj)
 .text.gpio_nrfx_port_toggle_bits
                0x00000000000079e4       0x1a zephyr/drivers/gpio/libdrivers__gpio.a(gpio_nrfx.c.obj)
 .text.gpio_nrfx_manage_callback
                0x00000000000079fe       0x52 zephyr/drivers/gpio/libdrivers__gpio.a(gpio_nrfx.c.obj)
 .text.twi_0_init
                0x0000000000007a50       0x40 zephyr/drivers/i2c/libdrivers__i2c.a(i2c_nrfx_twi.c.obj)
 .text.pinctrl_lookup_state
                0x0000000000007a90       0x26 zephyr/drivers/pinctrl/libdrivers__pinctrl.a(common.c.obj)
                0x0000000000007a90                pinctrl_lookup_state
 .text.uarte_nrfx_err_check
                0x0000000000007ab6        0xe zephyr/drivers/serial/libdrivers__serial.a(uart_nrfx_uarte.c.obj)
 .text.uarte_nrfx_poll_in
                0x0000000000007ac4       0x26 zephyr/drivers/serial/libdrivers__serial.a(uart_nrfx_uarte.c.obj)
 .text.is_tx_ready.isra.0
                0x0000000000007aea       0x20 zephyr/drivers/serial/libdrivers__serial.a(uart_nrfx_uarte.c.obj)
 .text.uarte_nrfx_isr_int
                0x0000000000007b0a       0x42 zephyr/drivers/serial/libdrivers__serial.a(uart_nrfx_uarte.c.obj)
 .text.event_clear
                0x0000000000007b4c       0x18 zephyr/drivers/timer/libdrivers__timer.a(nrf_rtc_timer.c.obj)
 .text.sys_clock_cycle_get_32
                0x0000000000007b64        0x8 zephyr/drivers/timer/libdrivers__timer.a(nrf_rtc_timer.c.obj)
                0x0000000000007b64                sys_clock_cycle_get_32
 .text.nrfx_isr
                0x0000000000007b6c        0x2 modules/hal_nordic/modules/hal_nordic/nrfx/libmodules__hal_nordic__nrfx.a(nrfx_glue.c.obj)
                0x0000000000007b6c                nrfx_isr
 .text.nrfx_busy_wait
                0x0000000000007b6e        0x4 modules/hal_nordic/modules/hal_nordic/nrfx/libmodules__hal_nordic__nrfx.a(nrfx_glue.c.obj)
                0x0000000000007b6e                nrfx_busy_wait
 .text.nrfx_gppi_channel_endpoints_setup
                0x0000000000007b72       0x14 modules/hal_nordic/modules/hal_nordic/nrfx/libmodules__hal_nordic__nrfx.a(nrfx_gppi_ppi.c.obj)
                0x0000000000007b72                nrfx_gppi_channel_endpoints_setup
 .text.nrfx_gppi_channel_alloc
                0x0000000000007b86        0x4 modules/hal_nordic/modules/hal_nordic/nrfx/libmodules__hal_nordic__nrfx.a(nrfx_gppi_ppi.c.obj)
                0x0000000000007b86                nrfx_gppi_channel_alloc
 .text.clock_stop
                0x0000000000007b8a       0xb0 modules/hal_nordic/modules/hal_nordic/nrfx/libmodules__hal_nordic__nrfx.a(nrfx_clock.c.obj)
 .text.nrfx_clock_stop
                0x0000000000007c3a        0x4 modules/hal_nordic/modules/hal_nordic/nrfx/libmodules__hal_nordic__nrfx.a(nrfx_clock.c.obj)
                0x0000000000007c3a                nrfx_clock_stop
 .text.nrf_gpio_reconfigure
                0x0000000000007c3e       0x92 modules/hal_nordic/modules/hal_nordic/nrfx/libmodules__hal_nordic__nrfx.a(nrfx_gpiote.c.obj)
 .text.nrf_gpio_cfg_sense_set
                0x0000000000007cd0       0x1e modules/hal_nordic/modules/hal_nordic/nrfx/libmodules__hal_nordic__nrfx.a(nrfx_gpiote.c.obj)
 .text.pin_trigger_disable
                0x0000000000007cee       0x48 modules/hal_nordic/modules/hal_nordic/nrfx/libmodules__hal_nordic__nrfx.a(nrfx_gpiote.c.obj)
 .text.nrfx_gpiote_pin_uninit
                0x0000000000007d36        0x4 modules/hal_nordic/modules/hal_nordic/nrfx/libmodules__hal_nordic__nrfx.a(nrfx_gpiote.c.obj)
                0x0000000000007d36                nrfx_gpiote_pin_uninit
 .text.nrfx_gpiote_trigger_disable
                0x0000000000007d3a        0x4 modules/hal_nordic/modules/hal_nordic/nrfx/libmodules__hal_nordic__nrfx.a(nrfx_gpiote.c.obj)
                0x0000000000007d3a                nrfx_gpiote_trigger_disable
 .text.twi_transfer
                0x0000000000007d3e      0x130 modules/hal_nordic/modules/hal_nordic/nrfx/libmodules__hal_nordic__nrfx.a(nrfx_twi.c.obj)
 .text.nrf_gpio_pin_set
                0x0000000000007e6e       0x1a modules/hal_nordic/modules/hal_nordic/nrfx/libmodules__hal_nordic__nrfx.a(nrfx_twi_twim.c.obj)
 .text._GetAvailWriteSpace
                0x0000000000007e88       0x12 modules/segger/libmodules__segger.a(SEGGER_RTT.c.obj)
 .text._WriteNoCheck
                0x0000000000007e9a       0x36 modules/segger/libmodules__segger.a(SEGGER_RTT.c.obj)
 .text._WriteBlocking
                0x0000000000007ed0       0x54 modules/segger/libmodules__segger.a(SEGGER_RTT.c.obj)
 .text.rtt_init
                0x0000000000007f24        0xa modules/segger/libmodules__segger.a(SEGGER_RTT_zephyr.c.obj)
 .text.zephyr_rtt_irq_lock
                0x0000000000007f2e       0x10 modules/segger/libmodules__segger.a(SEGGER_RTT_zephyr.c.obj)
                0x0000000000007f2e                zephyr_rtt_irq_lock
 .text.zephyr_rtt_irq_unlock
                0x0000000000007f3e        0xa modules/segger/libmodules__segger.a(SEGGER_RTT_zephyr.c.obj)
                0x0000000000007f3e                zephyr_rtt_irq_unlock
 .text.hal_check
                0x0000000000007f48       0x1a modules/npz2100/drivers/npz2100/libnpz2100.a(npz2100.c.obj)
 .text.npz2100_reg_write
                0x0000000000007f62       0x22 modules/npz2100/drivers/npz2100/libnpz2100.a(npz2100.c.obj)
                0x0000000000007f62                npz2100_reg_write
 .text.npz2100_reg_read
                0x0000000000007f84       0x22 modules/npz2100/drivers/npz2100/libnpz2100.a(npz2100.c.obj)
                0x0000000000007f84                npz2100_reg_read
 .text.npz2100_reg_burst_write
                0x0000000000007fa6       0x3e modules/npz2100/drivers/npz2100/libnpz2100.a(npz2100.c.obj)
                0x0000000000007fa6                npz2100_reg_burst_write
 .text.npz2100_reg_burst_read
                0x0000000000007fe4       0x26 modules/npz2100/drivers/npz2100/libnpz2100.a(npz2100.c.obj)
                0x0000000000007fe4                npz2100_reg_burst_read
 .text.shadow_field
                0x000000000000800a      0x136 modules/npz2100/drivers/npz2100/libnpz2100.a(npz2100_mid.c.obj)
 .text.shadow_periph_field
                0x0000000000008140       0xc2 modules/npz2100/drivers/npz2100/libnpz2100.a(npz2100_mid.c.obj)
 .text.map_walk
                0x0000000000008202       0x62 modules/npz2100/drivers/npz2100/libnpz2100.a(npz2100_mid.c.obj)
 .text.diff_visitor
                0x0000000000008264       0x3e modules/npz2100/drivers/npz2100/libnpz2100.a(npz2100_mid.c.obj)
 .text.validate_visitor
                0x00000000000082a2        0x4 modules/npz2100/drivers/npz2100/libnpz2100.a(npz2100_mid.c.obj)
 .text.apply_visitor
                0x00000000000082a6       0x3e modules/npz2100/drivers/npz2100/libnpz2100.a(npz2100_mid.c.obj)
 .text.npz2100_config_init_defaults
                0x00000000000082e4       0x36 modules/npz2100/drivers/npz2100/libnpz2100.a(npz2100_mid.c.obj)
                0x00000000000082e4                npz2100_config_init_defaults
 .text.npz2100_map_readback
                0x000000000000831a      0x394 modules/npz2100/drivers/npz2100/libnpz2100.a(npz2100_mid.c.obj)
                0x000000000000831a                npz2100_map_readback
 .text.npz2100_shadow_write_reg
                0x00000000000086ae       0x2e modules/npz2100/drivers/npz2100/libnpz2100.a(npz2100_mid.c.obj)
                0x00000000000086ae                npz2100_shadow_write_reg
 .text.npz2100_probe_ll
                0x00000000000086dc       0x28 modules/npz2100/drivers/npz2100/libnpz2100.a(npz2100_mid.c.obj)
                0x00000000000086dc                npz2100_probe_ll
 .text.npz2100_status_read
                0x0000000000008704       0x38 modules/npz2100/drivers/npz2100/libnpz2100.a(npz2100_mid.c.obj)
                0x0000000000008704                npz2100_status_read
 .text.npz2100_periph_read_value_ll
                0x000000000000873c       0x58 modules/npz2100/drivers/npz2100/libnpz2100.a(npz2100_mid.c.obj)
                0x000000000000873c                npz2100_periph_read_value_ll
 .text.npz2100_sram_write_ll
                0x0000000000008794       0x88 modules/npz2100/drivers/npz2100/libnpz2100.a(npz2100_mid.c.obj)
                0x0000000000008794                npz2100_sram_write_ll
 .text.npz2100_enter_idle_ll
                0x000000000000881c       0x10 modules/npz2100/drivers/npz2100/libnpz2100.a(npz2100_mid.c.obj)
                0x000000000000881c                npz2100_enter_idle_ll
 .text.z_log_msg_simple_create_0
                0x000000000000882c        0x4 modules/npz2100/drivers/npz2100/libnpz2100.a(npz2100_zephyr.c.obj)
 .text.k_mutex_lock.constprop.0.isra.0
                0x0000000000008830        0x4 modules/npz2100/drivers/npz2100/libnpz2100.a(npz2100_zephyr.c.obj)
 .text.k_mutex_unlock.isra.0
                0x0000000000008834        0x4 modules/npz2100/drivers/npz2100/libnpz2100.a(npz2100_zephyr.c.obj)
 .text.npz2100_get_shadow
                0x0000000000008838        0x8 modules/npz2100/drivers/npz2100/libnpz2100.a(npz2100_zephyr.c.obj)
                0x0000000000008838                npz2100_get_shadow
 .text.npz2100_sram_write
                0x0000000000008840       0x42 modules/npz2100/drivers/npz2100/libnpz2100.a(npz2100_zephyr.c.obj)
                0x0000000000008840                npz2100_sram_write
 .text.npz2100_periph_read_value
                0x0000000000008882       0x44 modules/npz2100/drivers/npz2100/libnpz2100.a(npz2100_zephyr.c.obj)
                0x0000000000008882                npz2100_periph_read_value
 .text.z_impl_k_busy_wait
                0x00000000000088c6        0x8 zephyr/kernel/libkernel.a(busy_wait.c.obj)
                0x00000000000088c6                z_impl_k_busy_wait
 .text.z_device_state_init
                0x00000000000088ce        0x2 zephyr/kernel/libkernel.a(device.c.obj)
                0x00000000000088ce                z_device_state_init
 .text.z_impl_device_is_ready
                0x00000000000088d0       0x16 zephyr/kernel/libkernel.a(device.c.obj)
                0x00000000000088d0                z_impl_device_is_ready
 .text.arch_system_halt
                0x00000000000088e6       0x10 zephyr/kernel/libkernel.a(fatal.c.obj)
                0x00000000000088e6                arch_system_halt
 .text.do_device_init
                0x00000000000088f6       0x30 zephyr/kernel/libkernel.a(init.c.obj)
 .text.z_early_memset
                0x0000000000008926        0x4 zephyr/kernel/libkernel.a(init.c.obj)
                0x0000000000008926                z_early_memset
 .text.z_early_memcpy
                0x000000000000892a        0x4 zephyr/kernel/libkernel.a(init.c.obj)
                0x000000000000892a                z_early_memcpy
 .text.z_init_static
                0x000000000000892e        0x2 zephyr/kernel/libkernel.a(init_static.c.obj)
                0x000000000000892e                z_init_static
 .text.idle     0x0000000000008930       0x16 zephyr/kernel/libkernel.a(idle.c.obj)
                0x0000000000008930                idle
 .text.adjust_owner_prio.isra.0
                0x0000000000008946       0x10 zephyr/kernel/libkernel.a(mutex.c.obj)
 .text.z_impl_k_mutex_init
                0x0000000000008956        0xe zephyr/kernel/libkernel.a(mutex.c.obj)
                0x0000000000008956                z_impl_k_mutex_init
 .text.z_impl_k_sem_init
                0x0000000000008964       0x18 zephyr/kernel/libkernel.a(sem.c.obj)
                0x0000000000008964                z_impl_k_sem_init
 .text.k_is_in_isr
                0x000000000000897c        0xc zephyr/kernel/libkernel.a(thread.c.obj)
                0x000000000000897c                k_is_in_isr
 .text.k_thread_name_get
                0x0000000000008988        0x4 zephyr/kernel/libkernel.a(thread.c.obj)
                0x0000000000008988                k_thread_name_get
 .text.sys_dlist_remove
                0x000000000000898c       0x10 zephyr/kernel/libkernel.a(sched.c.obj)
 .text.unpend_thread_no_timeout
                0x000000000000899c       0x14 zephyr/kernel/libkernel.a(sched.c.obj)
 .text.add_to_waitq_locked
                0x00000000000089b0       0x50 zephyr/kernel/libkernel.a(sched.c.obj)
 .text.z_ready_thread
                0x0000000000008a00       0x1e zephyr/kernel/libkernel.a(sched.c.obj)
                0x0000000000008a00                z_ready_thread
 .text.z_unpend_thread_no_timeout
                0x0000000000008a1e       0x22 zephyr/kernel/libkernel.a(sched.c.obj)
                0x0000000000008a1e                z_unpend_thread_no_timeout
 .text.z_sched_wake_thread
                0x0000000000008a40       0x3a zephyr/kernel/libkernel.a(sched.c.obj)
                0x0000000000008a40                z_sched_wake_thread
 .text.z_thread_timeout
                0x0000000000008a7a        0x8 zephyr/kernel/libkernel.a(sched.c.obj)
                0x0000000000008a7a                z_thread_timeout
 .text.z_unpend1_no_timeout
                0x0000000000008a82       0x2c zephyr/kernel/libkernel.a(sched.c.obj)
                0x0000000000008a82                z_unpend1_no_timeout
 .text.z_impl_k_sleep
                0x0000000000008aae       0x32 zephyr/kernel/libkernel.a(sched.c.obj)
                0x0000000000008aae                z_impl_k_sleep
 .text.next_timeout
                0x0000000000008ae0       0x32 zephyr/kernel/libkernel.a(timeout.c.obj)
 .text.z_abort_timeout
                0x0000000000008b12       0x42 zephyr/kernel/libkernel.a(timeout.c.obj)
                0x0000000000008b12                z_abort_timeout
 .text.sys_clock_tick_get_32
                0x0000000000008b54        0x8 zephyr/kernel/libkernel.a(timeout.c.obj)
                0x0000000000008b54                sys_clock_tick_get_32
 .text.z_impl_k_uptime_ticks
                0x0000000000008b5c        0x4 zephyr/kernel/libkernel.a(timeout.c.obj)
                0x0000000000008b5c                z_impl_k_uptime_ticks
 .text.k_timer_init
                0x0000000000008b60       0x18 zephyr/kernel/libkernel.a(timer.c.obj)
                0x0000000000008b60                k_timer_init
 .text.z_impl_k_timer_stop
                0x0000000000008b78       0x38 zephyr/kernel/libkernel.a(timer.c.obj)
                0x0000000000008b78                z_impl_k_timer_stop
 .text.memcpy   0x0000000000008bb0       0x1c c:\ncs\toolchains\b8b84efebd\opt\zephyr-sdk\arm-zephyr-eabi\bin\../lib/gcc/../../picolibc/arm-zephyr-eabi/lib/thumb/v7e-m/nofp\libc.a(memcpy.c.o)
                0x0000000000008bb0                __aeabi_memcpy
                0x0000000000008bb0                __aeabi_memcpy4
                0x0000000000008bb0                __aeabi_memcpy8
                0x0000000000008bb0                memcpy
 .text.memset   0x0000000000008bcc       0x10 c:\ncs\toolchains\b8b84efebd\opt\zephyr-sdk\arm-zephyr-eabi\bin\../lib/gcc/../../picolibc/arm-zephyr-eabi/lib/thumb/v7e-m/nofp\libc.a(memset.c.o)
                0x0000000000008bcc                memset
 .text.strncpy  0x0000000000008bdc       0x20 c:\ncs\toolchains\b8b84efebd\opt\zephyr-sdk\arm-zephyr-eabi\bin\../lib/gcc/../../picolibc/arm-zephyr-eabi/lib/thumb/v7e-m/nofp\libc.a(libc_string_strncpy.c.o)
                0x0000000000008bdc                strncpy
 .text.strnlen  0x0000000000008bfc       0x18 c:\ncs\toolchains\b8b84efebd\opt\zephyr-sdk\arm-zephyr-eabi\bin\../lib/gcc/../../picolibc/arm-zephyr-eabi/lib/thumb/v7e-m/nofp\libc.a(libc_string_strnlen.c.o)
                0x0000000000008bfc                strnlen
 .text.__ultoa_invert
                0x0000000000008c14       0xae c:\ncs\toolchains\b8b84efebd\opt\zephyr-sdk\arm-zephyr-eabi\bin\../lib/gcc/../../picolibc/arm-zephyr-eabi/lib/thumb/v7e-m/nofp\libc.a(libc_tinystdio_vflprintf.c.o)
 .text.__file_str_put
                0x0000000000008cc2       0x10 c:\ncs\toolchains\b8b84efebd\opt\zephyr-sdk\arm-zephyr-eabi\bin\../lib/gcc/../../picolibc/arm-zephyr-eabi/lib/thumb/v7e-m/nofp\libc.a(libc_tinystdio_filestrput.c.o)
                0x0000000000008cc2                __file_str_put
 *(SORT_BY_ALIGNMENT(.TEXT.*))
 *fill*         0x0000000000008cd2        0x2 
 .TEXT.__aeabi_read_tp
                0x0000000000008cd4        0xc zephyr/arch/arch/arm/core/cortex_m/libarch__arm__core__cortex_m.a(__aeabi_read_tp.S.obj)
                0x0000000000008cd4                __aeabi_read_tp
 *(SORT_BY_ALIGNMENT(.gnu.linkonce.t.*))
 *(SORT_BY_ALIGNMENT(.glue_7t))
 .glue_7t       0x0000000000008ce0        0x0 linker stubs
 *(SORT_BY_ALIGNMENT(.glue_7))
 .glue_7        0x0000000000008ce0        0x0 linker stubs
 *(SORT_BY_ALIGNMENT(.vfp11_veneer))
 .vfp11_veneer  0x0000000000008ce0        0x0 linker stubs
 *(SORT_BY_ALIGNMENT(.v4_bx))
 .v4_bx         0x0000000000008ce0        0x0 linker stubs
                0x0000000000008ce0                . = ALIGN (0x4)
                0x0000000000008ce0                __text_region_end = .

.ARM.exidx      0x0000000000008ce0        0x8
                0x0000000000008ce0                __exidx_start = .
 *(SORT_BY_ALIGNMENT(.ARM.exidx*) SORT_BY_ALIGNMENT(gnu.linkonce.armexidx.*))
 .ARM.exidx     0x0000000000008ce0        0x8 c:\ncs\toolchains\b8b84efebd\opt\zephyr-sdk\arm-zephyr-eabi\bin\../lib/gcc/../../picolibc/arm-zephyr-eabi/lib/thumb/v7e-m/nofp\libc.a(strlen.S.o)
 .ARM.exidx     0x0000000000008ce8        0x0 c:/ncs/toolchains/b8b84efebd/opt/zephyr-sdk/arm-zephyr-eabi/bin/../lib/gcc/arm-zephyr-eabi/12.2.0/thumb/v7e-m/nofp\libgcc.a(_udivmoddi4.o)
                                          0x8 (size before relaxing)
                0x0000000000008ce8                __exidx_end = .
                0x0000000000008ce8                __rodata_region_start = .

initlevel       0x0000000000008ce8       0x68
                0x0000000000008ce8                __init_start = .
                0x0000000000008ce8                __init_EARLY_start = .
 *(SORT_BY_NAME(SORT_BY_ALIGNMENT(.z_init_EARLY?_*)))
 *(SORT_BY_NAME(SORT_BY_ALIGNMENT(.z_init_EARLY??_*)))
                0x0000000000008ce8                __init_PRE_KERNEL_1_start = .
 *(SORT_BY_NAME(SORT_BY_ALIGNMENT(.z_init_PRE_KERNEL_1?_*)))
 .z_init_PRE_KERNEL_10_0_
                0x0000000000008ce8        0x8 zephyr/soc/soc/nrf52833/libsoc__nordic.a(soc.c.obj)
 *(SORT_BY_NAME(SORT_BY_ALIGNMENT(.z_init_PRE_KERNEL_1??_*)))
 .z_init_PRE_KERNEL_130_00065_
                0x0000000000008cf0        0x8 zephyr/drivers/clock_control/libdrivers__clock_control.a(clock_control_nrf.c.obj)
 .z_init_PRE_KERNEL_130_0_
                0x0000000000008cf8        0x8 modules/segger/libmodules__segger.a(SEGGER_RTT_zephyr.c.obj)
 .z_init_PRE_KERNEL_140_00010_
                0x0000000000008d00        0x8 zephyr/drivers/gpio/libdrivers__gpio.a(gpio_nrfx.c.obj)
 .z_init_PRE_KERNEL_140_00075_
                0x0000000000008d08        0x8 zephyr/drivers/gpio/libdrivers__gpio.a(gpio_nrfx.c.obj)
 .z_init_PRE_KERNEL_150_00101_
                0x0000000000008d10        0x8 zephyr/drivers/serial/libdrivers__serial.a(uart_nrfx_uarte.c.obj)
 .z_init_PRE_KERNEL_160_0_
                0x0000000000008d18        0x8 zephyr/drivers/console/libdrivers__console.a(rtt_console.c.obj)
 .z_init_PRE_KERNEL_160_0_
                0x0000000000008d20        0x8 zephyr/drivers/console/libdrivers__console.a(uart_console.c.obj)
                0x0000000000008d28                __init_PRE_KERNEL_2_start = .
 *(SORT_BY_NAME(SORT_BY_ALIGNMENT(.z_init_PRE_KERNEL_2?_*)))
 .z_init_PRE_KERNEL_20_0_
                0x0000000000008d28        0x8 zephyr/drivers/timer/libdrivers__timer.a(nrf_rtc_timer.c.obj)
 *(SORT_BY_NAME(SORT_BY_ALIGNMENT(.z_init_PRE_KERNEL_2??_*)))
                0x0000000000008d30                __init_POST_KERNEL_start = .
 *(SORT_BY_NAME(SORT_BY_ALIGNMENT(.z_init_POST_KERNEL?_*)))
 .z_init_POST_KERNEL0_0_
                0x0000000000008d30        0x8 zephyr/libzephyr.a(log_core.c.obj)
 *(SORT_BY_NAME(SORT_BY_ALIGNMENT(.z_init_POST_KERNEL??_*)))
 .z_init_POST_KERNEL35_0_
                0x0000000000008d38        0x8 zephyr/lib/libc/common/liblib__libc__common.a(malloc.c.obj)
 .z_init_POST_KERNEL50_00113_
                0x0000000000008d40        0x8 zephyr/drivers/i2c/libdrivers__i2c.a(i2c_nrfx_twi.c.obj)
 .z_init_POST_KERNEL80_00114_
                0x0000000000008d48        0x8 modules/npz2100/drivers/npz2100/libnpz2100.a(npz2100_zephyr.c.obj)
                0x0000000000008d50                __init_APPLICATION_start = .
 *(SORT_BY_NAME(SORT_BY_ALIGNMENT(.z_init_APPLICATION?_*)))
 *(SORT_BY_NAME(SORT_BY_ALIGNMENT(.z_init_APPLICATION??_*)))
                0x0000000000008d50                __init_SMP_start = .
 *(SORT_BY_NAME(SORT_BY_ALIGNMENT(.z_init_SMP?_*)))
 *(SORT_BY_NAME(SORT_BY_ALIGNMENT(.z_init_SMP??_*)))
                0x0000000000008d50                __init_end = .
                0x0000000000008d50                __deferred_init_list_start = .
 *(SORT_BY_ALIGNMENT(.z_deferred_init*))
                0x0000000000008d50                __deferred_init_list_end = .

device_area     0x0000000000008d50       0x78
                0x0000000000008d50                _device_list_start = .
 *(SORT_BY_NAME(SORT_BY_ALIGNMENT(._device.static.*_?_*)))
 *(SORT_BY_NAME(SORT_BY_ALIGNMENT(._device.static.*_??_*)))
 ._device.static.1_30_
                0x0000000000008d50       0x14 zephyr/drivers/clock_control/libdrivers__clock_control.a(clock_control_nrf.c.obj)
                0x0000000000008d50                __device_dts_ord_65
 ._device.static.1_40_
                0x0000000000008d64       0x28 zephyr/drivers/gpio/libdrivers__gpio.a(gpio_nrfx.c.obj)
                0x0000000000008d64                __device_dts_ord_75
                0x0000000000008d78                __device_dts_ord_10
 ._device.static.1_50_
                0x0000000000008d8c       0x14 zephyr/drivers/serial/libdrivers__serial.a(uart_nrfx_uarte.c.obj)
                0x0000000000008d8c                __device_dts_ord_101
 ._device.static.3_50_
                0x0000000000008da0       0x14 zephyr/drivers/i2c/libdrivers__i2c.a(i2c_nrfx_twi.c.obj)
                0x0000000000008da0                __device_dts_ord_113
 ._device.static.3_80_
                0x0000000000008db4       0x14 modules/npz2100/drivers/npz2100/libnpz2100.a(npz2100_zephyr.c.obj)
                0x0000000000008db4                __device_dts_ord_114
                0x0000000000008dc8                _device_list_end = .

sw_isr_table    0x0000000000008dc8      0x180
                0x0000000000008dc8                . = ALIGN (0x4)
 *(SORT_BY_ALIGNMENT(.gnu.linkonce.sw_isr_table*))
 .gnu.linkonce.sw_isr_table
                0x0000000000008dc8      0x180 zephyr/CMakeFiles/zephyr_final.dir/isr_tables.c.obj
                0x0000000000008dc8                _sw_isr_table

initlevel_error
                0x0000000000008ce8        0x0
 *(SORT_BY_NAME(SORT_BY_ALIGNMENT(.z_init_[_A-Z0-9]*)))
                0x0000000000000001                ASSERT ((SIZEOF (initlevel_error) == 0x0), Undefined initialization levels used.)

app_shmem_regions
                0x0000000000008f48        0x0
                0x0000000000008f48                __app_shmem_regions_start = .
 *(SORT_BY_NAME(SORT_BY_ALIGNMENT(.app_regions.*)))
                0x0000000000008f48                __app_shmem_regions_end = .

k_p4wq_initparam_area
                0x0000000000008f48        0x0
                0x0000000000008f48                _k_p4wq_initparam_list_start = .
 *(SORT_BY_NAME(SORT_BY_ALIGNMENT(._k_p4wq_initparam.static.*)))
                0x0000000000008f48                _k_p4wq_initparam_list_end = .

_static_thread_data_area
                0x0000000000008f48        0x0
                0x0000000000008f48                __static_thread_data_list_start = .
 *(SORT_BY_NAME(SORT_BY_ALIGNMENT(.__static_thread_data.static.*)))
                0x0000000000008f48                __static_thread_data_list_end = .

device_deps     0x0000000000008f48        0x0
                0x0000000000008f48                __device_deps_start = .
 *(SORT_BY_NAME(SORT_BY_ALIGNMENT(.__device_deps_pass2*)))
                0x0000000000008f48                __device_deps_end = .

gpio_driver_api_area
                0x0000000000008f48       0x24
                0x0000000000008f48                _gpio_driver_api_list_start = .
 *(SORT_BY_NAME(SORT_BY_ALIGNMENT(._gpio_driver_api.static.*)))
 ._gpio_driver_api.static.gpio_nrfx_drv_api_funcs_
                0x0000000000008f48       0x24 zephyr/drivers/gpio/libdrivers__gpio.a(gpio_nrfx.c.obj)
                0x0000000000008f6c                _gpio_driver_api_list_end = .

i2c_driver_api_area
                0x0000000000008f6c       0x18
                0x0000000000008f6c                _i2c_driver_api_list_start = .
 *(SORT_BY_NAME(SORT_BY_ALIGNMENT(._i2c_driver_api.static.*)))
 ._i2c_driver_api.static.i2c_nrfx_twi_driver_api_
                0x0000000000008f6c       0x18 zephyr/drivers/i2c/libdrivers__i2c.a(i2c_nrfx_twi.c.obj)
                0x0000000000008f84                _i2c_driver_api_list_end = .

i2c_target_driver_api_area
                0x0000000000008f84        0x0
                0x0000000000008f84                _i2c_target_driver_api_list_start = .
 *(SORT_BY_NAME(SORT_BY_ALIGNMENT(._i2c_target_driver_api.static.*)))
                0x0000000000008f84                _i2c_target_driver_api_list_end = .

shared_irq_driver_api_area
                0x0000000000008f84        0x0
                0x0000000000008f84                _shared_irq_driver_api_list_start = .
 *(SORT_BY_NAME(SORT_BY_ALIGNMENT(._shared_irq_driver_api.static.*)))
                0x0000000000008f84                _shared_irq_driver_api_list_end = .

crypto_driver_api_area
                0x0000000000008f84        0x0
                0x0000000000008f84                _crypto_driver_api_list_start = .
 *(SORT_BY_NAME(SORT_BY_ALIGNMENT(._crypto_driver_api.static.*)))
                0x0000000000008f84                _crypto_driver_api_list_end = .

adc_driver_api_area
                0x0000000000008f84        0x0
                0x0000000000008f84                _adc_driver_api_list_start = .
 *(SORT_BY_NAME(SORT_BY_ALIGNMENT(._adc_driver_api.static.*)))
                0x0000000000008f84                _adc_driver_api_list_end = .

auxdisplay_driver_api_area
                0x0000000000008f84        0x0
                0x0000000000008f84                _auxdisplay_driver_api_list_start = .
 *(SORT_BY_NAME(SORT_BY_ALIGNMENT(._auxdisplay_driver_api.static.*)))
                0x0000000000008f84                _auxdisplay_driver_api_list_end = .

bbram_driver_api_area
                0x0000000000008f84        0x0
                0x0000000000008f84                _bbram_driver_api_list_start = .
 *(SORT_BY_NAME(SORT_BY_ALIGNMENT(._bbram_driver_api.static.*)))
                0x0000000000008f84                _bbram_driver_api_list_end = .

bt_hci_driver_api_area
                0x0000000000008f84        0x0
                0x0000000000008f84                _bt_hci_driver_api_list_start = .
 *(SORT_BY_NAME(SORT_BY_ALIGNMENT(._bt_hci_driver_api.static.*)))
                0x0000000000008f84                _bt_hci_driver_api_list_end = .

can_driver_api_area
                0x0000000000008f84        0x0
                0x0000000000008f84                _can_driver_api_list_start = .
 *(SORT_BY_NAME(SORT_BY_ALIGNMENT(._can_driver_api.static.*)))
                0x0000000000008f84                _can_driver_api_list_end = .

cellular_driver_api_area
                0x0000000000008f84        0x0
                0x0000000000008f84                _cellular_driver_api_list_start = .
 *(SORT_BY_NAME(SORT_BY_ALIGNMENT(._cellular_driver_api.static.*)))
                0x0000000000008f84                _cellular_driver_api_list_end = .

charger_driver_api_area
                0x0000000000008f84        0x0
                0x0000000000008f84                _charger_driver_api_list_start = .
 *(SORT_BY_NAME(SORT_BY_ALIGNMENT(._charger_driver_api.static.*)))
                0x0000000000008f84                _charger_driver_api_list_end = .

clock_control_driver_api_area
                0x0000000000008f84       0x1c
                0x0000000000008f84                _clock_control_driver_api_list_start = .
 *(SORT_BY_NAME(SORT_BY_ALIGNMENT(._clock_control_driver_api.static.*)))
 ._clock_control_driver_api.static.clock_control_api_
                0x0000000000008f84       0x1c zephyr/drivers/clock_control/libdrivers__clock_control.a(clock_control_nrf.c.obj)
                0x0000000000008fa0                _clock_control_driver_api_list_end = .

comparator_driver_api_area
                0x0000000000008fa0        0x0
                0x0000000000008fa0                _comparator_driver_api_list_start = .
 *(SORT_BY_NAME(SORT_BY_ALIGNMENT(._comparator_driver_api.static.*)))
                0x0000000000008fa0                _comparator_driver_api_list_end = .

coredump_driver_api_area
                0x0000000000008fa0        0x0
                0x0000000000008fa0                _coredump_driver_api_list_start = .
 *(SORT_BY_NAME(SORT_BY_ALIGNMENT(._coredump_driver_api.static.*)))
                0x0000000000008fa0                _coredump_driver_api_list_end = .

counter_driver_api_area
                0x0000000000008fa0        0x0
                0x0000000000008fa0                _counter_driver_api_list_start = .
 *(SORT_BY_NAME(SORT_BY_ALIGNMENT(._counter_driver_api.static.*)))
                0x0000000000008fa0                _counter_driver_api_list_end = .

dac_driver_api_area
                0x0000000000008fa0        0x0
                0x0000000000008fa0                _dac_driver_api_list_start = .
 *(SORT_BY_NAME(SORT_BY_ALIGNMENT(._dac_driver_api.static.*)))
                0x0000000000008fa0                _dac_driver_api_list_end = .

dai_driver_api_area
                0x0000000000008fa0        0x0
                0x0000000000008fa0                _dai_driver_api_list_start = .
 *(SORT_BY_NAME(SORT_BY_ALIGNMENT(._dai_driver_api.static.*)))
                0x0000000000008fa0                _dai_driver_api_list_end = .

display_driver_api_area
                0x0000000000008fa0        0x0
                0x0000000000008fa0                _display_driver_api_list_start = .
 *(SORT_BY_NAME(SORT_BY_ALIGNMENT(._display_driver_api.static.*)))
                0x0000000000008fa0                _display_driver_api_list_end = .

dma_driver_api_area
                0x0000000000008fa0        0x0
                0x0000000000008fa0                _dma_driver_api_list_start = .
 *(SORT_BY_NAME(SORT_BY_ALIGNMENT(._dma_driver_api.static.*)))
                0x0000000000008fa0                _dma_driver_api_list_end = .

edac_driver_api_area
                0x0000000000008fa0        0x0
                0x0000000000008fa0                _edac_driver_api_list_start = .
 *(SORT_BY_NAME(SORT_BY_ALIGNMENT(._edac_driver_api.static.*)))
                0x0000000000008fa0                _edac_driver_api_list_end = .

eeprom_driver_api_area
                0x0000000000008fa0        0x0
                0x0000000000008fa0                _eeprom_driver_api_list_start = .
 *(SORT_BY_NAME(SORT_BY_ALIGNMENT(._eeprom_driver_api.static.*)))
                0x0000000000008fa0                _eeprom_driver_api_list_end = .

emul_bbram_driver_api_area
                0x0000000000008fa0        0x0
                0x0000000000008fa0                _emul_bbram_driver_api_list_start = .
 *(SORT_BY_NAME(SORT_BY_ALIGNMENT(._emul_bbram_driver_api.static.*)))
                0x0000000000008fa0                _emul_bbram_driver_api_list_end = .

fuel_gauge_emul_driver_api_area
                0x0000000000008fa0        0x0
                0x0000000000008fa0                _fuel_gauge_emul_driver_api_list_start = .
 *(SORT_BY_NAME(SORT_BY_ALIGNMENT(._fuel_gauge_emul_driver_api.static.*)))
                0x0000000000008fa0                _fuel_gauge_emul_driver_api_list_end = .

emul_sensor_driver_api_area
                0x0000000000008fa0        0x0
                0x0000000000008fa0                _emul_sensor_driver_api_list_start = .
 *(SORT_BY_NAME(SORT_BY_ALIGNMENT(._emul_sensor_driver_api.static.*)))
                0x0000000000008fa0                _emul_sensor_driver_api_list_end = .

entropy_driver_api_area
                0x0000000000008fa0        0x0
                0x0000000000008fa0                _entropy_driver_api_list_start = .
 *(SORT_BY_NAME(SORT_BY_ALIGNMENT(._entropy_driver_api.static.*)))
                0x0000000000008fa0                _entropy_driver_api_list_end = .

espi_driver_api_area
                0x0000000000008fa0        0x0
                0x0000000000008fa0                _espi_driver_api_list_start = .
 *(SORT_BY_NAME(SORT_BY_ALIGNMENT(._espi_driver_api.static.*)))
                0x0000000000008fa0                _espi_driver_api_list_end = .

espi_saf_driver_api_area
                0x0000000000008fa0        0x0
                0x0000000000008fa0                _espi_saf_driver_api_list_start = .
 *(SORT_BY_NAME(SORT_BY_ALIGNMENT(._espi_saf_driver_api.static.*)))
                0x0000000000008fa0                _espi_saf_driver_api_list_end = .

flash_driver_api_area
                0x0000000000008fa0        0x0
                0x0000000000008fa0                _flash_driver_api_list_start = .
 *(SORT_BY_NAME(SORT_BY_ALIGNMENT(._flash_driver_api.static.*)))
                0x0000000000008fa0                _flash_driver_api_list_end = .

fpga_driver_api_area
                0x0000000000008fa0        0x0
                0x0000000000008fa0                _fpga_driver_api_list_start = .
 *(SORT_BY_NAME(SORT_BY_ALIGNMENT(._fpga_driver_api.static.*)))
                0x0000000000008fa0                _fpga_driver_api_list_end = .

fuel_gauge_driver_api_area
                0x0000000000008fa0        0x0
                0x0000000000008fa0                _fuel_gauge_driver_api_list_start = .
 *(SORT_BY_NAME(SORT_BY_ALIGNMENT(._fuel_gauge_driver_api.static.*)))
                0x0000000000008fa0                _fuel_gauge_driver_api_list_end = .

gnss_driver_api_area
                0x0000000000008fa0        0x0
                0x0000000000008fa0                _gnss_driver_api_list_start = .
 *(SORT_BY_NAME(SORT_BY_ALIGNMENT(._gnss_driver_api.static.*)))
                0x0000000000008fa0                _gnss_driver_api_list_end = .

haptics_driver_api_area
                0x0000000000008fa0        0x0
                0x0000000000008fa0                _haptics_driver_api_list_start = .
 *(SORT_BY_NAME(SORT_BY_ALIGNMENT(._haptics_driver_api.static.*)))
                0x0000000000008fa0                _haptics_driver_api_list_end = .

hwspinlock_driver_api_area
                0x0000000000008fa0        0x0
                0x0000000000008fa0                _hwspinlock_driver_api_list_start = .
 *(SORT_BY_NAME(SORT_BY_ALIGNMENT(._hwspinlock_driver_api.static.*)))
                0x0000000000008fa0                _hwspinlock_driver_api_list_end = .

i2s_driver_api_area
                0x0000000000008fa0        0x0
                0x0000000000008fa0                _i2s_driver_api_list_start = .
 *(SORT_BY_NAME(SORT_BY_ALIGNMENT(._i2s_driver_api.static.*)))
                0x0000000000008fa0                _i2s_driver_api_list_end = .

i3c_driver_api_area
                0x0000000000008fa0        0x0
                0x0000000000008fa0                _i3c_driver_api_list_start = .
 *(SORT_BY_NAME(SORT_BY_ALIGNMENT(._i3c_driver_api.static.*)))
                0x0000000000008fa0                _i3c_driver_api_list_end = .

ipm_driver_api_area
                0x0000000000008fa0        0x0
                0x0000000000008fa0                _ipm_driver_api_list_start = .
 *(SORT_BY_NAME(SORT_BY_ALIGNMENT(._ipm_driver_api.static.*)))
                0x0000000000008fa0                _ipm_driver_api_list_end = .

kscan_driver_api_area
                0x0000000000008fa0        0x0
                0x0000000000008fa0                _kscan_driver_api_list_start = .
 *(SORT_BY_NAME(SORT_BY_ALIGNMENT(._kscan_driver_api.static.*)))
                0x0000000000008fa0                _kscan_driver_api_list_end = .

led_driver_api_area
                0x0000000000008fa0        0x0