Archive member included to satisfy reference by file (symbol)

app/libapp.a(main.c.obj)      (--whole-archive)
zephyr/libzephyr.a(heap.c.obj)
                              (--whole-archive)
zephyr/libzephyr.a(cbprintf_packaged.c.obj)
                              (--whole-archive)
zephyr/libzephyr.a(printk.c.obj)
                              (--whole-archive)
zephyr/libzephyr.a(sem.c.obj)
                              (--whole-archive)
zephyr/libzephyr.a(thread_entry.c.obj)
                              (--whole-archive)
zephyr/libzephyr.a(cbprintf_complete.c.obj)
                              (--whole-archive)
zephyr/libzephyr.a(assert.c.obj)
                              (--whole-archive)
zephyr/libzephyr.a(mpsc_pbuf.c.obj)
                              (--whole-archive)
zephyr/libzephyr.a(dec.c.obj)
                              (--whole-archive)
zephyr/libzephyr.a(hex.c.obj)
                              (--whole-archive)
zephyr/libzephyr.a(rb.c.obj)  (--whole-archive)
zephyr/libzephyr.a(timeutil.c.obj)
                              (--whole-archive)
zephyr/libzephyr.a(bitarray.c.obj)
                              (--whole-archive)
zephyr/libzephyr.a(onoff.c.obj)
                              (--whole-archive)
zephyr/libzephyr.a(notify.c.obj)
                              (--whole-archive)
zephyr/libzephyr.a(last_section_id.c.obj)
                              (--whole-archive)
zephyr/libzephyr.a(configs.c.obj)
                              (--whole-archive)
zephyr/libzephyr.a(thread_info.c.obj)
                              (--whole-archive)
zephyr/libzephyr.a(log_core.c.obj)
                              (--whole-archive)
zephyr/libzephyr.a(log_mgmt.c.obj)
                              (--whole-archive)
zephyr/libzephyr.a(log_cache.c.obj)
                              (--whole-archive)
zephyr/libzephyr.a(log_msg.c.obj)
                              (--whole-archive)
zephyr/libzephyr.a(log_output.c.obj)
                              (--whole-archive)
zephyr/libzephyr.a(log_backend_rtt.c.obj)
                              (--whole-archive)
zephyr/libzephyr.a(log_backend_uart.c.obj)
                              (--whole-archive)
zephyr/libzephyr.a(mem_attr.c.obj)
                              (--whole-archive)
zephyr/libzephyr.a(tracing_none.c.obj)
                              (--whole-archive)
zephyr/libzephyr.a(banner.c.obj)
                              (--whole-archive)
zephyr/libzephyr.a(flash_map_partition_manager.c.obj)
                              (--whole-archive)
zephyr/arch/common/libarch__common.a(sw_isr_common.c.obj)
                              (--whole-archive)
zephyr/arch/arch/arm/core/libarch__arm__core.a(fatal.c.obj)
                              (--whole-archive)
zephyr/arch/arch/arm/core/libarch__arm__core.a(nmi.c.obj)
                              (--whole-archive)
zephyr/arch/arch/arm/core/libarch__arm__core.a(nmi_on_reset.S.obj)
                              (--whole-archive)
zephyr/arch/arch/arm/core/libarch__arm__core.a(tls.c.obj)
                              (--whole-archive)
zephyr/arch/arch/arm/core/cortex_m/libarch__arm__core__cortex_m.a(exc_exit.c.obj)
                              (--whole-archive)
zephyr/arch/arch/arm/core/cortex_m/libarch__arm__core__cortex_m.a(fault.c.obj)
                              (--whole-archive)
zephyr/arch/arch/arm/core/cortex_m/libarch__arm__core__cortex_m.a(fault_s.S.obj)
                              (--whole-archive)
zephyr/arch/arch/arm/core/cortex_m/libarch__arm__core__cortex_m.a(fpu.c.obj)
                              (--whole-archive)
zephyr/arch/arch/arm/core/cortex_m/libarch__arm__core__cortex_m.a(reset.S.obj)
                              (--whole-archive)
zephyr/arch/arch/arm/core/cortex_m/libarch__arm__core__cortex_m.a(scb.c.obj)
                              (--whole-archive)
zephyr/arch/arch/arm/core/cortex_m/libarch__arm__core__cortex_m.a(thread_abort.c.obj)
                              (--whole-archive)
zephyr/arch/arch/arm/core/cortex_m/libarch__arm__core__cortex_m.a(vector_table.S.obj)
                              (--whole-archive)
zephyr/arch/arch/arm/core/cortex_m/libarch__arm__core__cortex_m.a(swap_helper.S.obj)
                              (--whole-archive)
zephyr/arch/arch/arm/core/cortex_m/libarch__arm__core__cortex_m.a(irq_manage.c.obj)
                              (--whole-archive)
zephyr/arch/arch/arm/core/cortex_m/libarch__arm__core__cortex_m.a(prep_c.c.obj)
                              (--whole-archive)
zephyr/arch/arch/arm/core/cortex_m/libarch__arm__core__cortex_m.a(thread.c.obj)
                              (--whole-archive)
zephyr/arch/arch/arm/core/cortex_m/libarch__arm__core__cortex_m.a(cpu_idle.c.obj)
                              (--whole-archive)
zephyr/arch/arch/arm/core/cortex_m/libarch__arm__core__cortex_m.a(irq_init.c.obj)
                              (--whole-archive)
zephyr/arch/arch/arm/core/cortex_m/libarch__arm__core__cortex_m.a(isr_wrapper.c.obj)
[...]
Memory Configuration

Name             Origin             Length             Attributes
FLASH            0x0000000000000000 0x0000000000080000 xr
RAM              0x0000000020000000 0x0000000000020000 xw
IDT_LIST         0x00000000ffff7fff 0x0000000000008000 xw
*default*        0x0000000000000000 0xffffffffffffffff

Linker script and memory map

                0x00000000000062dc                vfprintf = __l_vfprintf
                0x0000000000000000                vfscanf = __l_vfscanf
LOAD zephyr/CMakeFiles/zephyr_pre0.dir/misc/empty_file.c.obj
LOAD zephyr/CMakeFiles/offsets.dir/./arch/arm/core/offsets/offsets.c.obj
LOAD app/libapp.a
LOAD zephyr/libzephyr.a
LOAD zephyr/arch/common/libarch__common.a
LOAD zephyr/arch/arch/arm/core/libarch__arm__core.a
LOAD zephyr/arch/arch/arm/core/cortex_m/libarch__arm__core__cortex_m.a
LOAD zephyr/arch/arch/arm/core/mpu/libarch__arm__core__mpu.a
LOAD zephyr/lib/libc/picolibc/liblib__libc__picolibc.a
LOAD zephyr/lib/libc/common/liblib__libc__common.a
LOAD zephyr/soc/soc/nrf52833/libsoc__nordic.a
LOAD zephyr/drivers/clock_control/libdrivers__clock_control.a
LOAD zephyr/drivers/console/libdrivers__console.a
LOAD zephyr/drivers/gpio/libdrivers__gpio.a
LOAD zephyr/drivers/i2c/libdrivers__i2c.a
LOAD zephyr/drivers/pinctrl/libdrivers__pinctrl.a
LOAD zephyr/drivers/serial/libdrivers__serial.a
LOAD zephyr/drivers/timer/libdrivers__timer.a
LOAD modules/hal_nordic/modules/hal_nordic/nrfx/libmodules__hal_nordic__nrfx.a
LOAD modules/segger/libmodules__segger.a
LOAD modules/npz2100/drivers/npz2100/libnpz2100.a
LOAD zephyr/kernel/libkernel.a
LOAD zephyr/arch/common/libisr_tables.a
LOAD c:\ncs\toolchains\b8b84efebd\opt\zephyr-sdk\arm-zephyr-eabi\bin\../lib/gcc/../../picolibc/arm-zephyr-eabi/lib/thumb/v7e-m/nofp\libc.a
LOAD c:/ncs/toolchains/b8b84efebd/opt/zephyr-sdk/arm-zephyr-eabi/bin/../lib/gcc/arm-zephyr-eabi/12.2.0/thumb/v7e-m/nofp\libgcc.a
                0x0000000000000020                _region_min_align = 0x20

.rel.plt        0x0000000000000000        0x0
 *(SORT_BY_ALIGNMENT(.rel.plt))
                [!provide]                        PROVIDE (__rel_iplt_start = .)
 *(SORT_BY_ALIGNMENT(.rel.iplt))
 .rel.iplt      0x0000000000000000        0x0 app/libapp.a(main.c.obj)
                [!provide]                        PROVIDE (__rel_iplt_end = .)

.rela.plt       0x0000000000000000        0x0
 *(SORT_BY_ALIGNMENT(.rela.plt))
                [!provide]                        PROVIDE (__rela_iplt_start = .)
 *(SORT_BY_ALIGNMENT(.rela.iplt))
                [!provide]                        PROVIDE (__rela_iplt_end = .)

.rel.dyn
 *(SORT_BY_ALIGNMENT(.rel.*))

.rela.dyn
 *(SORT_BY_ALIGNMENT(.rela.*))

/DISCARD/
 *(SORT_BY_ALIGNMENT(.plt))

/DISCARD/
 *(SORT_BY_ALIGNMENT(.iplt))
                0x0000000000000000                __rom_region_start = 0x0

rom_start       0x0000000000000000      0x100
                0x0000000000000000                __rom_start_address = .
 FILL mask 0x00
                0x0000000000000000                . = (. + (0x0 - (. - __rom_start_address)))
                0x0000000000000000                . = ALIGN (0x4)
                0x0000000000000000                . = ALIGN (0x80)
                0x0000000000000000                . = ALIGN (0x100)
                0x0000000000000000                _vector_start = .
 *(SORT_BY_ALIGNMENT(.exc_vector_table))
 *(SORT_BY_ALIGNMENT(.exc_vector_table.*))
 .exc_vector_table._vector_table_section
                0x0000000000000000       0x40 zephyr/arch/arch/arm/core/cortex_m/libarch__arm__core__cortex_m.a(vector_table.S.obj)
                0x0000000000000000                _vector_table
 *(SORT_BY_ALIGNMENT(.vectors))
                0x0000000000000100                _vector_end = .
                0x0000000000000040                . = ALIGN (0x4)
 *(SORT_BY_ALIGNMENT(.gnu.linkonce.irq_vector_table*))
 .gnu.linkonce.irq_vector_table
                0x0000000000000040       0xc0 zephyr/arch/common/libisr_tables.a(isr_tables.c.obj)
                0x0000000000000040                _irq_vector_table
                0x0000000000000100                _vector_end = .

text            0x0000000000000100     0x869c
                0x0000000000000100                __text_region_start = .
 *(SORT_BY_ALIGNMENT(.text))
 .text          0x0000000000000100       0x10 c:\ncs\toolchains\b8b84efebd\opt\zephyr-sdk\arm-zephyr-eabi\bin\../lib/gcc/../../picolibc/arm-zephyr-eabi/lib/thumb/v7e-m/nofp\libc.a(strlen.S.o)
                0x0000000000000100                strlen
 *(SORT_BY_ALIGNMENT(.text.*))
 .text.main     0x0000000000000110      0x220 app/libapp.a(main.c.obj)
                0x0000000000000110                main
 .text.cbvprintf_package
                0x0000000000000330      0x3a4 zephyr/libzephyr.a(cbprintf_packaged.c.obj)
                0x0000000000000330                cbvprintf_package
 .text.cbprintf_package_convert
                0x00000000000006d4      0x3cc zephyr/libzephyr.a(cbprintf_packaged.c.obj)
                0x00000000000006d4                cbprintf_package_convert
 .text.__printk_hook_install
                0x0000000000000aa0        0xc zephyr/libzephyr.a(printk.c.obj)
                0x0000000000000aa0                __printk_hook_install
 .text.z_thread_entry
                0x0000000000000aac       0x34 zephyr/libzephyr.a(thread_entry.c.obj)
                0x0000000000000aac                z_thread_entry
 .text.process_event
                0x0000000000000ae0      0x21c zephyr/libzephyr.a(onoff.c.obj)
 .text.activate_foreach_backend
                0x0000000000000cfc       0x64 zephyr/libzephyr.a(log_core.c.obj)
 .text.enable_logger
                0x0000000000000d60       0x5c zephyr/libzephyr.a(log_core.c.obj)
 .text.log_process_thread_timer_expiry_fn
                0x0000000000000dbc        0xc zephyr/libzephyr.a(log_core.c.obj)
 .text.z_log_init
                0x0000000000000dc8       0x90 zephyr/libzephyr.a(log_core.c.obj)
 .text.log_format_func_t_get
                0x0000000000000e58        0xc zephyr/libzephyr.a(log_core.c.obj)
                0x0000000000000e58                log_format_func_t_get
 .text.log_set_timestamp_func
                0x0000000000000e64       0x20 zephyr/libzephyr.a(log_core.c.obj)
                0x0000000000000e64                log_set_timestamp_func
 .text.z_log_notify_backend_enabled
                0x0000000000000e84       0x1c zephyr/libzephyr.a(log_core.c.obj)
                0x0000000000000e84                z_log_notify_backend_enabled
 .text.z_log_dropped
                0x0000000000000ea0       0x44 zephyr/libzephyr.a(log_core.c.obj)
                0x0000000000000ea0                z_log_dropped
 .text.z_log_dropped_read_and_clear
                0x0000000000000ee4       0x20 zephyr/libzephyr.a(log_core.c.obj)
                0x0000000000000ee4                z_log_dropped_read_and_clear
 .text.dropped_notify
                0x0000000000000f04       0x30 zephyr/libzephyr.a(log_core.c.obj)
                0x0000000000000f04                dropped_notify
 .text.z_log_msg_init
                0x0000000000000f34       0x20 zephyr/libzephyr.a(log_core.c.obj)
                0x0000000000000f34                z_log_msg_init
 .text.log_core_init
                0x0000000000000f54       0x34 zephyr/libzephyr.a(log_core.c.obj)
                0x0000000000000f54                log_core_init
 .text.z_log_msg_alloc
                0x0000000000000f88       0x10 zephyr/libzephyr.a(log_core.c.obj)
                0x0000000000000f88                z_log_msg_alloc
 .text.z_log_msg_local_claim
                0x0000000000000f98        0xc zephyr/libzephyr.a(log_core.c.obj)
                0x0000000000000f98                z_log_msg_local_claim
 .text.z_log_msg_free
                0x0000000000000fa4       0x10 zephyr/libzephyr.a(log_core.c.obj)
                0x0000000000000fa4                z_log_msg_free
 .text.z_log_msg_pending
                0x0000000000000fb4        0xc zephyr/libzephyr.a(log_core.c.obj)
                0x0000000000000fb4                z_log_msg_pending
 .text.z_impl_log_process
                0x0000000000000fc0       0xbc zephyr/libzephyr.a(log_core.c.obj)
                0x0000000000000fc0                z_impl_log_process
 .text.z_impl_log_panic
                0x000000000000107c       0x44 zephyr/libzephyr.a(log_core.c.obj)
                0x000000000000107c                z_impl_log_panic
 .text.log_process_thread_func
                0x00000000000010c0       0xa4 zephyr/libzephyr.a(log_core.c.obj)
 .text.z_log_msg_post_finalize
                0x0000000000001164       0x78 zephyr/libzephyr.a(log_core.c.obj)
 .text.z_log_msg_commit
                0x00000000000011dc       0x24 zephyr/libzephyr.a(log_core.c.obj)
                0x00000000000011dc                z_log_msg_commit
 .text.log_source_name_get
                0x0000000000001200       0x1c zephyr/libzephyr.a(log_mgmt.c.obj)
                0x0000000000001200                log_source_name_get
 .text.log_backend_enable
                0x000000000000121c       0x28 zephyr/libzephyr.a(log_mgmt.c.obj)
                0x000000000000121c                log_backend_enable
 .text.z_impl_z_log_msg_static_create
                0x0000000000001244      0x108 zephyr/libzephyr.a(log_msg.c.obj)
                0x0000000000001244                z_impl_z_log_msg_static_create
 .text.z_log_msg_runtime_vcreate
                0x000000000000134c       0xa0 zephyr/libzephyr.a(log_msg.c.obj)
                0x000000000000134c                z_log_msg_runtime_vcreate
 .text.log_msg_get_source_id
                0x00000000000013ec       0x18 zephyr/libzephyr.a(log_msg.c.obj)
                0x00000000000013ec                log_msg_get_source_id
 .text.print_formatted
                0x0000000000001404       0x24 zephyr/libzephyr.a(log_output.c.obj)
 .text.newline_print
                0x0000000000001428       0x1c zephyr/libzephyr.a(log_output.c.obj)
 .text.log_output_process
                0x0000000000001444      0x2d4 zephyr/libzephyr.a(log_output.c.obj)
                0x0000000000001444                log_output_process
 .text.log_output_dropped_process
                0x0000000000001718       0x58 zephyr/libzephyr.a(log_output.c.obj)
                0x0000000000001718                log_output_dropped_process
 .text.log_output_timestamp_freq_set
                0x0000000000001770       0x2c zephyr/libzephyr.a(log_output.c.obj)
                0x0000000000001770                log_output_timestamp_freq_set
 .text.log_backend_rtt_init
                0x000000000000179c        0xc zephyr/libzephyr.a(log_backend_rtt.c.obj)
 .text.format_set
                0x00000000000017a8        0xc zephyr/libzephyr.a(log_backend_rtt.c.obj)
 .text.dropped  0x00000000000017b4        0xc zephyr/libzephyr.a(log_backend_rtt.c.obj)
 .text.process  0x00000000000017c0       0x24 zephyr/libzephyr.a(log_backend_rtt.c.obj)
 .text.panic    0x00000000000017e4       0x34 zephyr/libzephyr.a(log_backend_rtt.c.obj)
 .text.on_failed_write
                0x0000000000001818       0x28 zephyr/libzephyr.a(log_backend_rtt.c.obj)
 .text.data_out_block_mode
                0x0000000000001840       0x88 zephyr/libzephyr.a(log_backend_rtt.c.obj)
 .text.char_out
                0x00000000000018c8       0x24 zephyr/libzephyr.a(log_backend_uart.c.obj)
 .text.mem_attr_get_regions
                0x00000000000018ec        0xc zephyr/libzephyr.a(mem_attr.c.obj)
                0x00000000000018ec                mem_attr_get_regions
 .text.boot_banner
                0x00000000000018f8       0x1c zephyr/libzephyr.a(banner.c.obj)
                0x00000000000018f8                boot_banner
 .text.z_arm_fatal_error
                0x0000000000001914       0xb8 zephyr/arch/arch/arm/core/libarch__arm__core.a(fatal.c.obj)
                0x0000000000001914                z_arm_fatal_error
 .text.z_SysNmiOnReset
                0x00000000000019cc        0x8 zephyr/arch/arch/arm/core/libarch__arm__core.a(nmi_on_reset.S.obj)
                0x00000000000019cc                z_SysNmiOnReset
 .text.arch_tls_stack_setup
                0x00000000000019d4       0x40 zephyr/arch/arch/arm/core/libarch__arm__core.a(tls.c.obj)
                0x00000000000019d4                arch_tls_stack_setup
 .text._HandlerModeExit
                0x0000000000001a14       0x28 zephyr/arch/arch/arm/core/cortex_m/libarch__arm__core__cortex_m.a(exc_exit.c.obj)
                0x0000000000001a14                z_arm_int_exit
                0x0000000000001a14                z_arm_exc_exit
 .text.bus_fault.constprop.0
                0x0000000000001a3c       0xd0 zephyr/arch/arch/arm/core/cortex_m/libarch__arm__core__cortex_m.a(fault.c.obj)
 .text.usage_fault.constprop.0
                0x0000000000001b0c       0xa8 zephyr/arch/arch/arm/core/cortex_m/libarch__arm__core__cortex_m.a(fault.c.obj)
 .text.mem_manage_fault
                0x0000000000001bb4      0x104 zephyr/arch/arch/arm/core/cortex_m/libarch__arm__core__cortex_m.a(fault.c.obj)
 .text.z_arm_fault
                0x0000000000001cb8      0x1d4 zephyr/arch/arch/arm/core/cortex_m/libarch__arm__core__cortex_m.a(fault.c.obj)
                0x0000000000001cb8                z_arm_fault
 .text.z_arm_fault_init
                0x0000000000001e8c       0x18 zephyr/arch/arch/arm/core/cortex_m/libarch__arm__core__cortex_m.a(fault.c.obj)
                0x0000000000001e8c                z_arm_fault_init
 .text.__fault  0x0000000000001ea4       0x14 zephyr/arch/arch/arm/core/cortex_m/libarch__arm__core__cortex_m.a(fault_s.S.obj)
                0x0000000000001ea4                z_arm_usage_fault
                0x0000000000001ea4                z_arm_mpu_fault
                0x0000000000001ea4                z_arm_exc_spurious
                0x0000000000001ea4                z_arm_debug_monitor
                0x0000000000001ea4                z_arm_hard_fault
                0x0000000000001ea4                z_arm_bus_fault
 .text._reset_section
                0x0000000000001eb8       0x60 zephyr/arch/arch/arm/core/cortex_m/libarch__arm__core__cortex_m.a(reset.S.obj)
                0x0000000000001eb8                __start
                0x0000000000001eb8                z_arm_reset
 .text.z_arm_clear_arm_mpu_config
                0x0000000000001f18       0x24 zephyr/arch/arch/arm/core/cortex_m/libarch__arm__core__cortex_m.a(scb.c.obj)
                0x0000000000001f18                z_arm_clear_arm_mpu_config
 .text.z_arm_init_arch_hw_at_boot
                0x0000000000001f3c       0x64 zephyr/arch/arch/arm/core/cortex_m/libarch__arm__core__cortex_m.a(scb.c.obj)
                0x0000000000001f3c                z_arm_init_arch_hw_at_boot
 .text.z_impl_k_thread_abort
                0x0000000000001fa0       0x2c zephyr/arch/arch/arm/core/cortex_m/libarch__arm__core__cortex_m.a(thread_abort.c.obj)
                0x0000000000001fa0                z_impl_k_thread_abort
 .text.z_arm_pendsv
                0x0000000000001fcc       0x68 zephyr/arch/arch/arm/core/cortex_m/libarch__arm__core__cortex_m.a(swap_helper.S.obj)
                0x0000000000001fcc                z_arm_pendsv
 .text.z_arm_svc
                0x0000000000002034       0x24 zephyr/arch/arch/arm/core/cortex_m/libarch__arm__core__cortex_m.a(swap_helper.S.obj)
                0x0000000000002034                z_arm_svc
 .text.arch_irq_enable
                0x0000000000002058       0x1c zephyr/arch/arch/arm/core/cortex_m/libarch__arm__core__cortex_m.a(irq_manage.c.obj)
                0x0000000000002058                arch_irq_enable
 .text.arch_irq_is_enabled
                0x0000000000002074       0x1c zephyr/arch/arch/arm/core/cortex_m/libarch__arm__core__cortex_m.a(irq_manage.c.obj)
                0x0000000000002074                arch_irq_is_enabled
 .text.z_arm_irq_priority_set
                0x0000000000002090       0x30 zephyr/arch/arch/arm/core/cortex_m/libarch__arm__core__cortex_m.a(irq_manage.c.obj)
                0x0000000000002090                z_arm_irq_priority_set
 .text.z_prep_c
                0x00000000000020c0       0x38 zephyr/arch/arch/arm/core/cortex_m/libarch__arm__core__cortex_m.a(prep_c.c.obj)
                0x00000000000020c0                z_prep_c
 .text.arch_new_thread
                0x00000000000020f8       0x38 zephyr/arch/arch/arm/core/cortex_m/libarch__arm__core__cortex_m.a(thread.c.obj)
                0x00000000000020f8                arch_new_thread
 .text.z_check_thread_stack_fail
                0x0000000000002130       0x30 zephyr/arch/arch/arm/core/cortex_m/libarch__arm__core__cortex_m.a(thread.c.obj)
                0x0000000000002130                z_check_thread_stack_fail
 .text.arch_switch_to_main_thread
                0x0000000000002160       0x40 zephyr/arch/arch/arm/core/cortex_m/libarch__arm__core__cortex_m.a(thread.c.obj)
                0x0000000000002160                arch_switch_to_main_thread
 .text.z_arm_cpu_idle_init
                0x00000000000021a0        0xc zephyr/arch/arch/arm/core/cortex_m/libarch__arm__core__cortex_m.a(cpu_idle.c.obj)
                0x00000000000021a0                z_arm_cpu_idle_init
 .text.z_arm_interrupt_init
                0x00000000000021ac       0x18 zephyr/arch/arch/arm/core/cortex_m/libarch__arm__core__cortex_m.a(irq_init.c.obj)
                0x00000000000021ac                z_arm_interrupt_init
 .text._isr_wrapper
                0x00000000000021c4       0x24 zephyr/arch/arch/arm/core/cortex_m/libarch__arm__core__cortex_m.a(isr_wrapper.c.obj)
                0x00000000000021c4                _isr_wrapper
 .text.z_arm_configure_static_mpu_regions
                0x00000000000021e8       0x18 zephyr/arch/arch/arm/core/mpu/libarch__arm__core__mpu.a(arm_core_mpu.c.obj)
                0x00000000000021e8                z_arm_configure_static_mpu_regions
 .text.z_arm_configure_dynamic_mpu_regions
                0x0000000000002200       0x24 zephyr/arch/arch/arm/core/mpu/libarch__arm__core__mpu.a(arm_core_mpu.c.obj)
                0x0000000000002200                z_arm_configure_dynamic_mpu_regions
 .text.region_allocate_and_init
                0x0000000000002224       0x54 zephyr/arch/arch/arm/core/mpu/libarch__arm__core__mpu.a(arm_mpu.c.obj)
 .text.mpu_configure_regions
                0x0000000000002278       0x68 zephyr/arch/arch/arm/core/mpu/libarch__arm__core__mpu.a(arm_mpu.c.obj)
 .text.arm_core_mpu_enable
                0x00000000000022e0       0x18 zephyr/arch/arch/arm/core/mpu/libarch__arm__core__mpu.a(arm_mpu.c.obj)
                0x00000000000022e0                arm_core_mpu_enable
 .text.arm_core_mpu_disable
                0x00000000000022f8       0x14 zephyr/arch/arch/arm/core/mpu/libarch__arm__core__mpu.a(arm_mpu.c.obj)
                0x00000000000022f8                arm_core_mpu_disable
 .text.arm_core_mpu_configure_static_mpu_regions
                0x000000000000230c       0x14 zephyr/arch/arch/arm/core/mpu/libarch__arm__core__mpu.a(arm_mpu.c.obj)
                0x000000000000230c                arm_core_mpu_configure_static_mpu_regions
 .text.arm_core_mpu_configure_dynamic_mpu_regions
                0x0000000000002320       0x38 zephyr/arch/arch/arm/core/mpu/libarch__arm__core__mpu.a(arm_mpu.c.obj)
                0x0000000000002320                arm_core_mpu_configure_dynamic_mpu_regions
 .text.z_arm_mpu_init
                0x0000000000002358      0x17c zephyr/arch/arch/arm/core/mpu/libarch__arm__core__mpu.a(arm_mpu.c.obj)
                0x0000000000002358                z_arm_mpu_init
 .text.cbvprintf
                0x00000000000024d4       0x38 zephyr/lib/libc/picolibc/liblib__libc__picolibc.a(cbprintf.c.obj)
                0x00000000000024d4                cbvprintf
 .text.z_impl_zephyr_fputc
                0x000000000000250c       0x10 zephyr/lib/libc/picolibc/liblib__libc__picolibc.a(stdio.c.obj)
                0x000000000000250c                z_impl_zephyr_fputc
 .text.__stdout_hook_install
                0x000000000000251c       0x18 zephyr/lib/libc/picolibc/liblib__libc__picolibc.a(stdio.c.obj)
                0x000000000000251c                __stdout_hook_install
 .text.malloc_prepare
                0x0000000000002534       0x24 zephyr/lib/libc/common/liblib__libc__common.a(malloc.c.obj)
 .text.nordicsemi_nrf52_init
                0x0000000000002558       0x18 zephyr/soc/soc/nrf52833/libsoc__nordic.a(soc.c.obj)
 .text.arch_busy_wait
                0x0000000000002570       0x14 zephyr/soc/soc/nrf52833/libsoc__nordic.a(soc.c.obj)
                0x0000000000002570                arch_busy_wait
 .text.onoff_stop
                0x0000000000002584       0x30 zephyr/drivers/clock_control/libdrivers__clock_control.a(clock_control_nrf.c.obj)
 .text.onoff_start
                0x00000000000025b4       0x44 zephyr/drivers/clock_control/libdrivers__clock_control.a(clock_control_nrf.c.obj)
 .text.generic_hfclk_stop
                0x00000000000025f8       0x34 zephyr/drivers/clock_control/libdrivers__clock_control.a(clock_control_nrf.c.obj)
 .text.clk_init
                0x000000000000262c       0x58 zephyr/drivers/clock_control/libdrivers__clock_control.a(clock_control_nrf.c.obj)
 .text.api_blocking_start
                0x0000000000002684       0x34 zephyr/drivers/clock_control/libdrivers__clock_control.a(clock_control_nrf.c.obj)
 .text.clkstarted_handle.constprop.0
                0x00000000000026b8       0x4c zephyr/drivers/clock_control/libdrivers__clock_control.a(clock_control_nrf.c.obj)
 .text.generic_hfclk_start
                0x0000000000002704       0x78 zephyr/drivers/clock_control/libdrivers__clock_control.a(clock_control_nrf.c.obj)
 .text.clock_event_handler
                0x000000000000277c       0x1c zephyr/drivers/clock_control/libdrivers__clock_control.a(clock_control_nrf.c.obj)
 .text.z_nrf_clock_control_lf_on
                0x0000000000002798       0xfc zephyr/drivers/clock_control/libdrivers__clock_control.a(clock_control_nrf.c.obj)
                0x0000000000002798                z_nrf_clock_control_lf_on
 .text.uart_console_init
                0x0000000000002894       0x28 zephyr/drivers/console/libdrivers__console.a(uart_console.c.obj)
 .text.console_out
                0x00000000000028bc       0x28 zephyr/drivers/console/libdrivers__console.a(uart_console.c.obj)
 .text.gpio_nrfx_pin_interrupt_configure
                0x00000000000028e4      0x100 zephyr/drivers/gpio/libdrivers__gpio.a(gpio_nrfx.c.obj)
 .text.gpio_nrfx_init
                0x00000000000029e4       0x48 zephyr/drivers/gpio/libdrivers__gpio.a(gpio_nrfx.c.obj)
 .text.nrfx_gpio_handler
                0x0000000000002a2c       0x4c zephyr/drivers/gpio/libdrivers__gpio.a(gpio_nrfx.c.obj)
 .text.gpio_nrfx_pin_configure
                0x0000000000002a78      0x18c zephyr/drivers/gpio/libdrivers__gpio.a(gpio_nrfx.c.obj)
 .text.event_handler
                0x0000000000002c04       0x38 zephyr/drivers/i2c/libdrivers__i2c.a(i2c_nrfx_twi.c.obj)
 .text.i2c_nrfx_twi_transfer
                0x0000000000002c3c       0xc0 zephyr/drivers/i2c/libdrivers__i2c.a(i2c_nrfx_twi.c.obj)
 .text.i2c_nrfx_twi_init
                0x0000000000002cfc       0x60 zephyr/drivers/i2c/libdrivers__i2c.a(i2c_nrfx_twi_common.c.obj)
                0x0000000000002cfc                i2c_nrfx_twi_init
 .text.i2c_nrfx_twi_configure
                0x0000000000002d5c       0x48 zephyr/drivers/i2c/libdrivers__i2c.a(i2c_nrfx_twi_common.c.obj)
                0x0000000000002d5c                i2c_nrfx_twi_configure
 .text.i2c_nrfx_twi_recover_bus
                0x0000000000002da4       0x24 zephyr/drivers/i2c/libdrivers__i2c.a(i2c_nrfx_twi_common.c.obj)
                0x0000000000002da4                i2c_nrfx_twi_recover_bus
 .text.i2c_nrfx_twi_msg_transfer
                0x0000000000002dc8       0x90 zephyr/drivers/i2c/libdrivers__i2c.a(i2c_nrfx_twi_common.c.obj)
                0x0000000000002dc8                i2c_nrfx_twi_msg_transfer
 .text.nrf_gpio_pin_port_decode
                0x0000000000002e58       0x20 zephyr/drivers/pinctrl/libdrivers__pinctrl.a(pinctrl_nrf.c.obj)
 .text.pinctrl_configure_pins
                0x0000000000002e78      0x170 zephyr/drivers/pinctrl/libdrivers__pinctrl.a(pinctrl_nrf.c.obj)
                0x0000000000002e78                pinctrl_configure_pins
 .text.uarte_nrfx_poll_out
                0x0000000000002fe8       0xb4 zephyr/drivers/serial/libdrivers__serial.a(uart_nrfx_uarte.c.obj)
 .text.uarte_0_init
                0x000000000000309c      0x120 zephyr/drivers/serial/libdrivers__serial.a(uart_nrfx_uarte.c.obj)
 .text.compare_int_lock
                0x00000000000031bc       0x48 zephyr/drivers/timer/libdrivers__timer.a(nrf_rtc_timer.c.obj)
 .text.sys_clock_timeout_handler
                0x0000000000003204       0x48 zephyr/drivers/timer/libdrivers__timer.a(nrf_rtc_timer.c.obj)
 .text.compare_int_unlock
                0x000000000000324c       0x5c zephyr/drivers/timer/libdrivers__timer.a(nrf_rtc_timer.c.obj)
 .text.z_nrf_rtc_timer_read
                0x00000000000032a8       0x44 zephyr/drivers/timer/libdrivers__timer.a(nrf_rtc_timer.c.obj)
                0x00000000000032a8                z_nrf_rtc_timer_read
 .text.compare_set
                0x00000000000032ec      0x130 zephyr/drivers/timer/libdrivers__timer.a(nrf_rtc_timer.c.obj)
 .text.sys_clock_driver_init
                0x000000000000341c       0x90 zephyr/drivers/timer/libdrivers__timer.a(nrf_rtc_timer.c.obj)
 .text.rtc_nrf_isr
                0x00000000000034ac       0xd4 zephyr/drivers/timer/libdrivers__timer.a(nrf_rtc_timer.c.obj)
                0x00000000000034ac                rtc_nrf_isr
 .text.sys_clock_set_timeout
                0x0000000000003580       0x5c zephyr/drivers/timer/libdrivers__timer.a(nrf_rtc_timer.c.obj)
                0x0000000000003580                sys_clock_set_timeout
 .text.sys_clock_elapsed
                0x00000000000035dc       0x14 zephyr/drivers/timer/libdrivers__timer.a(nrf_rtc_timer.c.obj)
                0x00000000000035dc                sys_clock_elapsed
 .text.nvmc_wait
                0x00000000000035f0       0x10 modules/hal_nordic/modules/hal_nordic/nrfx/libmodules__hal_nordic__nrfx.a(system_nrf52833.c.obj)
                0x00000000000035f0                nvmc_wait
 .text.SystemInit
                0x0000000000003600      0x14c modules/hal_nordic/modules/hal_nordic/nrfx/libmodules__hal_nordic__nrfx.a(system_nrf52833.c.obj)
                0x0000000000003600                SystemInit
 .text.nrfx_flag32_alloc
                0x000000000000374c       0x48 modules/hal_nordic/modules/hal_nordic/nrfx/libmodules__hal_nordic__nrfx.a(nrfx_flag32_allocator.c.obj)
                0x000000000000374c                nrfx_flag32_alloc
 .text.nrfx_flag32_free
                0x0000000000003794       0x40 modules/hal_nordic/modules/hal_nordic/nrfx/libmodules__hal_nordic__nrfx.a(nrfx_flag32_allocator.c.obj)
                0x0000000000003794                nrfx_flag32_free
 .text.nrfx_gppi_channels_enable
                0x00000000000037d4        0xc modules/hal_nordic/modules/hal_nordic/nrfx/libmodules__hal_nordic__nrfx.a(nrfx_gppi_ppi.c.obj)
                0x00000000000037d4                nrfx_gppi_channels_enable
 .text.nrfx_clock_init
                0x00000000000037e0       0x20 modules/hal_nordic/modules/hal_nordic/nrfx/libmodules__hal_nordic__nrfx.a(nrfx_clock.c.obj)
                0x00000000000037e0                nrfx_clock_init
 .text.nrfx_clock_enable
                0x0000000000003800       0x24 modules/hal_nordic/modules/hal_nordic/nrfx/libmodules__hal_nordic__nrfx.a(nrfx_clock.c.obj)
                0x0000000000003800                nrfx_clock_enable
 .text.nrfx_clock_start
                0x0000000000003824       0xa8 modules/hal_nordic/modules/hal_nordic/nrfx/libmodules__hal_nordic__nrfx.a(nrfx_clock.c.obj)
                0x0000000000003824                nrfx_clock_start
 .text.nrfx_power_clock_irq_handler
                0x00000000000038cc       0x6c modules/hal_nordic/modules/hal_nordic/nrfx/libmodules__hal_nordic__nrfx.a(nrfx_clock.c.obj)
                0x00000000000038cc                nrfx_power_clock_irq_handler
 .text.nrf_gpio_pin_port_decode
                0x0000000000003938       0x20 modules/hal_nordic/modules/hal_nordic/nrfx/libmodules__hal_nordic__nrfx.a(nrfx_gpiote.c.obj)
 .text.get_pin_idx
                0x0000000000003958       0x14 modules/hal_nordic/modules/hal_nordic/nrfx/libmodules__hal_nordic__nrfx.a(nrfx_gpiote.c.obj)
 .text.call_handler.constprop.0
                0x000000000000396c       0x40 modules/hal_nordic/modules/hal_nordic/nrfx/libmodules__hal_nordic__nrfx.a(nrfx_gpiote.c.obj)
 .text.pin_te_get.constprop.0
                0x00000000000039ac       0x18 modules/hal_nordic/modules/hal_nordic/nrfx/libmodules__hal_nordic__nrfx.a(nrfx_gpiote.c.obj)
 .text.pin_is_output.constprop.0
                0x00000000000039c4       0x18 modules/hal_nordic/modules/hal_nordic/nrfx/libmodules__hal_nordic__nrfx.a(nrfx_gpiote.c.obj)
 .text.pin_in_use_by_te.constprop.0
                0x00000000000039dc       0x18 modules/hal_nordic/modules/hal_nordic/nrfx/libmodules__hal_nordic__nrfx.a(nrfx_gpiote.c.obj)
 .text.latch_pending_read_and_check
                0x00000000000039f4       0x40 modules/hal_nordic/modules/hal_nordic/nrfx/libmodules__hal_nordic__nrfx.a(nrfx_gpiote.c.obj)
 .text.release_handler.isra.0
                0x0000000000003a34       0x58 modules/hal_nordic/modules/hal_nordic/nrfx/libmodules__hal_nordic__nrfx.a(nrfx_gpiote.c.obj)
 .text.__nrfy_internal_gpiote_events_process.constprop.0
                0x0000000000003a8c       0x5c modules/hal_nordic/modules/hal_nordic/nrfx/libmodules__hal_nordic__nrfx.a(nrfx_gpiote.c.obj)
 .text.pin_uninit
                0x0000000000003ae8       0x80 modules/hal_nordic/modules/hal_nordic/nrfx/libmodules__hal_nordic__nrfx.a(nrfx_gpiote.c.obj)
 .text.nrfx_gpiote_input_configure
                0x0000000000003b68      0x174 modules/hal_nordic/modules/hal_nordic/nrfx/libmodules__hal_nordic__nrfx.a(nrfx_gpiote.c.obj)
                0x0000000000003b68                nrfx_gpiote_input_configure
 .text.nrfx_gpiote_output_configure
                0x0000000000003cdc       0xfc modules/hal_nordic/modules/hal_nordic/nrfx/libmodules__hal_nordic__nrfx.a(nrfx_gpiote.c.obj)
                0x0000000000003cdc                nrfx_gpiote_output_configure
 .text.nrfx_gpiote_global_callback_set
                0x0000000000003dd8        0xc modules/hal_nordic/modules/hal_nordic/nrfx/libmodules__hal_nordic__nrfx.a(nrfx_gpiote.c.obj)
                0x0000000000003dd8                nrfx_gpiote_global_callback_set
 .text.nrfx_gpiote_channel_get
                0x0000000000003de4       0x34 modules/hal_nordic/modules/hal_nordic/nrfx/libmodules__hal_nordic__nrfx.a(nrfx_gpiote.c.obj)
                0x0000000000003de4                nrfx_gpiote_channel_get
 .text.nrfx_gpiote_init
                0x0000000000003e18       0x68 modules/hal_nordic/modules/hal_nordic/nrfx/libmodules__hal_nordic__nrfx.a(nrfx_gpiote.c.obj)
                0x0000000000003e18                nrfx_gpiote_init
 .text.nrfx_gpiote_init_check
                0x0000000000003e80       0x14 modules/hal_nordic/modules/hal_nordic/nrfx/libmodules__hal_nordic__nrfx.a(nrfx_gpiote.c.obj)
                0x0000000000003e80                nrfx_gpiote_init_check
 .text.nrfx_gpiote_channel_free
                0x0000000000003e94        0xc modules/hal_nordic/modules/hal_nordic/nrfx/libmodules__hal_nordic__nrfx.a(nrfx_gpiote.c.obj)
                0x0000000000003e94                nrfx_gpiote_channel_free
 .text.nrfx_gpiote_channel_alloc
                0x0000000000003ea0        0xc modules/hal_nordic/modules/hal_nordic/nrfx/libmodules__hal_nordic__nrfx.a(nrfx_gpiote.c.obj)
                0x0000000000003ea0                nrfx_gpiote_channel_alloc
 .text.nrfx_gpiote_trigger_enable
                0x0000000000003eac       0xb0 modules/hal_nordic/modules/hal_nordic/nrfx/libmodules__hal_nordic__nrfx.a(nrfx_gpiote.c.obj)
                0x0000000000003eac                nrfx_gpiote_trigger_enable
 .text.nrfx_gpiote_0_irq_handler
                0x0000000000003f5c      0x1bc modules/hal_nordic/modules/hal_nordic/nrfx/libmodules__hal_nordic__nrfx.a(nrfx_gpiote.c.obj)
                0x0000000000003f5c                nrfx_gpiote_0_irq_handler
 .text.nrfx_ppi_channel_alloc
                0x0000000000004118        0xc modules/hal_nordic/modules/hal_nordic/nrfx/libmodules__hal_nordic__nrfx.a(nrfx_ppi.c.obj)
                0x0000000000004118                nrfx_ppi_channel_alloc
 .text.nrf_gpio_cfg.constprop.0
                0x0000000000004124       0x48 modules/hal_nordic/modules/hal_nordic/nrfx/libmodules__hal_nordic__nrfx.a(nrfx_twi.c.obj)
 .text.twi_configure
                0x000000000000416c       0x3c modules/hal_nordic/modules/hal_nordic/nrfx/libmodules__hal_nordic__nrfx.a(nrfx_twi.c.obj)
 .text.twi_tx_start_transfer
                0x00000000000041a8      0x104 modules/hal_nordic/modules/hal_nordic/nrfx/libmodules__hal_nordic__nrfx.a(nrfx_twi.c.obj)
 .text.twi_rx_start_transfer
                0x00000000000042ac       0xe4 modules/hal_nordic/modules/hal_nordic/nrfx/libmodules__hal_nordic__nrfx.a(nrfx_twi.c.obj)
 .text.nrfx_twi_init
                0x0000000000004390       0x88 modules/hal_nordic/modules/hal_nordic/nrfx/libmodules__hal_nordic__nrfx.a(nrfx_twi.c.obj)
                0x0000000000004390                nrfx_twi_init
 .text.nrfx_twi_enable
                0x0000000000004418       0x20 modules/hal_nordic/modules/hal_nordic/nrfx/libmodules__hal_nordic__nrfx.a(nrfx_twi.c.obj)
                0x0000000000004418                nrfx_twi_enable
 .text.nrfx_twi_disable
                0x0000000000004438       0x38 modules/hal_nordic/modules/hal_nordic/nrfx/libmodules__hal_nordic__nrfx.a(nrfx_twi.c.obj)
                0x0000000000004438                nrfx_twi_disable
 .text.nrfx_twi_xfer
                0x0000000000004470       0xdc modules/hal_nordic/modules/hal_nordic/nrfx/libmodules__hal_nordic__nrfx.a(nrfx_twi.c.obj)
                0x0000000000004470                nrfx_twi_xfer
 .text.nrfx_twi_0_irq_handler
                0x000000000000454c       0xd8 modules/hal_nordic/modules/hal_nordic/nrfx/libmodules__hal_nordic__nrfx.a(nrfx_twi.c.obj)
                0x000000000000454c                nrfx_twi_0_irq_handler
 .text.nrf_gpio_pin_port_decode
                0x0000000000004624       0x20 modules/hal_nordic/modules/hal_nordic/nrfx/libmodules__hal_nordic__nrfx.a(nrfx_twi_twim.c.obj)
 .text.nrfx_twi_twim_bus_recover
                0x0000000000004644       0xdc modules/hal_nordic/modules/hal_nordic/nrfx/libmodules__hal_nordic__nrfx.a(nrfx_twi_twim.c.obj)
                0x0000000000004644                nrfx_twi_twim_bus_recover
 .text._DoInit  0x0000000000004720       0x60 modules/segger/libmodules__segger.a(SEGGER_RTT.c.obj)
 .text.SEGGER_RTT_WriteSkipNoLock
                0x0000000000004780       0x88 modules/segger/libmodules__segger.a(SEGGER_RTT.c.obj)
                0x0000000000004780                SEGGER_RTT_WriteSkipNoLock
 .text.SEGGER_RTT_HasDataUp
                0x0000000000004808       0x14 modules/segger/libmodules__segger.a(SEGGER_RTT.c.obj)
                0x0000000000004808                SEGGER_RTT_HasDataUp
 .text.SEGGER_RTT_Init
                0x000000000000481c       0x2c modules/segger/libmodules__segger.a(SEGGER_RTT.c.obj)
                0x000000000000481c                SEGGER_RTT_Init
 .text.npz2100_map_apply
                0x0000000000004848       0x2c modules/npz2100/drivers/npz2100/libnpz2100.a(npz2100_mid.c.obj)
                0x0000000000004848                npz2100_map_apply
 .text.npz2100_map_diff_count
                0x0000000000004874       0x3c modules/npz2100/drivers/npz2100/libnpz2100.a(npz2100_mid.c.obj)
                0x0000000000004874                npz2100_map_diff_count
 .text.npz2100_map_validate
                0x00000000000048b0       0x18 modules/npz2100/drivers/npz2100/libnpz2100.a(npz2100_mid.c.obj)
                0x00000000000048b0                npz2100_map_validate
 .text.npz2100_periph_apply
                0x00000000000048c8       0x98 modules/npz2100/drivers/npz2100/libnpz2100.a(npz2100_mid.c.obj)
                0x00000000000048c8                npz2100_periph_apply
 .text.err_to_zephyr
                0x0000000000004960       0x18 modules/npz2100/drivers/npz2100/libnpz2100.a(npz2100_zephyr.c.obj)
 .text.zephyr_i2c_read
                0x0000000000004978       0x74 modules/npz2100/drivers/npz2100/libnpz2100.a(npz2100_zephyr.c.obj)
 .text.zephyr_i2c_write
                0x00000000000049ec       0x64 modules/npz2100/drivers/npz2100/libnpz2100.a(npz2100_zephyr.c.obj)
 .text.npz2100_init
                0x0000000000004a50      0x100 modules/npz2100/drivers/npz2100/libnpz2100.a(npz2100_zephyr.c.obj)
 .text.npz2100_boot_status
                0x0000000000004b50      0x190 modules/npz2100/drivers/npz2100/libnpz2100.a(npz2100_zephyr.c.obj)
                0x0000000000004b50                npz2100_boot_status
 .text.npz2100_readback
                0x0000000000004ce0       0x48 modules/npz2100/drivers/npz2100/libnpz2100.a(npz2100_zephyr.c.obj)
                0x0000000000004ce0                npz2100_readback
 .text.npz2100_apply_regmap
                0x0000000000004d28       0xb0 modules/npz2100/drivers/npz2100/libnpz2100.a(npz2100_zephyr.c.obj)
                0x0000000000004d28                npz2100_apply_regmap
 .text.npz2100_shadow_flush
                0x0000000000004dd8      0x254 modules/npz2100/drivers/npz2100/libnpz2100.a(npz2100_zephyr.c.obj)
                0x0000000000004dd8                npz2100_shadow_flush
 .text.npz2100_enter_idle
                0x000000000000502c       0x40 modules/npz2100/drivers/npz2100/libnpz2100.a(npz2100_zephyr.c.obj)
                0x000000000000502c                npz2100_enter_idle
 .text.k_sys_fatal_error_handler
                0x000000000000506c       0x20 zephyr/kernel/libkernel.a(fatal.c.obj)
                0x000000000000506c                k_sys_fatal_error_handler
 .text.z_fatal_error
                0x000000000000508c       0xe8 zephyr/kernel/libkernel.a(fatal.c.obj)
                0x000000000000508c                z_fatal_error
 .text.z_sys_init_run_level
                0x0000000000005174       0x2c zephyr/kernel/libkernel.a(init.c.obj)
 .text.bg_thread_main
                0x00000000000051a0       0xc4 zephyr/kernel/libkernel.a(init.c.obj)
 .text.z_bss_zero
                0x0000000000005264       0x18 zephyr/kernel/libkernel.a(init.c.obj)
                0x0000000000005264                z_bss_zero
 .text.z_init_cpu
                0x000000000000527c       0x78 zephyr/kernel/libkernel.a(init.c.obj)
                0x000000000000527c                z_init_cpu
 .text.z_cstart
                0x00000000000052f4       0xe0 zephyr/kernel/libkernel.a(init.c.obj)
                0x00000000000052f4                z_cstart
 .text.z_impl_k_mutex_lock
                0x00000000000053d4       0xf0 zephyr/kernel/libkernel.a(mutex.c.obj)
                0x00000000000053d4                z_impl_k_mutex_lock
 .text.z_impl_k_mutex_unlock
                0x00000000000054c4       0xa0 zephyr/kernel/libkernel.a(mutex.c.obj)
                0x00000000000054c4                z_impl_k_mutex_unlock
 .text.z_impl_k_sem_give
                0x0000000000005564       0x68 zephyr/kernel/libkernel.a(sem.c.obj)
                0x0000000000005564                z_impl_k_sem_give
 .text.z_impl_k_sem_take
                0x00000000000055cc       0x4c zephyr/kernel/libkernel.a(sem.c.obj)
                0x00000000000055cc                z_impl_k_sem_take
 .text.z_impl_k_thread_name_set
                0x0000000000005618       0x20 zephyr/kernel/libkernel.a(thread.c.obj)
                0x0000000000005618                z_impl_k_thread_name_set
 .text.z_setup_new_thread
                0x0000000000005638       0xec zephyr/kernel/libkernel.a(thread.c.obj)
                0x0000000000005638                z_setup_new_thread
 .text.z_impl_k_thread_create
                0x0000000000005724       0x58 zephyr/kernel/libkernel.a(thread.c.obj)
                0x0000000000005724                z_impl_k_thread_create
 .text.z_swap_irqlock
                0x000000000000577c       0x34 zephyr/kernel/libkernel.a(sched.c.obj)
 .text.ready_thread
                0x00000000000057b0       0x90 zephyr/kernel/libkernel.a(sched.c.obj)
 .text.unready_thread
                0x0000000000005840       0x54 zephyr/kernel/libkernel.a(sched.c.obj)
 .text.move_thread_to_end_of_prio_q
                0x0000000000005894       0x90 zephyr/kernel/libkernel.a(sched.c.obj)
                0x0000000000005894                move_thread_to_end_of_prio_q
 .text.z_pend_curr
                0x0000000000005924       0x58 zephyr/kernel/libkernel.a(sched.c.obj)
                0x0000000000005924                z_pend_curr
 .text.z_thread_prio_set
                0x000000000000597c       0x9c zephyr/kernel/libkernel.a(sched.c.obj)
                0x000000000000597c                z_thread_prio_set
 .text.z_reschedule
                0x0000000000005a18       0x24 zephyr/kernel/libkernel.a(sched.c.obj)
                0x0000000000005a18                z_reschedule
 .text.z_reschedule_irqlock
                0x0000000000005a3c       0x28 zephyr/kernel/libkernel.a(sched.c.obj)
                0x0000000000005a3c                z_reschedule_irqlock
 .text.k_sched_lock
                0x0000000000005a64       0x28 zephyr/kernel/libkernel.a(sched.c.obj)
                0x0000000000005a64                k_sched_lock
 .text.k_sched_unlock
                0x0000000000005a8c       0x68 zephyr/kernel/libkernel.a(sched.c.obj)
                0x0000000000005a8c                k_sched_unlock
 .text.z_sched_init
                0x0000000000005af4       0x10 zephyr/kernel/libkernel.a(sched.c.obj)
                0x0000000000005af4                z_sched_init
 .text.z_impl_k_yield
                0x0000000000005b04       0x88 zephyr/kernel/libkernel.a(sched.c.obj)
                0x0000000000005b04                z_impl_k_yield
 .text.z_tick_sleep
                0x0000000000005b8c       0x80 zephyr/kernel/libkernel.a(sched.c.obj)
 .text.z_impl_k_wakeup
                0x0000000000005c0c       0x4c zephyr/kernel/libkernel.a(sched.c.obj)
                0x0000000000005c0c                z_impl_k_wakeup
 .text.z_impl_k_sched_current_thread_query
                0x0000000000005c58        0xc zephyr/kernel/libkernel.a(sched.c.obj)
                0x0000000000005c58                z_impl_k_sched_current_thread_query
 .text.z_thread_abort
                0x0000000000005c64      0x118 zephyr/kernel/libkernel.a(sched.c.obj)
                0x0000000000005c64                z_thread_abort
 .text.slice_timeout
                0x0000000000005d7c       0x20 zephyr/kernel/libkernel.a(timeslicing.c.obj)
 .text.thread_is_sliceable
                0x0000000000005d9c       0x3c zephyr/kernel/libkernel.a(timeslicing.c.obj)
                0x0000000000005d9c                thread_is_sliceable
 .text.z_reset_time_slice
                0x0000000000005dd8       0x50 zephyr/kernel/libkernel.a(timeslicing.c.obj)
                0x0000000000005dd8                z_reset_time_slice
 .text.z_time_slice
                0x0000000000005e28       0x60 zephyr/kernel/libkernel.a(timeslicing.c.obj)
                0x0000000000005e28                z_time_slice
 .text.z_thread_monitor_exit
                0x0000000000005e88       0x3c zephyr/kernel/libkernel.a(thread_monitor.c.obj)
                0x0000000000005e88                z_thread_monitor_exit
 .text.z_data_copy
                0x0000000000005ec4       0x38 zephyr/kernel/libkernel.a(xip.c.obj)
                0x0000000000005ec4                z_data_copy
 .text.first    0x0000000000005efc       0x10 zephyr/kernel/libkernel.a(timeout.c.obj)
 .text.elapsed  0x0000000000005f0c       0x14 zephyr/kernel/libkernel.a(timeout.c.obj)
 .text.remove_timeout
                0x0000000000005f20       0x38 zephyr/kernel/libkernel.a(timeout.c.obj)
 .text.z_add_timeout
                0x0000000000005f58       0xec zephyr/kernel/libkernel.a(timeout.c.obj)
                0x0000000000005f58                z_add_timeout
 .text.sys_clock_announce
                0x0000000000006044       0xbc zephyr/kernel/libkernel.a(timeout.c.obj)
                0x0000000000006044                sys_clock_announce
 .text.sys_clock_tick_get
                0x0000000000006100       0x30 zephyr/kernel/libkernel.a(timeout.c.obj)
                0x0000000000006100                sys_clock_tick_get
 .text.z_timer_expiration_handler
                0x0000000000006130       0xe0 zephyr/kernel/libkernel.a(timer.c.obj)
                0x0000000000006130                z_timer_expiration_handler
 .text.z_impl_k_timer_start
                0x0000000000006210       0x74 zephyr/kernel/libkernel.a(timer.c.obj)
                0x0000000000006210                z_impl_k_timer_start
 .text.snprintf
                0x0000000000006284       0x58 c:\ncs\toolchains\b8b84efebd\opt\zephyr-sdk\arm-zephyr-eabi\bin\../lib/gcc/../../picolibc/arm-zephyr-eabi/lib/thumb/v7e-m/nofp\libc.a(libc_tinystdio_snprintf.c.o)
                0x0000000000006284                snprintf
 .text.__l_vfprintf
                0x00000000000062dc      0x4b8 c:\ncs\toolchains\b8b84efebd\opt\zephyr-sdk\arm-zephyr-eabi\bin\../lib/gcc/../../picolibc/arm-zephyr-eabi/lib/thumb/v7e-m/nofp\libc.a(libc_tinystdio_vflprintf.c.o)
                0x00000000000062dc                __l_vfprintf
 .text._OffsetAbsSyms
                0x0000000000006794        0x2 zephyr/CMakeFiles/offsets.dir/./arch/arm/core/offsets/offsets.c.obj
                0x0000000000006794                _OffsetAbsSyms
 .text.chunk_field
                0x0000000000006796       0x16 zephyr/libzephyr.a(heap.c.obj)
 .text.chunk_set
                0x00000000000067ac       0x16 zephyr/libzephyr.a(heap.c.obj)
 .text.chunk_size
                0x00000000000067c2        0xc zephyr/libzephyr.a(heap.c.obj)
 .text.set_chunk_used
                0x00000000000067ce       0x30 zephyr/libzephyr.a(heap.c.obj)
 .text.set_chunk_size
                0x00000000000067fe        0x8 zephyr/libzephyr.a(heap.c.obj)
 .text.bucket_idx.isra.0
                0x0000000000006806       0x1c zephyr/libzephyr.a(heap.c.obj)
 .text.free_list_add
                0x0000000000006822       0x84 zephyr/libzephyr.a(heap.c.obj)
 .text.sys_heap_init
                0x00000000000068a6       0xb0 zephyr/libzephyr.a(heap.c.obj)
                0x00000000000068a6                sys_heap_init
 .text.cbpprintf_external
                0x0000000000006956       0x62 zephyr/libzephyr.a(cbprintf_packaged.c.obj)
                0x0000000000006956                cbpprintf_external
 .text.is_ptr   0x00000000000069b8       0x4a zephyr/libzephyr.a(cbprintf_packaged.c.obj)
                0x00000000000069b8                is_ptr
 .text.arch_printk_char_out
                0x0000000000006a02        0x4 zephyr/libzephyr.a(printk.c.obj)
                0x0000000000006a02                arch_printk_char_out
 .text.printk   0x0000000000006a06       0x1a zephyr/libzephyr.a(printk.c.obj)
                0x0000000000006a06                printk
 .text.free_space
                0x0000000000006a20       0x26 zephyr/libzephyr.a(mpsc_pbuf.c.obj)
 .text.get_usage
                0x0000000000006a46       0x22 zephyr/libzephyr.a(mpsc_pbuf.c.obj)
 .text.idx_inc  0x0000000000006a68       0x1c zephyr/libzephyr.a(mpsc_pbuf.c.obj)
 .text.rd_idx_inc
                0x0000000000006a84       0x18 zephyr/libzephyr.a(mpsc_pbuf.c.obj)
 .text.add_skip_item
                0x0000000000006a9c       0x3a zephyr/libzephyr.a(mpsc_pbuf.c.obj)
 .text.drop_item_locked
                0x0000000000006ad6       0xee zephyr/libzephyr.a(mpsc_pbuf.c.obj)
 .text.post_drop_action
                0x0000000000006bc4       0x36 zephyr/libzephyr.a(mpsc_pbuf.c.obj)
 .text.max_utilization_update
                0x0000000000006bfa       0x1a zephyr/libzephyr.a(mpsc_pbuf.c.obj)
 .text.mpsc_pbuf_init
                0x0000000000006c14       0x42 zephyr/libzephyr.a(mpsc_pbuf.c.obj)
                0x0000000000006c14                mpsc_pbuf_init
 .text.mpsc_pbuf_alloc
                0x0000000000006c56       0xfe zephyr/libzephyr.a(mpsc_pbuf.c.obj)
                0x0000000000006c56                mpsc_pbuf_alloc
 .text.mpsc_pbuf_commit
                0x0000000000006d54       0x3e zephyr/libzephyr.a(mpsc_pbuf.c.obj)
                0x0000000000006d54                mpsc_pbuf_commit
 .text.mpsc_pbuf_claim
                0x0000000000006d92       0xa8 zephyr/libzephyr.a(mpsc_pbuf.c.obj)
                0x0000000000006d92                mpsc_pbuf_claim
 .text.mpsc_pbuf_free
                0x0000000000006e3a       0x76 zephyr/libzephyr.a(mpsc_pbuf.c.obj)
                0x0000000000006e3a                mpsc_pbuf_free
 .text.mpsc_pbuf_is_pending
                0x0000000000006eb0       0x32 zephyr/libzephyr.a(mpsc_pbuf.c.obj)
                0x0000000000006eb0                mpsc_pbuf_is_pending
 .text.process_recheck
                0x0000000000006ee2       0x38 zephyr/libzephyr.a(onoff.c.obj)
 .text.validate_args
                0x0000000000006f1a       0x20 zephyr/libzephyr.a(onoff.c.obj)
 .text.notify_one
                0x0000000000006f3a       0x2c zephyr/libzephyr.a(onoff.c.obj)
 .text.transition_complete
                0x0000000000006f66       0x1a zephyr/libzephyr.a(onoff.c.obj)
 .text.onoff_manager_init
                0x0000000000006f80       0x26 zephyr/libzephyr.a(onoff.c.obj)
                0x0000000000006f80                onoff_manager_init
 .text.onoff_request
                0x0000000000006fa6       0xae zephyr/libzephyr.a(onoff.c.obj)
                0x0000000000006fa6                onoff_request
 .text.sys_notify_validate
                0x0000000000007054       0x22 zephyr/libzephyr.a(notify.c.obj)
                0x0000000000007054                sys_notify_validate
 .text.sys_notify_finalize
                0x0000000000007076       0x1a zephyr/libzephyr.a(notify.c.obj)
                0x0000000000007076                sys_notify_finalize
 .text._ConfigAbsSyms
                0x0000000000007090        0x2 zephyr/libzephyr.a(configs.c.obj)
                0x0000000000007090                _ConfigAbsSyms
 .text.log_msg_generic_get_wlen
                0x0000000000007092       0x20 zephyr/libzephyr.a(log_core.c.obj)
 .text.dummy_timestamp
                0x00000000000070b2        0x4 zephyr/libzephyr.a(log_core.c.obj)
 .text.default_get_timestamp
                0x00000000000070b6        0x4 zephyr/libzephyr.a(log_core.c.obj)
 .text.atomic_inc
                0x00000000000070ba       0x1a zephyr/libzephyr.a(log_core.c.obj)
 .text.z_log_vprintk
                0x00000000000070d4       0x1c zephyr/libzephyr.a(log_core.c.obj)
                0x00000000000070d4                z_log_vprintk
 .text.z_log_notify_drop
                0x00000000000070f0        0x6 zephyr/libzephyr.a(log_core.c.obj)
 .text.z_log_get_tag
                0x00000000000070f6        0x4 zephyr/libzephyr.a(log_core.c.obj)
                0x00000000000070f6                z_log_get_tag
 .text.z_cbprintf_cpy
                0x00000000000070fa       0x2c zephyr/libzephyr.a(log_msg.c.obj)
 .text.z_log_msg_finalize
                0x0000000000007126       0x32 zephyr/libzephyr.a(log_msg.c.obj)
                0x0000000000007126                z_log_msg_finalize
 .text.z_log_msg_simple_create
                0x0000000000007158       0x6e zephyr/libzephyr.a(log_msg.c.obj)
 .text.z_impl_z_log_msg_simple_create_0
                0x00000000000071c6       0x12 zephyr/libzephyr.a(log_msg.c.obj)
                0x00000000000071c6                z_impl_z_log_msg_simple_create_0
 .text.z_impl_z_log_msg_simple_create_1
                0x00000000000071d8       0x14 zephyr/libzephyr.a(log_msg.c.obj)
                0x00000000000071d8                z_impl_z_log_msg_simple_create_1
 .text.z_impl_z_log_msg_simple_create_2
                0x00000000000071ec       0x18 zephyr/libzephyr.a(log_msg.c.obj)
                0x00000000000071ec                z_impl_z_log_msg_simple_create_2
 .text.log_output_write
                0x0000000000007204       0x1c zephyr/libzephyr.a(log_output.c.obj)
 .text.log_output_flush
                0x0000000000007220       0x1a zephyr/libzephyr.a(log_output.c.obj)
 .text.out_func
                0x000000000000723a       0x36 zephyr/libzephyr.a(log_output.c.obj)
 .text.cr_out_func
                0x0000000000007270       0x1c zephyr/libzephyr.a(log_output.c.obj)
 .text.log_output_msg_process
                0x000000000000728c       0x6a zephyr/libzephyr.a(log_output.c.obj)
                0x000000000000728c                log_output_msg_process
 .text.format_set
                0x00000000000072f6        0xc zephyr/libzephyr.a(log_backend_uart.c.obj)
 .text.log_backend_uart_init
                0x0000000000007302        0xc zephyr/libzephyr.a(log_backend_uart.c.obj)
 .text.panic    0x000000000000730e       0x32 zephyr/libzephyr.a(log_backend_uart.c.obj)
 .text.dropped  0x0000000000007340        0xa zephyr/libzephyr.a(log_backend_uart.c.obj)
 .text.process  0x000000000000734a       0x1e zephyr/libzephyr.a(log_backend_uart.c.obj)
 .text.z_do_kernel_oops
                0x0000000000007368        0x8 zephyr/arch/arch/arm/core/libarch__arm__core.a(fatal.c.obj)
                0x0000000000007368                z_do_kernel_oops
 .text.z_arm_nmi
                0x0000000000007370        0xe zephyr/arch/arch/arm/core/libarch__arm__core.a(nmi.c.obj)
                0x0000000000007370                z_arm_nmi
 .text.z_log_msg_simple_create_0.constprop.0
                0x000000000000737e        0x8 zephyr/arch/arch/arm/core/cortex_m/libarch__arm__core__cortex_m.a(fault.c.obj)
 .text.z_irq_spurious
                0x0000000000007386        0x8 zephyr/arch/arch/arm/core/cortex_m/libarch__arm__core__cortex_m.a(irq_manage.c.obj)
                0x0000000000007386                z_irq_spurious
 .text.arch_irq_unlock_outlined
                0x000000000000738e        0xe zephyr/arch/arch/arm/core/cortex_m/libarch__arm__core__cortex_m.a(thread.c.obj)
                0x000000000000738e                arch_irq_unlock_outlined
 .text.arch_cpu_idle
                0x000000000000739c       0x1a zephyr/arch/arch/arm/core/cortex_m/libarch__arm__core__cortex_m.a(cpu_idle.c.obj)
                0x000000000000739c                arch_cpu_idle
 .text.arch_cpu_atomic_idle
                0x00000000000073b6       0x1e zephyr/arch/arch/arm/core/cortex_m/libarch__arm__core__cortex_m.a(cpu_idle.c.obj)
                0x00000000000073b6                arch_cpu_atomic_idle
 .text.size_to_mpu_rasr_size
                0x00000000000073d4       0x20 zephyr/arch/arch/arm/core/mpu/libarch__arm__core__mpu.a(arm_mpu.c.obj)
 .text.cbputc   0x00000000000073f4        0xc zephyr/lib/libc/picolibc/liblib__libc__picolibc.a(cbprintf.c.obj)
 .text.picolibc_put
                0x0000000000007400        0xa zephyr/lib/libc/picolibc/liblib__libc__picolibc.a(stdio.c.obj)
 .text.get_status
                0x000000000000740a       0x12 zephyr/drivers/clock_control/libdrivers__clock_control.a(clock_control_nrf.c.obj)
 .text.stop     0x000000000000741c       0x50 zephyr/drivers/clock_control/libdrivers__clock_control.a(clock_control_nrf.c.obj)
 .text.api_stop
                0x000000000000746c        0x6 zephyr/drivers/clock_control/libdrivers__clock_control.a(clock_control_nrf.c.obj)
 .text.async_start
                0x0000000000007472       0x5a zephyr/drivers/clock_control/libdrivers__clock_control.a(clock_control_nrf.c.obj)
 .text.api_start
                0x00000000000074cc        0xe zephyr/drivers/clock_control/libdrivers__clock_control.a(clock_control_nrf.c.obj)
 .text.onoff_started_callback
                0x00000000000074da       0x12 zephyr/drivers/clock_control/libdrivers__clock_control.a(clock_control_nrf.c.obj)
 .text.lfclk_start
                0x00000000000074ec        0x6 zephyr/drivers/clock_control/libdrivers__clock_control.a(clock_control_nrf.c.obj)
 .text.lfclk_stop
                0x00000000000074f2        0x6 zephyr/drivers/clock_control/libdrivers__clock_control.a(clock_control_nrf.c.obj)
 .text.blocking_start_callback
                0x00000000000074f8        0x6 zephyr/drivers/clock_control/libdrivers__clock_control.a(clock_control_nrf.c.obj)
 .text.gpio_nrfx_port_get_raw
                0x00000000000074fe        0xe zephyr/drivers/gpio/libdrivers__gpio.a(gpio_nrfx.c.obj)
 .text.gpio_nrfx_port_set_masked_raw
                0x000000000000750c       0x18 zephyr/drivers/gpio/libdrivers__gpio.a(gpio_nrfx.c.obj)
 .text.gpio_nrfx_port_set_bits_raw
                0x0000000000007524        0xc zephyr/drivers/gpio/libdrivers__gpio.a(gpio_nrfx.c.obj)
 .text.gpio_nrfx_port_clear_bits_raw
                0x0000000000007530        0xc zephyr/drivers/gpio/libdrivers__gpio.a(gpio_nrfx.c.obj)
 .text.gpio_nrfx_port_toggle_bits
                0x000000000000753c       0x1a zephyr/drivers/gpio/libdrivers__gpio.a(gpio_nrfx.c.obj)
 .text.gpio_nrfx_manage_callback
                0x0000000000007556       0x52 zephyr/drivers/gpio/libdrivers__gpio.a(gpio_nrfx.c.obj)
 .text.twi_0_init
                0x00000000000075a8       0x40 zephyr/drivers/i2c/libdrivers__i2c.a(i2c_nrfx_twi.c.obj)
 .text.pinctrl_lookup_state
                0x00000000000075e8       0x26 zephyr/drivers/pinctrl/libdrivers__pinctrl.a(common.c.obj)
                0x00000000000075e8                pinctrl_lookup_state
 .text.uarte_nrfx_err_check
                0x000000000000760e        0xe zephyr/drivers/serial/libdrivers__serial.a(uart_nrfx_uarte.c.obj)
 .text.uarte_nrfx_poll_in
                0x000000000000761c       0x26 zephyr/drivers/serial/libdrivers__serial.a(uart_nrfx_uarte.c.obj)
 .text.is_tx_ready.isra.0
                0x0000000000007642       0x20 zephyr/drivers/serial/libdrivers__serial.a(uart_nrfx_uarte.c.obj)
 .text.uarte_nrfx_isr_int
                0x0000000000007662       0x42 zephyr/drivers/serial/libdrivers__serial.a(uart_nrfx_uarte.c.obj)
 .text.event_clear
                0x00000000000076a4       0x18 zephyr/drivers/timer/libdrivers__timer.a(nrf_rtc_timer.c.obj)
 .text.sys_clock_cycle_get_32
                0x00000000000076bc        0x8 zephyr/drivers/timer/libdrivers__timer.a(nrf_rtc_timer.c.obj)
                0x00000000000076bc                sys_clock_cycle_get_32
 .text.nrfx_isr
                0x00000000000076c4        0x2 modules/hal_nordic/modules/hal_nordic/nrfx/libmodules__hal_nordic__nrfx.a(nrfx_glue.c.obj)
                0x00000000000076c4                nrfx_isr
 .text.nrfx_busy_wait
                0x00000000000076c6        0x4 modules/hal_nordic/modules/hal_nordic/nrfx/libmodules__hal_nordic__nrfx.a(nrfx_glue.c.obj)
                0x00000000000076c6                nrfx_busy_wait
 .text.nrfx_gppi_channel_endpoints_setup
                0x00000000000076ca       0x14 modules/hal_nordic/modules/hal_nordic/nrfx/libmodules__hal_nordic__nrfx.a(nrfx_gppi_ppi.c.obj)
                0x00000000000076ca                nrfx_gppi_channel_endpoints_setup
 .text.nrfx_gppi_channel_alloc
                0x00000000000076de        0x4 modules/hal_nordic/modules/hal_nordic/nrfx/libmodules__hal_nordic__nrfx.a(nrfx_gppi_ppi.c.obj)
                0x00000000000076de                nrfx_gppi_channel_alloc
 .text.clock_stop
                0x00000000000076e2       0xb0 modules/hal_nordic/modules/hal_nordic/nrfx/libmodules__hal_nordic__nrfx.a(nrfx_clock.c.obj)
 .text.nrfx_clock_stop
                0x0000000000007792        0x4 modules/hal_nordic/modules/hal_nordic/nrfx/libmodules__hal_nordic__nrfx.a(nrfx_clock.c.obj)
                0x0000000000007792                nrfx_clock_stop
 .text.nrf_gpio_reconfigure
                0x0000000000007796       0x92 modules/hal_nordic/modules/hal_nordic/nrfx/libmodules__hal_nordic__nrfx.a(nrfx_gpiote.c.obj)
 .text.nrf_gpio_cfg_sense_set
                0x0000000000007828       0x1e modules/hal_nordic/modules/hal_nordic/nrfx/libmodules__hal_nordic__nrfx.a(nrfx_gpiote.c.obj)
 .text.pin_trigger_disable
                0x0000000000007846       0x48 modules/hal_nordic/modules/hal_nordic/nrfx/libmodules__hal_nordic__nrfx.a(nrfx_gpiote.c.obj)
 .text.nrfx_gpiote_pin_uninit
                0x000000000000788e        0x4 modules/hal_nordic/modules/hal_nordic/nrfx/libmodules__hal_nordic__nrfx.a(nrfx_gpiote.c.obj)
                0x000000000000788e                nrfx_gpiote_pin_uninit
 .text.nrfx_gpiote_trigger_disable
                0x0000000000007892        0x4 modules/hal_nordic/modules/hal_nordic/nrfx/libmodules__hal_nordic__nrfx.a(nrfx_gpiote.c.obj)
                0x0000000000007892                nrfx_gpiote_trigger_disable
 .text.twi_transfer
                0x0000000000007896      0x130 modules/hal_nordic/modules/hal_nordic/nrfx/libmodules__hal_nordic__nrfx.a(nrfx_twi.c.obj)
 .text.nrf_gpio_pin_set
                0x00000000000079c6       0x1a modules/hal_nordic/modules/hal_nordic/nrfx/libmodules__hal_nordic__nrfx.a(nrfx_twi_twim.c.obj)
 .text.rtt_init
                0x00000000000079e0        0xa modules/segger/libmodules__segger.a(SEGGER_RTT_zephyr.c.obj)
 .text.zephyr_rtt_irq_lock
                0x00000000000079ea       0x10 modules/segger/libmodules__segger.a(SEGGER_RTT_zephyr.c.obj)
                0x00000000000079ea                zephyr_rtt_irq_lock
 .text.zephyr_rtt_irq_unlock
                0x00000000000079fa        0xa modules/segger/libmodules__segger.a(SEGGER_RTT_zephyr.c.obj)
                0x00000000000079fa                zephyr_rtt_irq_unlock
 .text.hal_check
                0x0000000000007a04       0x1a modules/npz2100/drivers/npz2100/libnpz2100.a(npz2100.c.obj)
 .text.npz2100_reg_write
                0x0000000000007a1e       0x22 modules/npz2100/drivers/npz2100/libnpz2100.a(npz2100.c.obj)
                0x0000000000007a1e                npz2100_reg_write
 .text.npz2100_reg_read
                0x0000000000007a40       0x22 modules/npz2100/drivers/npz2100/libnpz2100.a(npz2100.c.obj)
                0x0000000000007a40                npz2100_reg_read
 .text.npz2100_reg_burst_write
                0x0000000000007a62       0x3e modules/npz2100/drivers/npz2100/libnpz2100.a(npz2100.c.obj)
                0x0000000000007a62                npz2100_reg_burst_write
 .text.npz2100_reg_burst_read
                0x0000000000007aa0       0x26 modules/npz2100/drivers/npz2100/libnpz2100.a(npz2100.c.obj)
                0x0000000000007aa0                npz2100_reg_burst_read
 .text.shadow_field
                0x0000000000007ac6      0x136 modules/npz2100/drivers/npz2100/libnpz2100.a(npz2100_mid.c.obj)
 .text.shadow_periph_field
                0x0000000000007bfc       0xc2 modules/npz2100/drivers/npz2100/libnpz2100.a(npz2100_mid.c.obj)
 .text.map_walk
                0x0000000000007cbe       0x62 modules/npz2100/drivers/npz2100/libnpz2100.a(npz2100_mid.c.obj)
 .text.diff_visitor
                0x0000000000007d20       0x3e modules/npz2100/drivers/npz2100/libnpz2100.a(npz2100_mid.c.obj)
 .text.validate_visitor
                0x0000000000007d5e        0x4 modules/npz2100/drivers/npz2100/libnpz2100.a(npz2100_mid.c.obj)
 .text.apply_visitor
                0x0000000000007d62       0x3e modules/npz2100/drivers/npz2100/libnpz2100.a(npz2100_mid.c.obj)
 .text.npz2100_config_init_defaults
                0x0000000000007da0       0x36 modules/npz2100/drivers/npz2100/libnpz2100.a(npz2100_mid.c.obj)
                0x0000000000007da0                npz2100_config_init_defaults
 .text.npz2100_map_readback
                0x0000000000007dd6      0x394 modules/npz2100/drivers/npz2100/libnpz2100.a(npz2100_mid.c.obj)
                0x0000000000007dd6                npz2100_map_readback
 .text.npz2100_shadow_write_reg
                0x000000000000816a       0x2e modules/npz2100/drivers/npz2100/libnpz2100.a(npz2100_mid.c.obj)
                0x000000000000816a                npz2100_shadow_write_reg
 .text.npz2100_probe_ll
                0x0000000000008198       0x28 modules/npz2100/drivers/npz2100/libnpz2100.a(npz2100_mid.c.obj)
                0x0000000000008198                npz2100_probe_ll
 .text.npz2100_status_read
                0x00000000000081c0       0x38 modules/npz2100/drivers/npz2100/libnpz2100.a(npz2100_mid.c.obj)
                0x00000000000081c0                npz2100_status_read
 .text.npz2100_periph_read_value_ll
                0x00000000000081f8       0x58 modules/npz2100/drivers/npz2100/libnpz2100.a(npz2100_mid.c.obj)
                0x00000000000081f8                npz2100_periph_read_value_ll
 .text.npz2100_sram_write_ll
                0x0000000000008250       0x88 modules/npz2100/drivers/npz2100/libnpz2100.a(npz2100_mid.c.obj)
                0x0000000000008250                npz2100_sram_write_ll
 .text.npz2100_enter_idle_ll
                0x00000000000082d8       0x10 modules/npz2100/drivers/npz2100/libnpz2100.a(npz2100_mid.c.obj)
                0x00000000000082d8                npz2100_enter_idle_ll
 .text.z_log_msg_simple_create_0
                0x00000000000082e8        0x4 modules/npz2100/drivers/npz2100/libnpz2100.a(npz2100_zephyr.c.obj)
 .text.k_mutex_lock.constprop.0.isra.0
                0x00000000000082ec        0x4 modules/npz2100/drivers/npz2100/libnpz2100.a(npz2100_zephyr.c.obj)
 .text.k_mutex_unlock.isra.0
                0x00000000000082f0        0x4 modules/npz2100/drivers/npz2100/libnpz2100.a(npz2100_zephyr.c.obj)
 .text.npz2100_get_shadow
                0x00000000000082f4        0x8 modules/npz2100/drivers/npz2100/libnpz2100.a(npz2100_zephyr.c.obj)
                0x00000000000082f4                npz2100_get_shadow
 .text.npz2100_sram_write
                0x00000000000082fc       0x42 modules/npz2100/drivers/npz2100/libnpz2100.a(npz2100_zephyr.c.obj)
                0x00000000000082fc                npz2100_sram_write
 .text.npz2100_periph_read_value
                0x000000000000833e       0x44 modules/npz2100/drivers/npz2100/libnpz2100.a(npz2100_zephyr.c.obj)
                0x000000000000833e                npz2100_periph_read_value
 .text.z_impl_k_busy_wait
                0x0000000000008382        0x8 zephyr/kernel/libkernel.a(busy_wait.c.obj)
                0x0000000000008382                z_impl_k_busy_wait
 .text.z_device_state_init
                0x000000000000838a        0x2 zephyr/kernel/libkernel.a(device.c.obj)
                0x000000000000838a                z_device_state_init
 .text.z_impl_device_is_ready
                0x000000000000838c       0x16 zephyr/kernel/libkernel.a(device.c.obj)
                0x000000000000838c                z_impl_device_is_ready
 .text.arch_system_halt
                0x00000000000083a2       0x10 zephyr/kernel/libkernel.a(fatal.c.obj)
                0x00000000000083a2                arch_system_halt
 .text.do_device_init
                0x00000000000083b2       0x30 zephyr/kernel/libkernel.a(init.c.obj)
 .text.z_early_memset
                0x00000000000083e2        0x4 zephyr/kernel/libkernel.a(init.c.obj)
                0x00000000000083e2                z_early_memset
 .text.z_early_memcpy
                0x00000000000083e6        0x4 zephyr/kernel/libkernel.a(init.c.obj)
                0x00000000000083e6                z_early_memcpy
 .text.z_init_static
                0x00000000000083ea        0x2 zephyr/kernel/libkernel.a(init_static.c.obj)
                0x00000000000083ea                z_init_static
 .text.idle     0x00000000000083ec       0x16 zephyr/kernel/libkernel.a(idle.c.obj)
                0x00000000000083ec                idle
 .text.adjust_owner_prio.isra.0
                0x0000000000008402       0x10 zephyr/kernel/libkernel.a(mutex.c.obj)
 .text.z_impl_k_mutex_init
                0x0000000000008412        0xe zephyr/kernel/libkernel.a(mutex.c.obj)
                0x0000000000008412                z_impl_k_mutex_init
 .text.z_impl_k_sem_init
                0x0000000000008420       0x18 zephyr/kernel/libkernel.a(sem.c.obj)
                0x0000000000008420                z_impl_k_sem_init
 .text.k_is_in_isr
                0x0000000000008438        0xc zephyr/kernel/libkernel.a(thread.c.obj)
                0x0000000000008438                k_is_in_isr
 .text.k_thread_name_get
                0x0000000000008444        0x4 zephyr/kernel/libkernel.a(thread.c.obj)
                0x0000000000008444                k_thread_name_get
 .text.sys_dlist_remove
                0x0000000000008448       0x10 zephyr/kernel/libkernel.a(sched.c.obj)
 .text.unpend_thread_no_timeout
                0x0000000000008458       0x14 zephyr/kernel/libkernel.a(sched.c.obj)
 .text.add_to_waitq_locked
                0x000000000000846c       0x50 zephyr/kernel/libkernel.a(sched.c.obj)
 .text.z_ready_thread
                0x00000000000084bc       0x1e zephyr/kernel/libkernel.a(sched.c.obj)
                0x00000000000084bc                z_ready_thread
 .text.z_unpend_thread_no_timeout
                0x00000000000084da       0x22 zephyr/kernel/libkernel.a(sched.c.obj)
                0x00000000000084da                z_unpend_thread_no_timeout
 .text.z_sched_wake_thread
                0x00000000000084fc       0x3a zephyr/kernel/libkernel.a(sched.c.obj)
                0x00000000000084fc                z_sched_wake_thread
 .text.z_thread_timeout
                0x0000000000008536        0x8 zephyr/kernel/libkernel.a(sched.c.obj)
                0x0000000000008536                z_thread_timeout
 .text.z_unpend1_no_timeout
                0x000000000000853e       0x2c zephyr/kernel/libkernel.a(sched.c.obj)
                0x000000000000853e                z_unpend1_no_timeout
 .text.z_impl_k_sleep
                0x000000000000856a       0x32 zephyr/kernel/libkernel.a(sched.c.obj)
                0x000000000000856a                z_impl_k_sleep
 .text.next_timeout
                0x000000000000859c       0x32 zephyr/kernel/libkernel.a(timeout.c.obj)
 .text.z_abort_timeout
                0x00000000000085ce       0x42 zephyr/kernel/libkernel.a(timeout.c.obj)
                0x00000000000085ce                z_abort_timeout
 .text.sys_clock_tick_get_32
                0x0000000000008610        0x8 zephyr/kernel/libkernel.a(timeout.c.obj)
                0x0000000000008610                sys_clock_tick_get_32
 .text.z_impl_k_uptime_ticks
                0x0000000000008618        0x4 zephyr/kernel/libkernel.a(timeout.c.obj)
                0x0000000000008618                z_impl_k_uptime_ticks
 .text.k_timer_init
                0x000000000000861c       0x18 zephyr/kernel/libkernel.a(timer.c.obj)
                0x000000000000861c                k_timer_init
 .text.z_impl_k_timer_stop
                0x0000000000008634       0x38 zephyr/kernel/libkernel.a(timer.c.obj)
                0x0000000000008634                z_impl_k_timer_stop
 .text.memcpy   0x000000000000866c       0x1c c:\ncs\toolchains\b8b84efebd\opt\zephyr-sdk\arm-zephyr-eabi\bin\../lib/gcc/../../picolibc/arm-zephyr-eabi/lib/thumb/v7e-m/nofp\libc.a(memcpy.c.o)
                0x000000000000866c                __aeabi_memcpy
                0x000000000000866c                __aeabi_memcpy4
                0x000000000000866c                __aeabi_memcpy8
                0x000000000000866c                memcpy
 .text.memset   0x0000000000008688       0x10 c:\ncs\toolchains\b8b84efebd\opt\zephyr-sdk\arm-zephyr-eabi\bin\../lib/gcc/../../picolibc/arm-zephyr-eabi/lib/thumb/v7e-m/nofp\libc.a(memset.c.o)
                0x0000000000008688                memset
 .text.strncpy  0x0000000000008698       0x20 c:\ncs\toolchains\b8b84efebd\opt\zephyr-sdk\arm-zephyr-eabi\bin\../lib/gcc/../../picolibc/arm-zephyr-eabi/lib/thumb/v7e-m/nofp\libc.a(libc_string_strncpy.c.o)
                0x0000000000008698                strncpy
 .text.strnlen  0x00000000000086b8       0x18 c:\ncs\toolchains\b8b84efebd\opt\zephyr-sdk\arm-zephyr-eabi\bin\../lib/gcc/../../picolibc/arm-zephyr-eabi/lib/thumb/v7e-m/nofp\libc.a(libc_string_strnlen.c.o)
                0x00000000000086b8                strnlen
 .text.__ultoa_invert
                0x00000000000086d0       0xae c:\ncs\toolchains\b8b84efebd\opt\zephyr-sdk\arm-zephyr-eabi\bin\../lib/gcc/../../picolibc/arm-zephyr-eabi/lib/thumb/v7e-m/nofp\libc.a(libc_tinystdio_vflprintf.c.o)
 .text.__file_str_put
                0x000000000000877e       0x10 c:\ncs\toolchains\b8b84efebd\opt\zephyr-sdk\arm-zephyr-eabi\bin\../lib/gcc/../../picolibc/arm-zephyr-eabi/lib/thumb/v7e-m/nofp\libc.a(libc_tinystdio_filestrput.c.o)
                0x000000000000877e                __file_str_put
 *(SORT_BY_ALIGNMENT(.TEXT.*))
 *fill*         0x000000000000878e        0x2 
 .TEXT.__aeabi_read_tp
                0x0000000000008790        0xc zephyr/arch/arch/arm/core/cortex_m/libarch__arm__core__cortex_m.a(__aeabi_read_tp.S.obj)
                0x0000000000008790                __aeabi_read_tp
 *(SORT_BY_ALIGNMENT(.gnu.linkonce.t.*))
 *(SORT_BY_ALIGNMENT(.glue_7t))
 .glue_7t       0x000000000000879c        0x0 linker stubs
 *(SORT_BY_ALIGNMENT(.glue_7))
 .glue_7        0x000000000000879c        0x0 linker stubs
 *(SORT_BY_ALIGNMENT(.vfp11_veneer))
 .vfp11_veneer  0x000000000000879c        0x0 linker stubs
 *(SORT_BY_ALIGNMENT(.v4_bx))
 .v4_bx         0x000000000000879c        0x0 linker stubs
                0x000000000000879c                . = ALIGN (0x4)
                0x000000000000879c                __text_region_end = .

.ARM.exidx      0x000000000000879c        0x8
                0x000000000000879c                __exidx_start = .
 *(SORT_BY_ALIGNMENT(.ARM.exidx*) SORT_BY_ALIGNMENT(gnu.linkonce.armexidx.*))
 .ARM.exidx     0x000000000000879c        0x8 c:\ncs\toolchains\b8b84efebd\opt\zephyr-sdk\arm-zephyr-eabi\bin\../lib/gcc/../../picolibc/arm-zephyr-eabi/lib/thumb/v7e-m/nofp\libc.a(strlen.S.o)
                0x00000000000087a4                __exidx_end = .
                0x00000000000087a4                __rodata_region_start = .

initlevel       0x00000000000087a4       0x60
                0x00000000000087a4                __init_start = .
                0x00000000000087a4                __init_EARLY_start = .
 *(SORT_BY_NAME(SORT_BY_ALIGNMENT(.z_init_EARLY?_*)))
 *(SORT_BY_NAME(SORT_BY_ALIGNMENT(.z_init_EARLY??_*)))
                0x00000000000087a4                __init_PRE_KERNEL_1_start = .
 *(SORT_BY_NAME(SORT_BY_ALIGNMENT(.z_init_PRE_KERNEL_1?_*)))
 .z_init_PRE_KERNEL_10_0_
                0x00000000000087a4        0x8 zephyr/soc/soc/nrf52833/libsoc__nordic.a(soc.c.obj)
 *(SORT_BY_NAME(SORT_BY_ALIGNMENT(.z_init_PRE_KERNEL_1??_*)))
 .z_init_PRE_KERNEL_130_00065_
                0x00000000000087ac        0x8 zephyr/drivers/clock_control/libdrivers__clock_control.a(clock_control_nrf.c.obj)
 .z_init_PRE_KERNEL_130_0_
                0x00000000000087b4        0x8 modules/segger/libmodules__segger.a(SEGGER_RTT_zephyr.c.obj)
 .z_init_PRE_KERNEL_140_00010_
                0x00000000000087bc        0x8 zephyr/drivers/gpio/libdrivers__gpio.a(gpio_nrfx.c.obj)
 .z_init_PRE_KERNEL_140_00075_
                0x00000000000087c4        0x8 zephyr/drivers/gpio/libdrivers__gpio.a(gpio_nrfx.c.obj)
 .z_init_PRE_KERNEL_150_00101_
                0x00000000000087cc        0x8 zephyr/drivers/serial/libdrivers__serial.a(uart_nrfx_uarte.c.obj)
 .z_init_PRE_KERNEL_160_0_
                0x00000000000087d4        0x8 zephyr/drivers/console/libdrivers__console.a(uart_console.c.obj)
                0x00000000000087dc                __init_PRE_KERNEL_2_start = .
 *(SORT_BY_NAME(SORT_BY_ALIGNMENT(.z_init_PRE_KERNEL_2?_*)))
 .z_init_PRE_KERNEL_20_0_
                0x00000000000087dc        0x8 zephyr/drivers/timer/libdrivers__timer.a(nrf_rtc_timer.c.obj)
 *(SORT_BY_NAME(SORT_BY_ALIGNMENT(.z_init_PRE_KERNEL_2??_*)))
                0x00000000000087e4                __init_POST_KERNEL_start = .
 *(SORT_BY_NAME(SORT_BY_ALIGNMENT(.z_init_POST_KERNEL?_*)))
 .z_init_POST_KERNEL0_0_
                0x00000000000087e4        0x8 zephyr/libzephyr.a(log_core.c.obj)
 *(SORT_BY_NAME(SORT_BY_ALIGNMENT(.z_init_POST_KERNEL??_*)))
 .z_init_POST_KERNEL35_0_
                0x00000000000087ec        0x8 zephyr/lib/libc/common/liblib__libc__common.a(malloc.c.obj)
 .z_init_POST_KERNEL50_00113_
                0x00000000000087f4        0x8 zephyr/drivers/i2c/libdrivers__i2c.a(i2c_nrfx_twi.c.obj)
 .z_init_POST_KERNEL80_00114_
                0x00000000000087fc        0x8 modules/npz2100/drivers/npz2100/libnpz2100.a(npz2100_zephyr.c.obj)
                0x0000000000008804                __init_APPLICATION_start = .
 *(SORT_BY_NAME(SORT_BY_ALIGNMENT(.z_init_APPLICATION?_*)))
 *(SORT_BY_NAME(SORT_BY_ALIGNMENT(.z_init_APPLICATION??_*)))
                0x0000000000008804                __init_SMP_start = .
 *(SORT_BY_NAME(SORT_BY_ALIGNMENT(.z_init_SMP?_*)))
 *(SORT_BY_NAME(SORT_BY_ALIGNMENT(.z_init_SMP??_*)))
                0x0000000000008804                __init_end = .
                0x0000000000008804                __deferred_init_list_start = .
 *(SORT_BY_ALIGNMENT(.z_deferred_init*))
                0x0000000000008804                __deferred_init_list_end = .

device_area     0x0000000000008804       0x78
                0x0000000000008804                _device_list_start = .
 *(SORT_BY_NAME(SORT_BY_ALIGNMENT(._device.static.*_?_*)))
 *(SORT_BY_NAME(SORT_BY_ALIGNMENT(._device.static.*_??_*)))
 ._device.static.1_30_
                0x0000000000008804       0x14 zephyr/drivers/clock_control/libdrivers__clock_control.a(clock_control_nrf.c.obj)
                0x0000000000008804                __device_dts_ord_65
 ._device.static.1_40_
                0x0000000000008818       0x28 zephyr/drivers/gpio/libdrivers__gpio.a(gpio_nrfx.c.obj)
                0x0000000000008818                __device_dts_ord_75
                0x000000000000882c                __device_dts_ord_10
 ._device.static.1_50_
                0x0000000000008840       0x14 zephyr/drivers/serial/libdrivers__serial.a(uart_nrfx_uarte.c.obj)
                0x0000000000008840                __device_dts_ord_101
 ._device.static.3_50_
                0x0000000000008854       0x14 zephyr/drivers/i2c/libdrivers__i2c.a(i2c_nrfx_twi.c.obj)
                0x0000000000008854                __device_dts_ord_113
 ._device.static.3_80_
                0x0000000000008868       0x14 modules/npz2100/drivers/npz2100/libnpz2100.a(npz2100_zephyr.c.obj)
                0x0000000000008868                __device_dts_ord_114
                0x000000000000887c                _device_list_end = .

sw_isr_table    0x000000000000887c      0x180
                0x000000000000887c                . = ALIGN (0x4)
 *(SORT_BY_ALIGNMENT(.gnu.linkonce.sw_isr_table*))
 .gnu.linkonce.sw_isr_table
                0x000000000000887c      0x180 zephyr/arch/common/libisr_tables.a(isr_tables.c.obj)
                0x000000000000887c                _sw_isr_table

initlevel_error
                0x00000000000087a4        0x0
 *(SORT_BY_NAME(SORT_BY_ALIGNMENT(.z_init_[_A-Z0-9]*)))
                0x0000000000000001                ASSERT ((SIZEOF (initlevel_error) == 0x0), Undefined initialization levels used.)

app_shmem_regions
                0x00000000000089fc        0x0
                0x00000000000089fc                __app_shmem_regions_start = .
 *(SORT_BY_NAME(SORT_BY_ALIGNMENT(.app_regions.*)))
                0x00000000000089fc                __app_shmem_regions_end = .

k_p4wq_initparam_area
                0x00000000000089fc        0x0
                0x00000000000089fc                _k_p4wq_initparam_list_start = .
 *(SORT_BY_NAME(SORT_BY_ALIGNMENT(._k_p4wq_initparam.static.*)))
                0x00000000000089fc                _k_p4wq_initparam_list_end = .

_static_thread_data_area
                0x00000000000089fc        0x0
                0x00000000000089fc                __static_thread_data_list_start = .
 *(SORT_BY_NAME(SORT_BY_ALIGNMENT(.__static_thread_data.static.*)))
                0x00000000000089fc                __static_thread_data_list_end = .

device_deps     0x00000000000089fc        0x0
                0x00000000000089fc                __device_deps_start = .
 *(SORT_BY_NAME(SORT_BY_ALIGNMENT(.__device_deps_pass2*)))
                0x00000000000089fc                __device_deps_end = .

gpio_driver_api_area
                0x00000000000089fc       0x24
                0x00000000000089fc                _gpio_driver_api_list_start = .
 *(SORT_BY_NAME(SORT_BY_ALIGNMENT(._gpio_driver_api.static.*)))
 ._gpio_driver_api.static.gpio_nrfx_drv_api_funcs_
                0x00000000000089fc       0x24 zephyr/drivers/gpio/libdrivers__gpio.a(gpio_nrfx.c.obj)
                0x0000000000008a20                _gpio_driver_api_list_end = .

i2c_driver_api_area
                0x0000000000008a20       0x18
                0x0000000000008a20                _i2c_driver_api_list_start = .
 *(SORT_BY_NAME(SORT_BY_ALIGNMENT(._i2c_driver_api.static.*)))
 ._i2c_driver_api.static.i2c_nrfx_twi_driver_api_
                0x0000000000008a20       0x18 zephyr/drivers/i2c/libdrivers__i2c.a(i2c_nrfx_twi.c.obj)
                0x0000000000008a38                _i2c_driver_api_list_end = .

i2c_target_driver_api_area
                0x0000000000008a38        0x0
                0x0000000000008a38                _i2c_target_driver_api_list_start = .
 *(SORT_BY_NAME(SORT_BY_ALIGNMENT(._i2c_target_driver_api.static.*)))
                0x0000000000008a38                _i2c_target_driver_api_list_end = .

shared_irq_driver_api_area
                0x0000000000008a38        0x0
                0x0000000000008a38                _shared_irq_driver_api_list_start = .
 *(SORT_BY_NAME(SORT_BY_ALIGNMENT(._shared_irq_driver_api.static.*)))
                0x0000000000008a38                _shared_irq_driver_api_list_end = .

crypto_driver_api_area
                0x0000000000008a38        0x0
                0x0000000000008a38                _crypto_driver_api_list_start = .
 *(SORT_BY_NAME(SORT_BY_ALIGNMENT(._crypto_driver_api.static.*)))
                0x0000000000008a38                _crypto_driver_api_list_end = .

adc_driver_api_area
                0x0000000000008a38        0x0
                0x0000000000008a38                _adc_driver_api_list_start = .
 *(SORT_BY_NAME(SORT_BY_ALIGNMENT(._adc_driver_api.static.*)))
                0x0000000000008a38                _adc_driver_api_list_end = .

auxdisplay_driver_api_area
                0x0000000000008a38        0x0
                0x0000000000008a38                _auxdisplay_driver_api_list_start = .
 *(SORT_BY_NAME(SORT_BY_ALIGNMENT(._auxdisplay_driver_api.static.*)))
                0x0000000000008a38                _auxdisplay_driver_api_list_end = .

bbram_driver_api_area
                0x0000000000008a38        0x0
                0x0000000000008a38                _bbram_driver_api_list_start = .
 *(SORT_BY_NAME(SORT_BY_ALIGNMENT(._bbram_driver_api.static.*)))
                0x0000000000008a38                _bbram_driver_api_list_end = .

bt_hci_driver_api_area
                0x0000000000008a38        0x0
                0x0000000000008a38                _bt_hci_driver_api_list_start = .
 *(SORT_BY_NAME(SORT_BY_ALIGNMENT(._bt_hci_driver_api.static.*)))
                0x0000000000008a38                _bt_hci_driver_api_list_end = .

can_driver_api_area
                0x0000000000008a38        0x0
                0x0000000000008a38                _can_driver_api_list_start = .
 *(SORT_BY_NAME(SORT_BY_ALIGNMENT(._can_driver_api.static.*)))
                0x0000000000008a38                _can_driver_api_list_end = .

cellular_driver_api_area
                0x0000000000008a38        0x0
                0x0000000000008a38                _cellular_driver_api_list_start = .
 *(SORT_BY_NAME(SORT_BY_ALIGNMENT(._cellular_driver_api.static.*)))
                0x0000000000008a38                _cellular_driver_api_list_end = .

charger_driver_api_area
                0x0000000000008a38        0x0
                0x0000000000008a38                _charger_driver_api_list_start = .
 *(SORT_BY_NAME(SORT_BY_ALIGNMENT(._charger_driver_api.static.*)))
                0x0000000000008a38                _charger_driver_api_list_end = .

clock_control_driver_api_area
                0x0000000000008a38       0x1c
                0x0000000000008a38                _clock_control_driver_api_list_start = .
 *(SORT_BY_NAME(SORT_BY_ALIGNMENT(._clock_control_driver_api.static.*)))
 ._clock_control_driver_api.static.clock_control_api_
                0x0000000000008a38       0x1c zephyr/drivers/clock_control/libdrivers__clock_control.a(clock_control_nrf.c.obj)
                0x0000000000008a54                _clock_control_driver_api_list_end = .

comparator_driver_api_area
                0x0000000000008a54        0x0
                0x0000000000008a54                _comparator_driver_api_list_start = .
 *(SORT_BY_NAME(SORT_BY_ALIGNMENT(._comparator_driver_api.static.*)))
                0x0000000000008a54                _comparator_driver_api_list_end = .

coredump_driver_api_area
                0x0000000000008a54        0x0
                0x0000000000008a54                _coredump_driver_api_list_start = .
 *(SORT_BY_NAME(SORT_BY_ALIGNMENT(._coredump_driver_api.static.*)))
                0x0000000000008a54                _coredump_driver_api_list_end = .

counter_driver_api_area
                0x0000000000008a54        0x0
                0x0000000000008a54                _counter_driver_api_list_start = .
 *(SORT_BY_NAME(SORT_BY_ALIGNMENT(._counter_driver_api.static.*)))
                0x0000000000008a54                _counter_driver_api_list_end = .

dac_driver_api_area
                0x0000000000008a54        0x0
                0x0000000000008a54                _dac_driver_api_list_start = .
 *(SORT_BY_NAME(SORT_BY_ALIGNMENT(._dac_driver_api.static.*)))
                0x0000000000008a54                _dac_driver_api_list_end = .

dai_driver_api_area
                0x0000000000008a54        0x0
                0x0000000000008a54                _dai_driver_api_list_start = .
 *(SORT_BY_NAME(SORT_BY_ALIGNMENT(._dai_driver_api.static.*)))
                0x0000000000008a54                _dai_driver_api_list_end = .

display_driver_api_area
                0x0000000000008a54        0x0
                0x0000000000008a54                _display_driver_api_list_start = .
 *(SORT_BY_NAME(SORT_BY_ALIGNMENT(._display_driver_api.static.*)))
                0x0000000000008a54                _display_driver_api_list_end = .

dma_driver_api_area
                0x0000000000008a54        0x0
                0x0000000000008a54                _dma_driver_api_list_start = .
 *(SORT_BY_NAME(SORT_BY_ALIGNMENT(._dma_driver_api.static.*)))
                0x0000000000008a54                _dma_driver_api_list_end = .

edac_driver_api_area
                0x0000000000008a54        0x0
                0x0000000000008a54                _edac_driver_api_list_start = .
 *(SORT_BY_NAME(SORT_BY_ALIGNMENT(._edac_driver_api.static.*)))
                0x0000000000008a54                _edac_driver_api_list_end = .

eeprom_driver_api_area
                0x0000000000008a54        0x0
                0x0000000000008a54                _eeprom_driver_api_list_start = .
 *(SORT_BY_NAME(SORT_BY_ALIGNMENT(._eeprom_driver_api.static.*)))
                0x0000000000008a54                _eeprom_driver_api_list_end = .

emul_bbram_driver_api_area
                0x0000000000008a54        0x0
                0x0000000000008a54                _emul_bbram_driver_api_list_start = .
 *(SORT_BY_NAME(SORT_BY_ALIGNMENT(._emul_bbram_driver_api.static.*)))
                0x0000000000008a54                _emul_bbram_driver_api_list_end = .

fuel_gauge_emul_driver_api_area
                0x0000000000008a54        0x0
                0x0000000000008a54                _fuel_gauge_emul_driver_api_list_start = .
 *(SORT_BY_NAME(SORT_BY_ALIGNMENT(._fuel_gauge_emul_driver_api.static.*)))
                0x0000000000008a54                _fuel_gauge_emul_driver_api_list_end = .

emul_sensor_driver_api_area
                0x0000000000008a54        0x0
                0x0000000000008a54                _emul_sensor_driver_api_list_start = .
 *(SORT_BY_NAME(SORT_BY_ALIGNMENT(._emul_sensor_driver_api.static.*)))
                0x0000000000008a54                _emul_sensor_driver_api_list_end = .

entropy_driver_api_area
                0x0000000000008a54        0x0
                0x0000000000008a54                _entropy_driver_api_list_start = .
 *(SORT_BY_NAME(SORT_BY_ALIGNMENT(._entropy_driver_api.static.*)))
                0x0000000000008a54                _entropy_driver_api_list_end = .

espi_driver_api_area
                0x0000000000008a54        0x0
                0x0000000000008a54                _espi_driver_api_list_start = .
 *(SORT_BY_NAME(SORT_BY_ALIGNMENT(._espi_driver_api.static.*)))
                0x0000000000008a54                _espi_driver_api_list_end = .

espi_saf_driver_api_area
                0x0000000000008a54        0x0
                0x0000000000008a54                _espi_saf_driver_api_list_start = .
 *(SORT_BY_NAME(SORT_BY_ALIGNMENT(._espi_saf_driver_api.static.*)))
                0x0000000000008a54                _espi_saf_driver_api_list_end = .

flash_driver_api_area
                0x0000000000008a54        0x0
                0x0000000000008a54                _flash_driver_api_list_start = .
 *(SORT_BY_NAME(SORT_BY_ALIGNMENT(._flash_driver_api.static.*)))
                0x0000000000008a54                _flash_driver_api_list_end = .

fpga_driver_api_area
                0x0000000000008a54        0x0
                0x0000000000008a54                _fpga_driver_api_list_start = .
 *(SORT_BY_NAME(SORT_BY_ALIGNMENT(._fpga_driver_api.static.*)))
                0x0000000000008a54                _fpga_driver_api_list_end = .

fuel_gauge_driver_api_area
                0x0000000000008a54        0x0
                0x0000000000008a54                _fuel_gauge_driver_api_list_start = .
 *(SORT_BY_NAME(SORT_BY_ALIGNMENT(._fuel_gauge_driver_api.static.*)))
                0x0000000000008a54                _fuel_gauge_driver_api_list_end = .

gnss_driver_api_area
                0x0000000000008a54        0x0
                0x0000000000008a54                _gnss_driver_api_list_start = .
 *(SORT_BY_NAME(SORT_BY_ALIGNMENT(._gnss_driver_api.static.*)))
                0x0000000000008a54                _gnss_driver_api_list_end = .

haptics_driver_api_area
                0x0000000000008a54        0x0
                0x0000000000008a54                _haptics_driver_api_list_start = .
 *(SORT_BY_NAME(SORT_BY_ALIGNMENT(._haptics_driver_api.static.*)))
                0x0000000000008a54                _haptics_driver_api_list_end = .

hwspinlock_driver_api_area
                0x0000000000008a54        0x0
                0x0000000000008a54                _hwspinlock_driver_api_list_start = .
 *(SORT_BY_NAME(SORT_BY_ALIGNMENT(._hwspinlock_driver_api.static.*)))
                0x0000000000008a54                _hwspinlock_driver_api_list_end = .

i2s_driver_api_area
                0x0000000000008a54        0x0
                0x0000000000008a54                _i2s_driver_api_list_start = .
 *(SORT_BY_NAME(SORT_BY_ALIGNMENT(._i2s_driver_api.static.*)))
                0x0000000000008a54                _i2s_driver_api_list_end = .

i3c_driver_api_area
                0x0000000000008a54        0x0
                0x0000000000008a54                _i3c_driver_api_list_start = .
 *(SORT_BY_NAME(SORT_BY_ALIGNMENT(._i3c_driver_api.static.*)))
                0x0000000000008a54                _i3c_driver_api_list_end = .

ipm_driver_api_area
                0x0000000000008a54        0x0
                0x0000000000008a54                _ipm_driver_api_list_start = .
 *(SORT_BY_NAME(SORT_BY_ALIGNMENT(._ipm_driver_api.static.*)))
                0x0000000000008a54                _ipm_driver_api_list_end = .

kscan_driver_api_area
                0x0000000000008a54        0x0
                0x0000000000008a54                _kscan_driver_api_list_start = .
 *(SORT_BY_NAME(SORT_BY_ALIGNMENT(._kscan_driver_api.static.*)))
                0x0000000000008a54                _kscan_driver_api_list_end = .

led_driver_api_area
                0x0000000000008a54        0x0
                0x0000000000008a54                _led_driver_api_list_start = .
 *(SORT_BY_NAME(SORT_BY_ALIGNMENT(._led_driver_api.static.*)))
                0x0000000000008a54                _led_driver_api_list_end = .

led_strip_driver_api_area
                0x0000000000008a54        0x0
                0x0000000000008a54                _led_strip_driver_api_list_start = .
 *(SORT_BY_NAME(SORT_BY_ALIGNMENT(._led_strip_driver_api.static.*)))
                0x0000000000008a54                _led_strip_driver_api_list_end = .

lora_driver_api_area
                0x0000000000008a54        0x0
                0x0000000000008a54                _lora_driver_api_list_start = .
 *(SORT_BY_NAME(SORT_BY_ALIGNMENT(._lora_driver_api.static.*)))
                0x0000000000008a54                _lora_driver_api_list_end = .

mbox_driver_api_area
                0x0000000000008a54        0x0
                0x0000000000008a54                _mbox_driver_api_list_start = .
 *(SORT_BY_NAME(SORT_BY_ALIGNMENT(._mbox_driver_api.static.*)))
                0x0000000000008a54                _mbox_driver_api_list_end = .

mdio_driver_api_area
                0x0000000000008a54        0x0
                0x0000000000008a54                _mdio_driver_api_list_start = .
 *(SORT_BY_NAME(SORT_BY_ALIGNMENT(._mdio_driver_api.static.*)))
                0x0000000000008a54                _mdio_driver_api_list_end = .

mipi_dbi_driver_api_area
                0x0000000000008a54        0x0
                0x0000000000008a54                _mipi_dbi_driver_api_list_start = .
 *(SORT_BY_NAME(SORT_BY_ALIGNMENT(._mipi_dbi_driver_api.static.*)))
                0x0000000000008a54                _mipi_dbi_driver_api_list_end = .

mipi_dsi_driver_api_area
                0x0000000000008a54        0x0
                0x0000000000008a54                _mipi_dsi_driver_api_list_start = .
 *(SORT_BY_NAME(SORT_BY_ALIGNMENT(._mipi_dsi_driver_api.static.*)))
                0x0000000000008a54                _mipi_dsi_driver_api_list_end = .

mspi_driver_api_area
                0x0000000000008a54        0x0
                0x0000000000008a54                _mspi_driver_api_list_start = .
 *(SORT_BY_NAME(SORT_BY_ALIGNMENT(._mspi_driver_api.static.*)))
                0x0000000000008a54                _mspi_driver_api_list_end = .

peci_driver_api_area
                0x0000000000008a54        0x0